IMPORTS FINISHED!
Duration of Shadow Generation: 116379.42.
Duration of Shadow Generation per circuit: 27.24.
✓ Combined data saved: 4273 rows, 286 columns
df_train_ws:       XIIIIIII  YIIIIIII  ZIIIIIII  ...  shear_0_3km  ef_binary  ef_class
0     0.998553  0.997568  1.000000  ...    24.270638          1         2
1     0.998553  0.997566  1.000000  ...    26.131762          0         1
2     0.998553  0.997566  1.000000  ...    25.557505          0         1
3     0.998535  0.997564  1.000000  ...    26.414716          1         3
4     0.996382  0.998290  0.734731  ...    30.269056          1         3
...        ...       ...       ...  ...          ...        ...       ...
2986  0.998549  0.997568  0.999996  ...    27.072941          1         3
2987  0.998336  0.997688  0.999689  ...    22.484644          1         2
2988  0.998555  0.997568  1.000000  ...    19.731747          0         0
2989  0.998557  0.997574  1.000000  ...    17.500224          1         2
2990  0.998553  0.997566  1.000000  ...    18.967575          0         1

[2991 rows x 286 columns]
X_train_ws       XIIIIIII  YIIIIIII  ZIIIIIII  ...  surface_pressure  shear_0_1km  shear_0_3km
0     0.998553  0.997568  1.000000  ...          0.921876     0.689097     0.541945
1     0.998553  0.997566  1.000000  ...          0.879393     0.455556     0.584427
2     0.998553  0.997566  1.000000  ...          0.793062     0.497984     0.571319
3     0.998535  0.997564  1.000000  ...          0.896522     0.506315     0.590886
4     0.996382  0.998290  0.734731  ...          0.891682     0.641660     0.678866
...        ...       ...       ...  ...               ...          ...          ...
5065  0.998553  0.997566  1.000000  ...          0.872168     0.297060     0.458079
5066  0.995827  0.998622  0.707778  ...          0.910923     0.520018     0.535518
5067  0.998552  0.997566  1.000000  ...          0.868903     0.372943     0.260153
5068  0.998542  0.997581  0.999814  ...          0.891272     0.483942     0.397677
5069  0.998553  0.997566  1.000000  ...          0.914270     0.450729     0.364610

[5070 rows x 284 columns]
train_data_ws <tornadoq.preprocessing.ClassificationDataset object at 0x14e9d59fb2e0>
79
10
10
79
10
10

Number of training samples: 5070
Number of validation samples: 641
Number of test samples: 641

Number of training samples: 5070
Number of validation samples: 641
Number of test samples: 641
<class 'tornadoq.models.BinaryDNN'>
torch.Size([64, 1])
torch.Size([64, 1])
torch.Size([64, 1])
torch.Size([64, 1])
torch.Size([64, 1])
torch.Size([64, 1])
torch.Size([64, 1])
torch.Size([64, 1])
torch.Size([64, 1])
torch.Size([64, 1])
torch.Size([64, 1])
torch.Size([64, 1])
torch.Size([64, 1])
torch.Size([64, 1])
torch.Size([64, 1])
torch.Size([64, 1])
torch.Size([64, 1])
torch.Size([64, 1])
torch.Size([64, 1])
torch.Size([64, 1])
torch.Size([64, 1])
torch.Size([64, 1])
torch.Size([64, 1])
torch.Size([64, 1])
torch.Size([64, 1])
torch.Size([64, 1])
torch.Size([64, 1])
torch.Size([64, 1])
torch.Size([64, 1])
torch.Size([64, 1])
torch.Size([64, 1])
torch.Size([64, 1])
torch.Size([64, 1])
torch.Size([64, 1])
torch.Size([64, 1])
torch.Size([64, 1])
torch.Size([64, 1])
torch.Size([64, 1])
torch.Size([64, 1])
torch.Size([64, 1])
torch.Size([64, 1])
torch.Size([64, 1])
torch.Size([64, 1])
torch.Size([64, 1])
torch.Size([64, 1])
torch.Size([64, 1])
torch.Size([64, 1])
torch.Size([64, 1])
torch.Size([64, 1])
torch.Size([64, 1])
torch.Size([64, 1])
torch.Size([64, 1])
torch.Size([64, 1])
torch.Size([64, 1])
torch.Size([64, 1])
torch.Size([64, 1])
torch.Size([64, 1])
torch.Size([64, 1])
torch.Size([64, 1])
torch.Size([64, 1])
torch.Size([64, 1])
torch.Size([64, 1])
torch.Size([64, 1])
torch.Size([64, 1])
torch.Size([64, 1])
torch.Size([64, 1])
torch.Size([64, 1])
torch.Size([64, 1])
torch.Size([64, 1])
torch.Size([64, 1])
torch.Size([64, 1])
torch.Size([64, 1])
torch.Size([64, 1])
torch.Size([64, 1])
torch.Size([64, 1])
torch.Size([64, 1])
torch.Size([64, 1])
torch.Size([64, 1])
torch.Size([64, 1])
Epoch [1] had best val_metric
Epoch [1] had best val_Loss
torch.Size([64, 1])
torch.Size([64, 1])
torch.Size([64, 1])
torch.Size([64, 1])
torch.Size([64, 1])
torch.Size([64, 1])
torch.Size([64, 1])
torch.Size([64, 1])
torch.Size([64, 1])
torch.Size([64, 1])
torch.Size([64, 1])
torch.Size([64, 1])
torch.Size([64, 1])
torch.Size([64, 1])
torch.Size([64, 1])
torch.Size([64, 1])
torch.Size([64, 1])
torch.Size([64, 1])
torch.Size([64, 1])
torch.Size([64, 1])
torch.Size([64, 1])
torch.Size([64, 1])
torch.Size([64, 1])
torch.Size([64, 1])
torch.Size([64, 1])
torch.Size([64, 1])
torch.Size([64, 1])
torch.Size([64, 1])
torch.Size([64, 1])
torch.Size([64, 1])
torch.Size([64, 1])
torch.Size([64, 1])
torch.Size([64, 1])
torch.Size([64, 1])
torch.Size([64, 1])
torch.Size([64, 1])
torch.Size([64, 1])
torch.Size([64, 1])
torch.Size([64, 1])
torch.Size([64, 1])
torch.Size([64, 1])
torch.Size([64, 1])
torch.Size([64, 1])
torch.Size([64, 1])
torch.Size([64, 1])
torch.Size([64, 1])
torch.Size([64, 1])
torch.Size([64, 1])
torch.Size([64, 1])
torch.Size([64, 1])
torch.Size([64, 1])
torch.Size([64, 1])
torch.Size([64, 1])
torch.Size([64, 1])
torch.Size([64, 1])
torch.Size([64, 1])
torch.Size([64, 1])
torch.Size([64, 1])
torch.Size([64, 1])
torch.Size([64, 1])
torch.Size([64, 1])
torch.Size([64, 1])
torch.Size([64, 1])
torch.Size([64, 1])
torch.Size([64, 1])
torch.Size([64, 1])
torch.Size([64, 1])
torch.Size([64, 1])
torch.Size([64, 1])
torch.Size([64, 1])
torch.Size([64, 1])
torch.Size([64, 1])
torch.Size([64, 1])
torch.Size([64, 1])
torch.Size([64, 1])
torch.Size([64, 1])
torch.Size([64, 1])
torch.Size([64, 1])
torch.Size([64, 1])
torch.Size([64, 1])
torch.Size([64, 1])
torch.Size([64, 1])
torch.Size([64, 1])
torch.Size([64, 1])
torch.Size([64, 1])
torch.Size([64, 1])
torch.Size([64, 1])
torch.Size([64, 1])
torch.Size([64, 1])
torch.Size([64, 1])
torch.Size([64, 1])
torch.Size([64, 1])
torch.Size([64, 1])
torch.Size([64, 1])
torch.Size([64, 1])
torch.Size([64, 1])
torch.Size([64, 1])
torch.Size([64, 1])
torch.Size([64, 1])
torch.Size([64, 1])
torch.Size([64, 1])
torch.Size([64, 1])
torch.Size([64, 1])
torch.Size([64, 1])
torch.Size([64, 1])
torch.Size([64, 1])
torch.Size([64, 1])
torch.Size([64, 1])
torch.Size([64, 1])
torch.Size([64, 1])
torch.Size([64, 1])
torch.Size([64, 1])
torch.Size([64, 1])
torch.Size([64, 1])
torch.Size([64, 1])
torch.Size([64, 1])
torch.Size([64, 1])
torch.Size([64, 1])
torch.Size([64, 1])
torch.Size([64, 1])
torch.Size([64, 1])
torch.Size([64, 1])
torch.Size([64, 1])
torch.Size([64, 1])
torch.Size([64, 1])
torch.Size([64, 1])
torch.Size([64, 1])
torch.Size([64, 1])
torch.Size([64, 1])
torch.Size([64, 1])
torch.Size([64, 1])
torch.Size([64, 1])
torch.Size([64, 1])
torch.Size([64, 1])
torch.Size([64, 1])
torch.Size([64, 1])
torch.Size([64, 1])
torch.Size([64, 1])
torch.Size([64, 1])
torch.Size([64, 1])
torch.Size([64, 1])
torch.Size([64, 1])
torch.Size([64, 1])
torch.Size([64, 1])
torch.Size([64, 1])
torch.Size([64, 1])
torch.Size([64, 1])
torch.Size([64, 1])
torch.Size([64, 1])
torch.Size([64, 1])
torch.Size([64, 1])
torch.Size([64, 1])
torch.Size([64, 1])
torch.Size([64, 1])
torch.Size([64, 1])
torch.Size([64, 1])
torch.Size([64, 1])
torch.Size([64, 1])
torch.Size([64, 1])
torch.Size([64, 1])
torch.Size([64, 1])
torch.Size([64, 1])
torch.Size([64, 1])
torch.Size([64, 1])
torch.Size([64, 1])
torch.Size([64, 1])
torch.Size([64, 1])
torch.Size([64, 1])
torch.Size([64, 1])
torch.Size([64, 1])
torch.Size([64, 1])
torch.Size([64, 1])
torch.Size([64, 1])
torch.Size([64, 1])
torch.Size([64, 1])
torch.Size([64, 1])
torch.Size([64, 1])
torch.Size([64, 1])
torch.Size([64, 1])
torch.Size([64, 1])
torch.Size([64, 1])
torch.Size([64, 1])
torch.Size([64, 1])
torch.Size([64, 1])
torch.Size([64, 1])
torch.Size([64, 1])
torch.Size([64, 1])
torch.Size([64, 1])
torch.Size([64, 1])
torch.Size([64, 1])
torch.Size([64, 1])
torch.Size([64, 1])
torch.Size([64, 1])
torch.Size([64, 1])
torch.Size([64, 1])
torch.Size([64, 1])
torch.Size([64, 1])
torch.Size([64, 1])
torch.Size([64, 1])
torch.Size([64, 1])
torch.Size([64, 1])
torch.Size([64, 1])
torch.Size([64, 1])
torch.Size([64, 1])
torch.Size([64, 1])
torch.Size([64, 1])
torch.Size([64, 1])
torch.Size([64, 1])
torch.Size([64, 1])
torch.Size([64, 1])
torch.Size([64, 1])
torch.Size([64, 1])
torch.Size([64, 1])
torch.Size([64, 1])
torch.Size([64, 1])
torch.Size([64, 1])
torch.Size([64, 1])
torch.Size([64, 1])
torch.Size([64, 1])
torch.Size([64, 1])
torch.Size([64, 1])
torch.Size([64, 1])
torch.Size([64, 1])
torch.Size([64, 1])
torch.Size([64, 1])
torch.Size([64, 1])
torch.Size([64, 1])
torch.Size([64, 1])
torch.Size([64, 1])
torch.Size([64, 1])
torch.Size([64, 1])
torch.Size([64, 1])
torch.Size([64, 1])
torch.Size([64, 1])
torch.Size([64, 1])
torch.Size([64, 1])
torch.Size([64, 1])
Epoch [4] had best val_Loss
torch.Size([64, 1])
torch.Size([64, 1])
torch.Size([64, 1])
torch.Size([64, 1])
torch.Size([64, 1])
torch.Size([64, 1])
torch.Size([64, 1])
torch.Size([64, 1])
torch.Size([64, 1])
torch.Size([64, 1])
torch.Size([64, 1])
torch.Size([64, 1])
torch.Size([64, 1])
torch.Size([64, 1])
torch.Size([64, 1])
torch.Size([64, 1])
torch.Size([64, 1])
torch.Size([64, 1])
torch.Size([64, 1])
torch.Size([64, 1])
torch.Size([64, 1])
torch.Size([64, 1])
torch.Size([64, 1])
torch.Size([64, 1])
torch.Size([64, 1])
torch.Size([64, 1])
torch.Size([64, 1])
torch.Size([64, 1])
torch.Size([64, 1])
torch.Size([64, 1])
torch.Size([64, 1])
torch.Size([64, 1])
torch.Size([64, 1])
torch.Size([64, 1])
torch.Size([64, 1])
torch.Size([64, 1])
torch.Size([64, 1])
torch.Size([64, 1])
torch.Size([64, 1])
torch.Size([64, 1])
torch.Size([64, 1])
torch.Size([64, 1])
torch.Size([64, 1])
torch.Size([64, 1])
torch.Size([64, 1])
torch.Size([64, 1])
torch.Size([64, 1])
torch.Size([64, 1])
torch.Size([64, 1])
torch.Size([64, 1])
torch.Size([64, 1])
torch.Size([64, 1])
torch.Size([64, 1])
torch.Size([64, 1])
torch.Size([64, 1])
torch.Size([64, 1])
torch.Size([64, 1])
torch.Size([64, 1])
torch.Size([64, 1])
torch.Size([64, 1])
torch.Size([64, 1])
torch.Size([64, 1])
torch.Size([64, 1])
torch.Size([64, 1])
torch.Size([64, 1])
torch.Size([64, 1])
torch.Size([64, 1])
torch.Size([64, 1])
torch.Size([64, 1])
torch.Size([64, 1])
torch.Size([64, 1])
torch.Size([64, 1])
torch.Size([64, 1])
torch.Size([64, 1])
torch.Size([64, 1])
torch.Size([64, 1])
torch.Size([64, 1])
torch.Size([64, 1])
torch.Size([64, 1])
Epoch [5/45] | Train Loss: 0.6901 | Train Acc: 0.5188 | Val Loss: 0.7309 | Val Acc: 0.2219
torch.Size([64, 1])
torch.Size([64, 1])
torch.Size([64, 1])
torch.Size([64, 1])
torch.Size([64, 1])
torch.Size([64, 1])
torch.Size([64, 1])
torch.Size([64, 1])
torch.Size([64, 1])
torch.Size([64, 1])
torch.Size([64, 1])
torch.Size([64, 1])
torch.Size([64, 1])
torch.Size([64, 1])
torch.Size([64, 1])
torch.Size([64, 1])
torch.Size([64, 1])
torch.Size([64, 1])
torch.Size([64, 1])
torch.Size([64, 1])
torch.Size([64, 1])
torch.Size([64, 1])
torch.Size([64, 1])
torch.Size([64, 1])
torch.Size([64, 1])
torch.Size([64, 1])
torch.Size([64, 1])
torch.Size([64, 1])
torch.Size([64, 1])
torch.Size([64, 1])
torch.Size([64, 1])
torch.Size([64, 1])
torch.Size([64, 1])
torch.Size([64, 1])
torch.Size([64, 1])
torch.Size([64, 1])
torch.Size([64, 1])
torch.Size([64, 1])
torch.Size([64, 1])
torch.Size([64, 1])
torch.Size([64, 1])
torch.Size([64, 1])
torch.Size([64, 1])
torch.Size([64, 1])
torch.Size([64, 1])
torch.Size([64, 1])
torch.Size([64, 1])
torch.Size([64, 1])
torch.Size([64, 1])
torch.Size([64, 1])
torch.Size([64, 1])
torch.Size([64, 1])
torch.Size([64, 1])
torch.Size([64, 1])
torch.Size([64, 1])
torch.Size([64, 1])
torch.Size([64, 1])
torch.Size([64, 1])
torch.Size([64, 1])
torch.Size([64, 1])
torch.Size([64, 1])
torch.Size([64, 1])
torch.Size([64, 1])
torch.Size([64, 1])
torch.Size([64, 1])
torch.Size([64, 1])
torch.Size([64, 1])
torch.Size([64, 1])
torch.Size([64, 1])
torch.Size([64, 1])
torch.Size([64, 1])
torch.Size([64, 1])
torch.Size([64, 1])
torch.Size([64, 1])
torch.Size([64, 1])
torch.Size([64, 1])
torch.Size([64, 1])
torch.Size([64, 1])
torch.Size([64, 1])
Epoch [6] had best val_Loss
torch.Size([64, 1])
torch.Size([64, 1])
torch.Size([64, 1])
torch.Size([64, 1])
torch.Size([64, 1])
torch.Size([64, 1])
torch.Size([64, 1])
torch.Size([64, 1])
torch.Size([64, 1])
torch.Size([64, 1])
torch.Size([64, 1])
torch.Size([64, 1])
torch.Size([64, 1])
torch.Size([64, 1])
torch.Size([64, 1])
torch.Size([64, 1])
torch.Size([64, 1])
torch.Size([64, 1])
torch.Size([64, 1])
torch.Size([64, 1])
torch.Size([64, 1])
torch.Size([64, 1])
torch.Size([64, 1])
torch.Size([64, 1])
torch.Size([64, 1])
torch.Size([64, 1])
torch.Size([64, 1])
torch.Size([64, 1])
torch.Size([64, 1])
torch.Size([64, 1])
torch.Size([64, 1])
torch.Size([64, 1])
torch.Size([64, 1])
torch.Size([64, 1])
torch.Size([64, 1])
torch.Size([64, 1])
torch.Size([64, 1])
torch.Size([64, 1])
torch.Size([64, 1])
torch.Size([64, 1])
torch.Size([64, 1])
torch.Size([64, 1])
torch.Size([64, 1])
torch.Size([64, 1])
torch.Size([64, 1])
torch.Size([64, 1])
torch.Size([64, 1])
torch.Size([64, 1])
torch.Size([64, 1])
torch.Size([64, 1])
torch.Size([64, 1])
torch.Size([64, 1])
torch.Size([64, 1])
torch.Size([64, 1])
torch.Size([64, 1])
torch.Size([64, 1])
torch.Size([64, 1])
torch.Size([64, 1])
torch.Size([64, 1])
torch.Size([64, 1])
torch.Size([64, 1])
torch.Size([64, 1])
torch.Size([64, 1])
torch.Size([64, 1])
torch.Size([64, 1])
torch.Size([64, 1])
torch.Size([64, 1])
torch.Size([64, 1])
torch.Size([64, 1])
torch.Size([64, 1])
torch.Size([64, 1])
torch.Size([64, 1])
torch.Size([64, 1])
torch.Size([64, 1])
torch.Size([64, 1])
torch.Size([64, 1])
torch.Size([64, 1])
torch.Size([64, 1])
torch.Size([64, 1])
torch.Size([64, 1])
torch.Size([64, 1])
torch.Size([64, 1])
torch.Size([64, 1])
torch.Size([64, 1])
torch.Size([64, 1])
torch.Size([64, 1])
torch.Size([64, 1])
torch.Size([64, 1])
torch.Size([64, 1])
torch.Size([64, 1])
torch.Size([64, 1])
torch.Size([64, 1])
torch.Size([64, 1])
torch.Size([64, 1])
torch.Size([64, 1])
torch.Size([64, 1])
torch.Size([64, 1])
torch.Size([64, 1])
torch.Size([64, 1])
torch.Size([64, 1])
torch.Size([64, 1])
torch.Size([64, 1])
torch.Size([64, 1])
torch.Size([64, 1])
torch.Size([64, 1])
torch.Size([64, 1])
torch.Size([64, 1])
torch.Size([64, 1])
torch.Size([64, 1])
torch.Size([64, 1])
torch.Size([64, 1])
torch.Size([64, 1])
torch.Size([64, 1])
torch.Size([64, 1])
torch.Size([64, 1])
torch.Size([64, 1])
torch.Size([64, 1])
torch.Size([64, 1])
torch.Size([64, 1])
torch.Size([64, 1])
torch.Size([64, 1])
torch.Size([64, 1])
torch.Size([64, 1])
torch.Size([64, 1])
torch.Size([64, 1])
torch.Size([64, 1])
torch.Size([64, 1])
torch.Size([64, 1])
torch.Size([64, 1])
torch.Size([64, 1])
torch.Size([64, 1])
torch.Size([64, 1])
torch.Size([64, 1])
torch.Size([64, 1])
torch.Size([64, 1])
torch.Size([64, 1])
torch.Size([64, 1])
torch.Size([64, 1])
torch.Size([64, 1])
torch.Size([64, 1])
torch.Size([64, 1])
torch.Size([64, 1])
torch.Size([64, 1])
torch.Size([64, 1])
torch.Size([64, 1])
torch.Size([64, 1])
torch.Size([64, 1])
torch.Size([64, 1])
torch.Size([64, 1])
torch.Size([64, 1])
torch.Size([64, 1])
torch.Size([64, 1])
torch.Size([64, 1])
torch.Size([64, 1])
torch.Size([64, 1])
torch.Size([64, 1])
torch.Size([64, 1])
torch.Size([64, 1])
torch.Size([64, 1])
torch.Size([64, 1])
torch.Size([64, 1])
torch.Size([64, 1])
torch.Size([64, 1])
torch.Size([64, 1])
torch.Size([64, 1])
torch.Size([64, 1])
torch.Size([64, 1])
torch.Size([64, 1])
torch.Size([64, 1])
torch.Size([64, 1])
torch.Size([64, 1])
torch.Size([64, 1])
torch.Size([64, 1])
torch.Size([64, 1])
torch.Size([64, 1])
torch.Size([64, 1])
torch.Size([64, 1])
torch.Size([64, 1])
torch.Size([64, 1])
torch.Size([64, 1])
torch.Size([64, 1])
torch.Size([64, 1])
torch.Size([64, 1])
torch.Size([64, 1])
torch.Size([64, 1])
torch.Size([64, 1])
torch.Size([64, 1])
torch.Size([64, 1])
torch.Size([64, 1])
torch.Size([64, 1])
torch.Size([64, 1])
torch.Size([64, 1])
torch.Size([64, 1])
torch.Size([64, 1])
torch.Size([64, 1])
torch.Size([64, 1])
torch.Size([64, 1])
torch.Size([64, 1])
torch.Size([64, 1])
torch.Size([64, 1])
torch.Size([64, 1])
torch.Size([64, 1])
torch.Size([64, 1])
torch.Size([64, 1])
torch.Size([64, 1])
torch.Size([64, 1])
torch.Size([64, 1])
torch.Size([64, 1])
torch.Size([64, 1])
torch.Size([64, 1])
torch.Size([64, 1])
torch.Size([64, 1])
torch.Size([64, 1])
torch.Size([64, 1])
torch.Size([64, 1])
torch.Size([64, 1])
torch.Size([64, 1])
torch.Size([64, 1])
torch.Size([64, 1])
torch.Size([64, 1])
torch.Size([64, 1])
torch.Size([64, 1])
torch.Size([64, 1])
torch.Size([64, 1])
torch.Size([64, 1])
torch.Size([64, 1])
torch.Size([64, 1])
torch.Size([64, 1])
torch.Size([64, 1])
torch.Size([64, 1])
torch.Size([64, 1])
torch.Size([64, 1])
torch.Size([64, 1])
torch.Size([64, 1])
torch.Size([64, 1])
torch.Size([64, 1])
torch.Size([64, 1])
torch.Size([64, 1])
torch.Size([64, 1])
torch.Size([64, 1])
torch.Size([64, 1])
torch.Size([64, 1])
torch.Size([64, 1])
torch.Size([64, 1])
torch.Size([64, 1])
torch.Size([64, 1])
torch.Size([64, 1])
torch.Size([64, 1])
torch.Size([64, 1])
torch.Size([64, 1])
torch.Size([64, 1])
torch.Size([64, 1])
torch.Size([64, 1])
torch.Size([64, 1])
torch.Size([64, 1])
torch.Size([64, 1])
torch.Size([64, 1])
torch.Size([64, 1])
torch.Size([64, 1])
torch.Size([64, 1])
torch.Size([64, 1])
torch.Size([64, 1])
torch.Size([64, 1])
torch.Size([64, 1])
torch.Size([64, 1])
torch.Size([64, 1])
torch.Size([64, 1])
torch.Size([64, 1])
torch.Size([64, 1])
torch.Size([64, 1])
torch.Size([64, 1])
torch.Size([64, 1])
torch.Size([64, 1])
torch.Size([64, 1])
torch.Size([64, 1])
torch.Size([64, 1])
torch.Size([64, 1])
torch.Size([64, 1])
torch.Size([64, 1])
torch.Size([64, 1])
torch.Size([64, 1])
torch.Size([64, 1])
torch.Size([64, 1])
torch.Size([64, 1])
torch.Size([64, 1])
torch.Size([64, 1])
torch.Size([64, 1])
torch.Size([64, 1])
torch.Size([64, 1])
torch.Size([64, 1])
torch.Size([64, 1])
torch.Size([64, 1])
torch.Size([64, 1])
torch.Size([64, 1])
torch.Size([64, 1])
torch.Size([64, 1])
torch.Size([64, 1])
torch.Size([64, 1])
torch.Size([64, 1])
torch.Size([64, 1])
torch.Size([64, 1])
torch.Size([64, 1])
torch.Size([64, 1])
torch.Size([64, 1])
torch.Size([64, 1])
torch.Size([64, 1])
torch.Size([64, 1])
torch.Size([64, 1])
torch.Size([64, 1])
torch.Size([64, 1])
torch.Size([64, 1])
torch.Size([64, 1])
torch.Size([64, 1])
torch.Size([64, 1])
torch.Size([64, 1])
torch.Size([64, 1])
Epoch [10/45] | Train Loss: 0.7020 | Train Acc: 0.5271 | Val Loss: 0.6298 | Val Acc: 0.8484
torch.Size([64, 1])
torch.Size([64, 1])
torch.Size([64, 1])
torch.Size([64, 1])
torch.Size([64, 1])
torch.Size([64, 1])
torch.Size([64, 1])
torch.Size([64, 1])
torch.Size([64, 1])
torch.Size([64, 1])
torch.Size([64, 1])
torch.Size([64, 1])
torch.Size([64, 1])
torch.Size([64, 1])
torch.Size([64, 1])
torch.Size([64, 1])
torch.Size([64, 1])
torch.Size([64, 1])
torch.Size([64, 1])
torch.Size([64, 1])
torch.Size([64, 1])
torch.Size([64, 1])
torch.Size([64, 1])
torch.Size([64, 1])
torch.Size([64, 1])
torch.Size([64, 1])
torch.Size([64, 1])
torch.Size([64, 1])
torch.Size([64, 1])
torch.Size([64, 1])
torch.Size([64, 1])
torch.Size([64, 1])
torch.Size([64, 1])
torch.Size([64, 1])
torch.Size([64, 1])
torch.Size([64, 1])
torch.Size([64, 1])
torch.Size([64, 1])
torch.Size([64, 1])
torch.Size([64, 1])
torch.Size([64, 1])
torch.Size([64, 1])
torch.Size([64, 1])
torch.Size([64, 1])
torch.Size([64, 1])
torch.Size([64, 1])
torch.Size([64, 1])
torch.Size([64, 1])
torch.Size([64, 1])
torch.Size([64, 1])
torch.Size([64, 1])
torch.Size([64, 1])
torch.Size([64, 1])
torch.Size([64, 1])
torch.Size([64, 1])
torch.Size([64, 1])
torch.Size([64, 1])
torch.Size([64, 1])
torch.Size([64, 1])
torch.Size([64, 1])
torch.Size([64, 1])
torch.Size([64, 1])
torch.Size([64, 1])
torch.Size([64, 1])
torch.Size([64, 1])
torch.Size([64, 1])
torch.Size([64, 1])
torch.Size([64, 1])
torch.Size([64, 1])
torch.Size([64, 1])
torch.Size([64, 1])
torch.Size([64, 1])
torch.Size([64, 1])
torch.Size([64, 1])
torch.Size([64, 1])
torch.Size([64, 1])
torch.Size([64, 1])
torch.Size([64, 1])
torch.Size([64, 1])
torch.Size([64, 1])
torch.Size([64, 1])
torch.Size([64, 1])
torch.Size([64, 1])
torch.Size([64, 1])
torch.Size([64, 1])
torch.Size([64, 1])
torch.Size([64, 1])
torch.Size([64, 1])
torch.Size([64, 1])
torch.Size([64, 1])
torch.Size([64, 1])
torch.Size([64, 1])
torch.Size([64, 1])
torch.Size([64, 1])
torch.Size([64, 1])
torch.Size([64, 1])
torch.Size([64, 1])
torch.Size([64, 1])
torch.Size([64, 1])
torch.Size([64, 1])
torch.Size([64, 1])
torch.Size([64, 1])
torch.Size([64, 1])
torch.Size([64, 1])
torch.Size([64, 1])
torch.Size([64, 1])
torch.Size([64, 1])
torch.Size([64, 1])
torch.Size([64, 1])
torch.Size([64, 1])
torch.Size([64, 1])
torch.Size([64, 1])
torch.Size([64, 1])
torch.Size([64, 1])
torch.Size([64, 1])
torch.Size([64, 1])
torch.Size([64, 1])
torch.Size([64, 1])
torch.Size([64, 1])
torch.Size([64, 1])
torch.Size([64, 1])
torch.Size([64, 1])
torch.Size([64, 1])
torch.Size([64, 1])
torch.Size([64, 1])
torch.Size([64, 1])
torch.Size([64, 1])
torch.Size([64, 1])
torch.Size([64, 1])
torch.Size([64, 1])
torch.Size([64, 1])
torch.Size([64, 1])
torch.Size([64, 1])
torch.Size([64, 1])
torch.Size([64, 1])
torch.Size([64, 1])
torch.Size([64, 1])
torch.Size([64, 1])
torch.Size([64, 1])
torch.Size([64, 1])
torch.Size([64, 1])
torch.Size([64, 1])
torch.Size([64, 1])
torch.Size([64, 1])
torch.Size([64, 1])
torch.Size([64, 1])
torch.Size([64, 1])
torch.Size([64, 1])
torch.Size([64, 1])
torch.Size([64, 1])
torch.Size([64, 1])
torch.Size([64, 1])
torch.Size([64, 1])
torch.Size([64, 1])
torch.Size([64, 1])
torch.Size([64, 1])
torch.Size([64, 1])
torch.Size([64, 1])
torch.Size([64, 1])
torch.Size([64, 1])
torch.Size([64, 1])
torch.Size([64, 1])
torch.Size([64, 1])
torch.Size([64, 1])
torch.Size([64, 1])
torch.Size([64, 1])
torch.Size([64, 1])
torch.Size([64, 1])
torch.Size([64, 1])
torch.Size([64, 1])
torch.Size([64, 1])
torch.Size([64, 1])
torch.Size([64, 1])
torch.Size([64, 1])
torch.Size([64, 1])
torch.Size([64, 1])
torch.Size([64, 1])
torch.Size([64, 1])
torch.Size([64, 1])
torch.Size([64, 1])
torch.Size([64, 1])
torch.Size([64, 1])
torch.Size([64, 1])
torch.Size([64, 1])
torch.Size([64, 1])
torch.Size([64, 1])
torch.Size([64, 1])
torch.Size([64, 1])
torch.Size([64, 1])
torch.Size([64, 1])
torch.Size([64, 1])
torch.Size([64, 1])
torch.Size([64, 1])
torch.Size([64, 1])
torch.Size([64, 1])
torch.Size([64, 1])
torch.Size([64, 1])
torch.Size([64, 1])
torch.Size([64, 1])
torch.Size([64, 1])
torch.Size([64, 1])
torch.Size([64, 1])
torch.Size([64, 1])
torch.Size([64, 1])
torch.Size([64, 1])
torch.Size([64, 1])
torch.Size([64, 1])
torch.Size([64, 1])
torch.Size([64, 1])
torch.Size([64, 1])
torch.Size([64, 1])
torch.Size([64, 1])
torch.Size([64, 1])
torch.Size([64, 1])
torch.Size([64, 1])
torch.Size([64, 1])
torch.Size([64, 1])
torch.Size([64, 1])
torch.Size([64, 1])
torch.Size([64, 1])
torch.Size([64, 1])
torch.Size([64, 1])
torch.Size([64, 1])
torch.Size([64, 1])
torch.Size([64, 1])
torch.Size([64, 1])
torch.Size([64, 1])
torch.Size([64, 1])
torch.Size([64, 1])
torch.Size([64, 1])
torch.Size([64, 1])
torch.Size([64, 1])
torch.Size([64, 1])
torch.Size([64, 1])
torch.Size([64, 1])
torch.Size([64, 1])
torch.Size([64, 1])
torch.Size([64, 1])
torch.Size([64, 1])
torch.Size([64, 1])
torch.Size([64, 1])
torch.Size([64, 1])
torch.Size([64, 1])
torch.Size([64, 1])
torch.Size([64, 1])
torch.Size([64, 1])
torch.Size([64, 1])
torch.Size([64, 1])
torch.Size([64, 1])
torch.Size([64, 1])
torch.Size([64, 1])
torch.Size([64, 1])
torch.Size([64, 1])
torch.Size([64, 1])
torch.Size([64, 1])
torch.Size([64, 1])
torch.Size([64, 1])
torch.Size([64, 1])
torch.Size([64, 1])
torch.Size([64, 1])
torch.Size([64, 1])
torch.Size([64, 1])
torch.Size([64, 1])
torch.Size([64, 1])
torch.Size([64, 1])
torch.Size([64, 1])
torch.Size([64, 1])
torch.Size([64, 1])
torch.Size([64, 1])
torch.Size([64, 1])
torch.Size([64, 1])
torch.Size([64, 1])
torch.Size([64, 1])
torch.Size([64, 1])
torch.Size([64, 1])
torch.Size([64, 1])
torch.Size([64, 1])
torch.Size([64, 1])
torch.Size([64, 1])
torch.Size([64, 1])
torch.Size([64, 1])
torch.Size([64, 1])
torch.Size([64, 1])
torch.Size([64, 1])
torch.Size([64, 1])
torch.Size([64, 1])
torch.Size([64, 1])
torch.Size([64, 1])
torch.Size([64, 1])
torch.Size([64, 1])
torch.Size([64, 1])
torch.Size([64, 1])
torch.Size([64, 1])
torch.Size([64, 1])
torch.Size([64, 1])
torch.Size([64, 1])
torch.Size([64, 1])
torch.Size([64, 1])
torch.Size([64, 1])
torch.Size([64, 1])
torch.Size([64, 1])
torch.Size([64, 1])
torch.Size([64, 1])
torch.Size([64, 1])
torch.Size([64, 1])
torch.Size([64, 1])
torch.Size([64, 1])
torch.Size([64, 1])
torch.Size([64, 1])
torch.Size([64, 1])
torch.Size([64, 1])
torch.Size([64, 1])
torch.Size([64, 1])
torch.Size([64, 1])
torch.Size([64, 1])
torch.Size([64, 1])
torch.Size([64, 1])
torch.Size([64, 1])
torch.Size([64, 1])
torch.Size([64, 1])
torch.Size([64, 1])
torch.Size([64, 1])
torch.Size([64, 1])
torch.Size([64, 1])
torch.Size([64, 1])
torch.Size([64, 1])
torch.Size([64, 1])
torch.Size([64, 1])
torch.Size([64, 1])
torch.Size([64, 1])
torch.Size([64, 1])
torch.Size([64, 1])
torch.Size([64, 1])
torch.Size([64, 1])
torch.Size([64, 1])
torch.Size([64, 1])
torch.Size([64, 1])
torch.Size([64, 1])
torch.Size([64, 1])
torch.Size([64, 1])
torch.Size([64, 1])
torch.Size([64, 1])
torch.Size([64, 1])
torch.Size([64, 1])
torch.Size([64, 1])
torch.Size([64, 1])
torch.Size([64, 1])
torch.Size([64, 1])
torch.Size([64, 1])
torch.Size([64, 1])
torch.Size([64, 1])
torch.Size([64, 1])
torch.Size([64, 1])
torch.Size([64, 1])
torch.Size([64, 1])
torch.Size([64, 1])
torch.Size([64, 1])
torch.Size([64, 1])
torch.Size([64, 1])
torch.Size([64, 1])
torch.Size([64, 1])
torch.Size([64, 1])
torch.Size([64, 1])
torch.Size([64, 1])
torch.Size([64, 1])
torch.Size([64, 1])
torch.Size([64, 1])
torch.Size([64, 1])
torch.Size([64, 1])
torch.Size([64, 1])
torch.Size([64, 1])
torch.Size([64, 1])
torch.Size([64, 1])
torch.Size([64, 1])
torch.Size([64, 1])
torch.Size([64, 1])
torch.Size([64, 1])
torch.Size([64, 1])
torch.Size([64, 1])
torch.Size([64, 1])
torch.Size([64, 1])
torch.Size([64, 1])
torch.Size([64, 1])
torch.Size([64, 1])
torch.Size([64, 1])
torch.Size([64, 1])
torch.Size([64, 1])
torch.Size([64, 1])
torch.Size([64, 1])
torch.Size([64, 1])
torch.Size([64, 1])
torch.Size([64, 1])
torch.Size([64, 1])
torch.Size([64, 1])
torch.Size([64, 1])
Epoch [15/45] | Train Loss: 0.6847 | Train Acc: 0.5210 | Val Loss: 0.6575 | Val Acc: 0.5562
torch.Size([64, 1])
torch.Size([64, 1])
torch.Size([64, 1])
torch.Size([64, 1])
torch.Size([64, 1])
torch.Size([64, 1])
torch.Size([64, 1])
torch.Size([64, 1])
torch.Size([64, 1])
torch.Size([64, 1])
torch.Size([64, 1])
torch.Size([64, 1])
torch.Size([64, 1])
torch.Size([64, 1])
torch.Size([64, 1])
torch.Size([64, 1])
torch.Size([64, 1])
torch.Size([64, 1])
torch.Size([64, 1])
torch.Size([64, 1])
torch.Size([64, 1])
torch.Size([64, 1])
torch.Size([64, 1])
torch.Size([64, 1])
torch.Size([64, 1])
torch.Size([64, 1])
torch.Size([64, 1])
torch.Size([64, 1])
torch.Size([64, 1])
torch.Size([64, 1])
torch.Size([64, 1])
torch.Size([64, 1])
torch.Size([64, 1])
torch.Size([64, 1])
torch.Size([64, 1])
torch.Size([64, 1])
torch.Size([64, 1])
torch.Size([64, 1])
torch.Size([64, 1])
torch.Size([64, 1])
torch.Size([64, 1])
torch.Size([64, 1])
torch.Size([64, 1])
torch.Size([64, 1])
torch.Size([64, 1])
torch.Size([64, 1])
torch.Size([64, 1])
torch.Size([64, 1])
torch.Size([64, 1])
torch.Size([64, 1])
torch.Size([64, 1])
torch.Size([64, 1])
torch.Size([64, 1])
torch.Size([64, 1])
torch.Size([64, 1])
torch.Size([64, 1])
torch.Size([64, 1])
torch.Size([64, 1])
torch.Size([64, 1])
torch.Size([64, 1])
torch.Size([64, 1])
torch.Size([64, 1])
torch.Size([64, 1])
torch.Size([64, 1])
torch.Size([64, 1])
torch.Size([64, 1])
torch.Size([64, 1])
torch.Size([64, 1])
torch.Size([64, 1])
torch.Size([64, 1])
torch.Size([64, 1])
torch.Size([64, 1])
torch.Size([64, 1])
torch.Size([64, 1])
torch.Size([64, 1])
torch.Size([64, 1])
torch.Size([64, 1])
torch.Size([64, 1])
torch.Size([64, 1])
torch.Size([64, 1])
torch.Size([64, 1])
torch.Size([64, 1])
torch.Size([64, 1])
torch.Size([64, 1])
torch.Size([64, 1])
torch.Size([64, 1])
torch.Size([64, 1])
torch.Size([64, 1])
torch.Size([64, 1])
torch.Size([64, 1])
torch.Size([64, 1])
torch.Size([64, 1])
torch.Size([64, 1])
torch.Size([64, 1])
torch.Size([64, 1])
torch.Size([64, 1])
torch.Size([64, 1])
torch.Size([64, 1])
torch.Size([64, 1])
torch.Size([64, 1])
torch.Size([64, 1])
torch.Size([64, 1])
torch.Size([64, 1])
torch.Size([64, 1])
torch.Size([64, 1])
torch.Size([64, 1])
torch.Size([64, 1])
torch.Size([64, 1])
torch.Size([64, 1])
torch.Size([64, 1])
torch.Size([64, 1])
torch.Size([64, 1])
torch.Size([64, 1])
torch.Size([64, 1])
torch.Size([64, 1])
torch.Size([64, 1])
torch.Size([64, 1])
torch.Size([64, 1])
torch.Size([64, 1])
torch.Size([64, 1])
torch.Size([64, 1])
torch.Size([64, 1])
torch.Size([64, 1])
torch.Size([64, 1])
torch.Size([64, 1])
torch.Size([64, 1])
torch.Size([64, 1])
torch.Size([64, 1])
torch.Size([64, 1])
torch.Size([64, 1])
torch.Size([64, 1])
torch.Size([64, 1])
torch.Size([64, 1])
torch.Size([64, 1])
torch.Size([64, 1])
torch.Size([64, 1])
torch.Size([64, 1])
torch.Size([64, 1])
torch.Size([64, 1])
torch.Size([64, 1])
torch.Size([64, 1])
torch.Size([64, 1])
torch.Size([64, 1])
torch.Size([64, 1])
torch.Size([64, 1])
torch.Size([64, 1])
torch.Size([64, 1])
torch.Size([64, 1])
torch.Size([64, 1])
torch.Size([64, 1])
torch.Size([64, 1])
torch.Size([64, 1])
torch.Size([64, 1])
torch.Size([64, 1])
torch.Size([64, 1])
torch.Size([64, 1])
torch.Size([64, 1])
torch.Size([64, 1])
torch.Size([64, 1])
torch.Size([64, 1])
torch.Size([64, 1])
torch.Size([64, 1])
torch.Size([64, 1])
torch.Size([64, 1])
torch.Size([64, 1])
torch.Size([64, 1])
torch.Size([64, 1])
torch.Size([64, 1])
torch.Size([64, 1])
torch.Size([64, 1])
torch.Size([64, 1])
torch.Size([64, 1])
torch.Size([64, 1])
torch.Size([64, 1])
torch.Size([64, 1])
torch.Size([64, 1])
torch.Size([64, 1])
torch.Size([64, 1])
torch.Size([64, 1])
torch.Size([64, 1])
torch.Size([64, 1])
torch.Size([64, 1])
torch.Size([64, 1])
torch.Size([64, 1])
torch.Size([64, 1])
torch.Size([64, 1])
torch.Size([64, 1])
torch.Size([64, 1])
torch.Size([64, 1])
torch.Size([64, 1])
torch.Size([64, 1])
torch.Size([64, 1])
torch.Size([64, 1])
torch.Size([64, 1])
torch.Size([64, 1])
torch.Size([64, 1])
torch.Size([64, 1])
torch.Size([64, 1])
torch.Size([64, 1])
torch.Size([64, 1])
torch.Size([64, 1])
torch.Size([64, 1])
torch.Size([64, 1])
torch.Size([64, 1])
torch.Size([64, 1])
torch.Size([64, 1])
torch.Size([64, 1])
torch.Size([64, 1])
torch.Size([64, 1])
torch.Size([64, 1])
torch.Size([64, 1])
torch.Size([64, 1])
torch.Size([64, 1])
torch.Size([64, 1])
torch.Size([64, 1])
torch.Size([64, 1])
torch.Size([64, 1])
torch.Size([64, 1])
torch.Size([64, 1])
torch.Size([64, 1])
torch.Size([64, 1])
torch.Size([64, 1])
torch.Size([64, 1])
torch.Size([64, 1])
torch.Size([64, 1])
torch.Size([64, 1])
torch.Size([64, 1])
torch.Size([64, 1])
torch.Size([64, 1])
torch.Size([64, 1])
torch.Size([64, 1])
torch.Size([64, 1])
torch.Size([64, 1])
torch.Size([64, 1])
torch.Size([64, 1])
torch.Size([64, 1])
torch.Size([64, 1])
torch.Size([64, 1])
torch.Size([64, 1])
torch.Size([64, 1])
torch.Size([64, 1])
torch.Size([64, 1])
torch.Size([64, 1])
torch.Size([64, 1])
torch.Size([64, 1])
torch.Size([64, 1])
torch.Size([64, 1])
torch.Size([64, 1])
torch.Size([64, 1])
torch.Size([64, 1])
torch.Size([64, 1])
torch.Size([64, 1])
torch.Size([64, 1])
torch.Size([64, 1])
torch.Size([64, 1])
torch.Size([64, 1])
torch.Size([64, 1])
torch.Size([64, 1])
torch.Size([64, 1])
torch.Size([64, 1])
torch.Size([64, 1])
torch.Size([64, 1])
torch.Size([64, 1])
torch.Size([64, 1])
torch.Size([64, 1])
torch.Size([64, 1])
torch.Size([64, 1])
torch.Size([64, 1])
torch.Size([64, 1])
torch.Size([64, 1])
torch.Size([64, 1])
torch.Size([64, 1])
torch.Size([64, 1])
torch.Size([64, 1])
torch.Size([64, 1])
torch.Size([64, 1])
torch.Size([64, 1])
torch.Size([64, 1])
torch.Size([64, 1])
torch.Size([64, 1])
torch.Size([64, 1])
torch.Size([64, 1])
torch.Size([64, 1])
torch.Size([64, 1])
torch.Size([64, 1])
torch.Size([64, 1])
torch.Size([64, 1])
torch.Size([64, 1])
torch.Size([64, 1])
torch.Size([64, 1])
torch.Size([64, 1])
torch.Size([64, 1])
torch.Size([64, 1])
torch.Size([64, 1])
torch.Size([64, 1])
torch.Size([64, 1])
torch.Size([64, 1])
torch.Size([64, 1])
torch.Size([64, 1])
torch.Size([64, 1])
torch.Size([64, 1])
torch.Size([64, 1])
torch.Size([64, 1])
torch.Size([64, 1])
torch.Size([64, 1])
torch.Size([64, 1])
torch.Size([64, 1])
torch.Size([64, 1])
torch.Size([64, 1])
torch.Size([64, 1])
torch.Size([64, 1])
torch.Size([64, 1])
torch.Size([64, 1])
torch.Size([64, 1])
torch.Size([64, 1])
torch.Size([64, 1])
torch.Size([64, 1])
torch.Size([64, 1])
torch.Size([64, 1])
torch.Size([64, 1])
torch.Size([64, 1])
torch.Size([64, 1])
torch.Size([64, 1])
torch.Size([64, 1])
torch.Size([64, 1])
torch.Size([64, 1])
torch.Size([64, 1])
torch.Size([64, 1])
torch.Size([64, 1])
torch.Size([64, 1])
torch.Size([64, 1])
torch.Size([64, 1])
torch.Size([64, 1])
torch.Size([64, 1])
torch.Size([64, 1])
torch.Size([64, 1])
torch.Size([64, 1])
torch.Size([64, 1])
torch.Size([64, 1])
torch.Size([64, 1])
torch.Size([64, 1])
torch.Size([64, 1])
torch.Size([64, 1])
torch.Size([64, 1])
torch.Size([64, 1])
torch.Size([64, 1])
torch.Size([64, 1])
torch.Size([64, 1])
torch.Size([64, 1])
torch.Size([64, 1])
torch.Size([64, 1])
torch.Size([64, 1])
torch.Size([64, 1])
torch.Size([64, 1])
torch.Size([64, 1])
torch.Size([64, 1])
torch.Size([64, 1])
torch.Size([64, 1])
torch.Size([64, 1])
torch.Size([64, 1])
torch.Size([64, 1])
torch.Size([64, 1])
torch.Size([64, 1])
torch.Size([64, 1])
torch.Size([64, 1])
torch.Size([64, 1])
torch.Size([64, 1])
torch.Size([64, 1])
torch.Size([64, 1])
torch.Size([64, 1])
torch.Size([64, 1])
torch.Size([64, 1])
torch.Size([64, 1])
torch.Size([64, 1])
torch.Size([64, 1])
torch.Size([64, 1])
torch.Size([64, 1])
torch.Size([64, 1])
torch.Size([64, 1])
torch.Size([64, 1])
torch.Size([64, 1])
torch.Size([64, 1])
torch.Size([64, 1])
torch.Size([64, 1])
torch.Size([64, 1])
torch.Size([64, 1])
torch.Size([64, 1])
torch.Size([64, 1])
torch.Size([64, 1])
torch.Size([64, 1])
torch.Size([64, 1])
torch.Size([64, 1])
torch.Size([64, 1])
torch.Size([64, 1])
torch.Size([64, 1])
Epoch [20/45] | Train Loss: 0.6932 | Train Acc: 0.5305 | Val Loss: 0.6813 | Val Acc: 0.2906
torch.Size([64, 1])
torch.Size([64, 1])
torch.Size([64, 1])
torch.Size([64, 1])
torch.Size([64, 1])
torch.Size([64, 1])
torch.Size([64, 1])
torch.Size([64, 1])
torch.Size([64, 1])
torch.Size([64, 1])
torch.Size([64, 1])
torch.Size([64, 1])
torch.Size([64, 1])
torch.Size([64, 1])
torch.Size([64, 1])
torch.Size([64, 1])
torch.Size([64, 1])
torch.Size([64, 1])
torch.Size([64, 1])
torch.Size([64, 1])
torch.Size([64, 1])
torch.Size([64, 1])
torch.Size([64, 1])
torch.Size([64, 1])
torch.Size([64, 1])
torch.Size([64, 1])
torch.Size([64, 1])
torch.Size([64, 1])
torch.Size([64, 1])
torch.Size([64, 1])
torch.Size([64, 1])
torch.Size([64, 1])
torch.Size([64, 1])
torch.Size([64, 1])
torch.Size([64, 1])
torch.Size([64, 1])
torch.Size([64, 1])
torch.Size([64, 1])
torch.Size([64, 1])
torch.Size([64, 1])
torch.Size([64, 1])
torch.Size([64, 1])
torch.Size([64, 1])
torch.Size([64, 1])
torch.Size([64, 1])
torch.Size([64, 1])
torch.Size([64, 1])
torch.Size([64, 1])
torch.Size([64, 1])
torch.Size([64, 1])
torch.Size([64, 1])
torch.Size([64, 1])
torch.Size([64, 1])
torch.Size([64, 1])
torch.Size([64, 1])
torch.Size([64, 1])
torch.Size([64, 1])
torch.Size([64, 1])
torch.Size([64, 1])
torch.Size([64, 1])
torch.Size([64, 1])
torch.Size([64, 1])
torch.Size([64, 1])
torch.Size([64, 1])
torch.Size([64, 1])
torch.Size([64, 1])
torch.Size([64, 1])
torch.Size([64, 1])
torch.Size([64, 1])
torch.Size([64, 1])
torch.Size([64, 1])
torch.Size([64, 1])
torch.Size([64, 1])
torch.Size([64, 1])
torch.Size([64, 1])
torch.Size([64, 1])
torch.Size([64, 1])
torch.Size([64, 1])
torch.Size([64, 1])
torch.Size([64, 1])
torch.Size([64, 1])
torch.Size([64, 1])
torch.Size([64, 1])
torch.Size([64, 1])
torch.Size([64, 1])
torch.Size([64, 1])
torch.Size([64, 1])
torch.Size([64, 1])
torch.Size([64, 1])
torch.Size([64, 1])
torch.Size([64, 1])
torch.Size([64, 1])
torch.Size([64, 1])
torch.Size([64, 1])
torch.Size([64, 1])
torch.Size([64, 1])
torch.Size([64, 1])
torch.Size([64, 1])
torch.Size([64, 1])
torch.Size([64, 1])
torch.Size([64, 1])
torch.Size([64, 1])
torch.Size([64, 1])
torch.Size([64, 1])
torch.Size([64, 1])
torch.Size([64, 1])
torch.Size([64, 1])
torch.Size([64, 1])
torch.Size([64, 1])
torch.Size([64, 1])
torch.Size([64, 1])
torch.Size([64, 1])
torch.Size([64, 1])
torch.Size([64, 1])
torch.Size([64, 1])
torch.Size([64, 1])
torch.Size([64, 1])
torch.Size([64, 1])
torch.Size([64, 1])
torch.Size([64, 1])
torch.Size([64, 1])
torch.Size([64, 1])
torch.Size([64, 1])
torch.Size([64, 1])
torch.Size([64, 1])
torch.Size([64, 1])
torch.Size([64, 1])
torch.Size([64, 1])
torch.Size([64, 1])
torch.Size([64, 1])
torch.Size([64, 1])
torch.Size([64, 1])
torch.Size([64, 1])
torch.Size([64, 1])
torch.Size([64, 1])
torch.Size([64, 1])
torch.Size([64, 1])
torch.Size([64, 1])
torch.Size([64, 1])
torch.Size([64, 1])
torch.Size([64, 1])
torch.Size([64, 1])
torch.Size([64, 1])
torch.Size([64, 1])
torch.Size([64, 1])
torch.Size([64, 1])
torch.Size([64, 1])
torch.Size([64, 1])
torch.Size([64, 1])
torch.Size([64, 1])
torch.Size([64, 1])
torch.Size([64, 1])
torch.Size([64, 1])
torch.Size([64, 1])
torch.Size([64, 1])
torch.Size([64, 1])
torch.Size([64, 1])
torch.Size([64, 1])
torch.Size([64, 1])
torch.Size([64, 1])
torch.Size([64, 1])
torch.Size([64, 1])
torch.Size([64, 1])
torch.Size([64, 1])
torch.Size([64, 1])
torch.Size([64, 1])
torch.Size([64, 1])
torch.Size([64, 1])
torch.Size([64, 1])
torch.Size([64, 1])
torch.Size([64, 1])
torch.Size([64, 1])
torch.Size([64, 1])
torch.Size([64, 1])
torch.Size([64, 1])
torch.Size([64, 1])
torch.Size([64, 1])
torch.Size([64, 1])
torch.Size([64, 1])
torch.Size([64, 1])
torch.Size([64, 1])
torch.Size([64, 1])
torch.Size([64, 1])
torch.Size([64, 1])
torch.Size([64, 1])
torch.Size([64, 1])
torch.Size([64, 1])
torch.Size([64, 1])
torch.Size([64, 1])
torch.Size([64, 1])
torch.Size([64, 1])
torch.Size([64, 1])
torch.Size([64, 1])
torch.Size([64, 1])
torch.Size([64, 1])
torch.Size([64, 1])
torch.Size([64, 1])
torch.Size([64, 1])
torch.Size([64, 1])
torch.Size([64, 1])
torch.Size([64, 1])
torch.Size([64, 1])
torch.Size([64, 1])
torch.Size([64, 1])
torch.Size([64, 1])
torch.Size([64, 1])
torch.Size([64, 1])
torch.Size([64, 1])
torch.Size([64, 1])
torch.Size([64, 1])
torch.Size([64, 1])
torch.Size([64, 1])
torch.Size([64, 1])
torch.Size([64, 1])
torch.Size([64, 1])
torch.Size([64, 1])
torch.Size([64, 1])
torch.Size([64, 1])
torch.Size([64, 1])
torch.Size([64, 1])
torch.Size([64, 1])
torch.Size([64, 1])
torch.Size([64, 1])
torch.Size([64, 1])
torch.Size([64, 1])
torch.Size([64, 1])
torch.Size([64, 1])
torch.Size([64, 1])
torch.Size([64, 1])
torch.Size([64, 1])
torch.Size([64, 1])
torch.Size([64, 1])
torch.Size([64, 1])
torch.Size([64, 1])
torch.Size([64, 1])
torch.Size([64, 1])
torch.Size([64, 1])
torch.Size([64, 1])
torch.Size([64, 1])
torch.Size([64, 1])
torch.Size([64, 1])
torch.Size([64, 1])
torch.Size([64, 1])
torch.Size([64, 1])
torch.Size([64, 1])
torch.Size([64, 1])
torch.Size([64, 1])
torch.Size([64, 1])
torch.Size([64, 1])
torch.Size([64, 1])
torch.Size([64, 1])
torch.Size([64, 1])
torch.Size([64, 1])
torch.Size([64, 1])
torch.Size([64, 1])
torch.Size([64, 1])
torch.Size([64, 1])
torch.Size([64, 1])
torch.Size([64, 1])
torch.Size([64, 1])
torch.Size([64, 1])
torch.Size([64, 1])
torch.Size([64, 1])
torch.Size([64, 1])
torch.Size([64, 1])
torch.Size([64, 1])
torch.Size([64, 1])
torch.Size([64, 1])
torch.Size([64, 1])
torch.Size([64, 1])
torch.Size([64, 1])
torch.Size([64, 1])
torch.Size([64, 1])
torch.Size([64, 1])
torch.Size([64, 1])
torch.Size([64, 1])
torch.Size([64, 1])
torch.Size([64, 1])
torch.Size([64, 1])
torch.Size([64, 1])
torch.Size([64, 1])
torch.Size([64, 1])
torch.Size([64, 1])
torch.Size([64, 1])
torch.Size([64, 1])
torch.Size([64, 1])
torch.Size([64, 1])
torch.Size([64, 1])
torch.Size([64, 1])
torch.Size([64, 1])
torch.Size([64, 1])
torch.Size([64, 1])
torch.Size([64, 1])
torch.Size([64, 1])
torch.Size([64, 1])
torch.Size([64, 1])
torch.Size([64, 1])
torch.Size([64, 1])
torch.Size([64, 1])
torch.Size([64, 1])
torch.Size([64, 1])
torch.Size([64, 1])
torch.Size([64, 1])
torch.Size([64, 1])
torch.Size([64, 1])
torch.Size([64, 1])
torch.Size([64, 1])
torch.Size([64, 1])
torch.Size([64, 1])
torch.Size([64, 1])
torch.Size([64, 1])
torch.Size([64, 1])
torch.Size([64, 1])
torch.Size([64, 1])
torch.Size([64, 1])
torch.Size([64, 1])
torch.Size([64, 1])
torch.Size([64, 1])
torch.Size([64, 1])
torch.Size([64, 1])
torch.Size([64, 1])
torch.Size([64, 1])
torch.Size([64, 1])
torch.Size([64, 1])
torch.Size([64, 1])
torch.Size([64, 1])
torch.Size([64, 1])
torch.Size([64, 1])
torch.Size([64, 1])
torch.Size([64, 1])
torch.Size([64, 1])
torch.Size([64, 1])
torch.Size([64, 1])
torch.Size([64, 1])
torch.Size([64, 1])
torch.Size([64, 1])
torch.Size([64, 1])
torch.Size([64, 1])
torch.Size([64, 1])
torch.Size([64, 1])
torch.Size([64, 1])
torch.Size([64, 1])
torch.Size([64, 1])
torch.Size([64, 1])
torch.Size([64, 1])
torch.Size([64, 1])
torch.Size([64, 1])
torch.Size([64, 1])
torch.Size([64, 1])
torch.Size([64, 1])
torch.Size([64, 1])
torch.Size([64, 1])
torch.Size([64, 1])
torch.Size([64, 1])
torch.Size([64, 1])
torch.Size([64, 1])
torch.Size([64, 1])
torch.Size([64, 1])
torch.Size([64, 1])
torch.Size([64, 1])
torch.Size([64, 1])
torch.Size([64, 1])
torch.Size([64, 1])
torch.Size([64, 1])
torch.Size([64, 1])
torch.Size([64, 1])
torch.Size([64, 1])
torch.Size([64, 1])
torch.Size([64, 1])
torch.Size([64, 1])
torch.Size([64, 1])
torch.Size([64, 1])
torch.Size([64, 1])
torch.Size([64, 1])
torch.Size([64, 1])
torch.Size([64, 1])
torch.Size([64, 1])
torch.Size([64, 1])
torch.Size([64, 1])
torch.Size([64, 1])
torch.Size([64, 1])
torch.Size([64, 1])
torch.Size([64, 1])
torch.Size([64, 1])
torch.Size([64, 1])
torch.Size([64, 1])
torch.Size([64, 1])
torch.Size([64, 1])
torch.Size([64, 1])
torch.Size([64, 1])
torch.Size([64, 1])
torch.Size([64, 1])
torch.Size([64, 1])
torch.Size([64, 1])
torch.Size([64, 1])
Epoch [25/45] | Train Loss: 0.6806 | Train Acc: 0.5342 | Val Loss: 0.6152 | Val Acc: 0.8484
torch.Size([64, 1])
torch.Size([64, 1])
torch.Size([64, 1])
torch.Size([64, 1])
torch.Size([64, 1])
torch.Size([64, 1])
torch.Size([64, 1])
torch.Size([64, 1])
torch.Size([64, 1])
torch.Size([64, 1])
torch.Size([64, 1])
torch.Size([64, 1])
torch.Size([64, 1])
torch.Size([64, 1])
torch.Size([64, 1])
torch.Size([64, 1])
torch.Size([64, 1])
torch.Size([64, 1])
torch.Size([64, 1])
torch.Size([64, 1])
torch.Size([64, 1])
torch.Size([64, 1])
torch.Size([64, 1])
torch.Size([64, 1])
torch.Size([64, 1])
torch.Size([64, 1])
torch.Size([64, 1])
torch.Size([64, 1])
torch.Size([64, 1])
torch.Size([64, 1])
torch.Size([64, 1])
torch.Size([64, 1])
torch.Size([64, 1])
torch.Size([64, 1])
torch.Size([64, 1])
torch.Size([64, 1])
torch.Size([64, 1])
torch.Size([64, 1])
torch.Size([64, 1])
torch.Size([64, 1])
torch.Size([64, 1])
torch.Size([64, 1])
torch.Size([64, 1])
torch.Size([64, 1])
torch.Size([64, 1])
torch.Size([64, 1])
torch.Size([64, 1])
torch.Size([64, 1])
torch.Size([64, 1])
torch.Size([64, 1])
torch.Size([64, 1])
torch.Size([64, 1])
torch.Size([64, 1])
torch.Size([64, 1])
torch.Size([64, 1])
torch.Size([64, 1])
torch.Size([64, 1])
torch.Size([64, 1])
torch.Size([64, 1])
torch.Size([64, 1])
torch.Size([64, 1])
torch.Size([64, 1])
torch.Size([64, 1])
torch.Size([64, 1])
torch.Size([64, 1])
torch.Size([64, 1])
torch.Size([64, 1])
torch.Size([64, 1])
torch.Size([64, 1])
torch.Size([64, 1])
torch.Size([64, 1])
torch.Size([64, 1])
torch.Size([64, 1])
torch.Size([64, 1])
torch.Size([64, 1])
torch.Size([64, 1])
torch.Size([64, 1])
torch.Size([64, 1])
torch.Size([64, 1])
torch.Size([64, 1])
torch.Size([64, 1])
torch.Size([64, 1])
torch.Size([64, 1])
torch.Size([64, 1])
torch.Size([64, 1])
torch.Size([64, 1])
torch.Size([64, 1])
torch.Size([64, 1])
torch.Size([64, 1])
torch.Size([64, 1])
torch.Size([64, 1])
torch.Size([64, 1])
torch.Size([64, 1])
torch.Size([64, 1])
torch.Size([64, 1])
torch.Size([64, 1])
torch.Size([64, 1])
torch.Size([64, 1])
torch.Size([64, 1])
torch.Size([64, 1])
torch.Size([64, 1])
torch.Size([64, 1])
torch.Size([64, 1])
torch.Size([64, 1])
torch.Size([64, 1])
torch.Size([64, 1])
torch.Size([64, 1])
torch.Size([64, 1])
torch.Size([64, 1])
torch.Size([64, 1])
torch.Size([64, 1])
torch.Size([64, 1])
torch.Size([64, 1])
torch.Size([64, 1])
torch.Size([64, 1])
torch.Size([64, 1])
torch.Size([64, 1])
torch.Size([64, 1])
torch.Size([64, 1])
torch.Size([64, 1])
torch.Size([64, 1])
torch.Size([64, 1])
torch.Size([64, 1])
torch.Size([64, 1])
torch.Size([64, 1])
torch.Size([64, 1])
torch.Size([64, 1])
torch.Size([64, 1])
torch.Size([64, 1])
torch.Size([64, 1])
torch.Size([64, 1])
torch.Size([64, 1])
torch.Size([64, 1])
torch.Size([64, 1])
torch.Size([64, 1])
torch.Size([64, 1])
torch.Size([64, 1])
torch.Size([64, 1])
torch.Size([64, 1])
torch.Size([64, 1])
torch.Size([64, 1])
torch.Size([64, 1])
torch.Size([64, 1])
torch.Size([64, 1])
torch.Size([64, 1])
torch.Size([64, 1])
torch.Size([64, 1])
torch.Size([64, 1])
torch.Size([64, 1])
torch.Size([64, 1])
torch.Size([64, 1])
torch.Size([64, 1])
torch.Size([64, 1])
torch.Size([64, 1])
torch.Size([64, 1])
torch.Size([64, 1])
torch.Size([64, 1])
torch.Size([64, 1])
torch.Size([64, 1])
torch.Size([64, 1])
torch.Size([64, 1])
torch.Size([64, 1])
torch.Size([64, 1])
torch.Size([64, 1])
torch.Size([64, 1])
torch.Size([64, 1])
torch.Size([64, 1])
torch.Size([64, 1])
torch.Size([64, 1])
torch.Size([64, 1])
torch.Size([64, 1])
torch.Size([64, 1])
torch.Size([64, 1])
torch.Size([64, 1])
torch.Size([64, 1])
torch.Size([64, 1])
torch.Size([64, 1])
torch.Size([64, 1])
torch.Size([64, 1])
torch.Size([64, 1])
torch.Size([64, 1])
torch.Size([64, 1])
torch.Size([64, 1])
torch.Size([64, 1])
torch.Size([64, 1])
torch.Size([64, 1])
torch.Size([64, 1])
torch.Size([64, 1])
torch.Size([64, 1])
torch.Size([64, 1])
torch.Size([64, 1])
torch.Size([64, 1])
torch.Size([64, 1])
torch.Size([64, 1])
torch.Size([64, 1])
torch.Size([64, 1])
torch.Size([64, 1])
torch.Size([64, 1])
torch.Size([64, 1])
torch.Size([64, 1])
torch.Size([64, 1])
torch.Size([64, 1])
torch.Size([64, 1])
torch.Size([64, 1])
torch.Size([64, 1])
torch.Size([64, 1])
torch.Size([64, 1])
torch.Size([64, 1])
torch.Size([64, 1])
torch.Size([64, 1])
torch.Size([64, 1])
torch.Size([64, 1])
torch.Size([64, 1])
torch.Size([64, 1])
torch.Size([64, 1])
torch.Size([64, 1])
torch.Size([64, 1])
torch.Size([64, 1])
torch.Size([64, 1])
torch.Size([64, 1])
torch.Size([64, 1])
torch.Size([64, 1])
torch.Size([64, 1])
torch.Size([64, 1])
torch.Size([64, 1])
torch.Size([64, 1])
torch.Size([64, 1])
torch.Size([64, 1])
torch.Size([64, 1])
torch.Size([64, 1])
torch.Size([64, 1])
torch.Size([64, 1])
torch.Size([64, 1])
torch.Size([64, 1])
torch.Size([64, 1])
torch.Size([64, 1])
torch.Size([64, 1])
torch.Size([64, 1])
torch.Size([64, 1])
torch.Size([64, 1])
torch.Size([64, 1])
torch.Size([64, 1])
torch.Size([64, 1])
torch.Size([64, 1])
torch.Size([64, 1])
torch.Size([64, 1])
torch.Size([64, 1])
torch.Size([64, 1])
torch.Size([64, 1])
torch.Size([64, 1])
torch.Size([64, 1])
torch.Size([64, 1])
torch.Size([64, 1])
torch.Size([64, 1])
torch.Size([64, 1])
torch.Size([64, 1])
torch.Size([64, 1])
torch.Size([64, 1])
torch.Size([64, 1])
torch.Size([64, 1])
torch.Size([64, 1])
torch.Size([64, 1])
torch.Size([64, 1])
torch.Size([64, 1])
torch.Size([64, 1])
torch.Size([64, 1])
torch.Size([64, 1])
torch.Size([64, 1])
torch.Size([64, 1])
torch.Size([64, 1])
torch.Size([64, 1])
torch.Size([64, 1])
torch.Size([64, 1])
torch.Size([64, 1])
torch.Size([64, 1])
torch.Size([64, 1])
torch.Size([64, 1])
torch.Size([64, 1])
torch.Size([64, 1])
torch.Size([64, 1])
torch.Size([64, 1])
torch.Size([64, 1])
torch.Size([64, 1])
torch.Size([64, 1])
torch.Size([64, 1])
torch.Size([64, 1])
torch.Size([64, 1])
torch.Size([64, 1])
torch.Size([64, 1])
torch.Size([64, 1])
torch.Size([64, 1])
torch.Size([64, 1])
torch.Size([64, 1])
torch.Size([64, 1])
torch.Size([64, 1])
torch.Size([64, 1])
torch.Size([64, 1])
torch.Size([64, 1])
torch.Size([64, 1])
torch.Size([64, 1])
torch.Size([64, 1])
torch.Size([64, 1])
torch.Size([64, 1])
torch.Size([64, 1])
torch.Size([64, 1])
torch.Size([64, 1])
torch.Size([64, 1])
torch.Size([64, 1])
torch.Size([64, 1])
torch.Size([64, 1])
torch.Size([64, 1])
torch.Size([64, 1])
torch.Size([64, 1])
torch.Size([64, 1])
torch.Size([64, 1])
torch.Size([64, 1])
Epoch [29] had best val_Loss
torch.Size([64, 1])
torch.Size([64, 1])
torch.Size([64, 1])
torch.Size([64, 1])
torch.Size([64, 1])
torch.Size([64, 1])
torch.Size([64, 1])
torch.Size([64, 1])
torch.Size([64, 1])
torch.Size([64, 1])
torch.Size([64, 1])
torch.Size([64, 1])
torch.Size([64, 1])
torch.Size([64, 1])
torch.Size([64, 1])
torch.Size([64, 1])
torch.Size([64, 1])
torch.Size([64, 1])
torch.Size([64, 1])
torch.Size([64, 1])
torch.Size([64, 1])
torch.Size([64, 1])
torch.Size([64, 1])
torch.Size([64, 1])
torch.Size([64, 1])
torch.Size([64, 1])
torch.Size([64, 1])
torch.Size([64, 1])
torch.Size([64, 1])
torch.Size([64, 1])
torch.Size([64, 1])
torch.Size([64, 1])
torch.Size([64, 1])
torch.Size([64, 1])
torch.Size([64, 1])
torch.Size([64, 1])
torch.Size([64, 1])
torch.Size([64, 1])
torch.Size([64, 1])
torch.Size([64, 1])
torch.Size([64, 1])
torch.Size([64, 1])
torch.Size([64, 1])
torch.Size([64, 1])
torch.Size([64, 1])
torch.Size([64, 1])
torch.Size([64, 1])
torch.Size([64, 1])
torch.Size([64, 1])
torch.Size([64, 1])
torch.Size([64, 1])
torch.Size([64, 1])
torch.Size([64, 1])
torch.Size([64, 1])
torch.Size([64, 1])
torch.Size([64, 1])
torch.Size([64, 1])
torch.Size([64, 1])
torch.Size([64, 1])
torch.Size([64, 1])
torch.Size([64, 1])
torch.Size([64, 1])
torch.Size([64, 1])
torch.Size([64, 1])
torch.Size([64, 1])
torch.Size([64, 1])
torch.Size([64, 1])
torch.Size([64, 1])
torch.Size([64, 1])
torch.Size([64, 1])
torch.Size([64, 1])
torch.Size([64, 1])
torch.Size([64, 1])
torch.Size([64, 1])
torch.Size([64, 1])
torch.Size([64, 1])
torch.Size([64, 1])
torch.Size([64, 1])
torch.Size([64, 1])
Epoch [30/45] | Train Loss: 0.7094 | Train Acc: 0.5330 | Val Loss: 0.6995 | Val Acc: 0.2234
torch.Size([64, 1])
torch.Size([64, 1])
torch.Size([64, 1])
torch.Size([64, 1])
torch.Size([64, 1])
torch.Size([64, 1])
torch.Size([64, 1])
torch.Size([64, 1])
torch.Size([64, 1])
torch.Size([64, 1])
torch.Size([64, 1])
torch.Size([64, 1])
torch.Size([64, 1])
torch.Size([64, 1])
torch.Size([64, 1])
torch.Size([64, 1])
torch.Size([64, 1])
torch.Size([64, 1])
torch.Size([64, 1])
torch.Size([64, 1])
torch.Size([64, 1])
torch.Size([64, 1])
torch.Size([64, 1])
torch.Size([64, 1])
torch.Size([64, 1])
torch.Size([64, 1])
torch.Size([64, 1])
torch.Size([64, 1])
torch.Size([64, 1])
torch.Size([64, 1])
torch.Size([64, 1])
torch.Size([64, 1])
torch.Size([64, 1])
torch.Size([64, 1])
torch.Size([64, 1])
torch.Size([64, 1])
torch.Size([64, 1])
torch.Size([64, 1])
torch.Size([64, 1])
torch.Size([64, 1])
torch.Size([64, 1])
torch.Size([64, 1])
torch.Size([64, 1])
torch.Size([64, 1])
torch.Size([64, 1])
torch.Size([64, 1])
torch.Size([64, 1])
torch.Size([64, 1])
torch.Size([64, 1])
torch.Size([64, 1])
torch.Size([64, 1])
torch.Size([64, 1])
torch.Size([64, 1])
torch.Size([64, 1])
torch.Size([64, 1])
torch.Size([64, 1])
torch.Size([64, 1])
torch.Size([64, 1])
torch.Size([64, 1])
torch.Size([64, 1])
torch.Size([64, 1])
torch.Size([64, 1])
torch.Size([64, 1])
torch.Size([64, 1])
torch.Size([64, 1])
torch.Size([64, 1])
torch.Size([64, 1])
torch.Size([64, 1])
torch.Size([64, 1])
torch.Size([64, 1])
torch.Size([64, 1])
torch.Size([64, 1])
torch.Size([64, 1])
torch.Size([64, 1])
torch.Size([64, 1])
torch.Size([64, 1])
torch.Size([64, 1])
torch.Size([64, 1])
torch.Size([64, 1])
torch.Size([64, 1])
torch.Size([64, 1])
torch.Size([64, 1])
torch.Size([64, 1])
torch.Size([64, 1])
torch.Size([64, 1])
torch.Size([64, 1])
torch.Size([64, 1])
torch.Size([64, 1])
torch.Size([64, 1])
torch.Size([64, 1])
torch.Size([64, 1])
torch.Size([64, 1])
torch.Size([64, 1])
torch.Size([64, 1])
torch.Size([64, 1])
torch.Size([64, 1])
torch.Size([64, 1])
torch.Size([64, 1])
torch.Size([64, 1])
torch.Size([64, 1])
torch.Size([64, 1])
torch.Size([64, 1])
torch.Size([64, 1])
torch.Size([64, 1])
torch.Size([64, 1])
torch.Size([64, 1])
torch.Size([64, 1])
torch.Size([64, 1])
torch.Size([64, 1])
torch.Size([64, 1])
torch.Size([64, 1])
torch.Size([64, 1])
torch.Size([64, 1])
torch.Size([64, 1])
torch.Size([64, 1])
torch.Size([64, 1])
torch.Size([64, 1])
torch.Size([64, 1])
torch.Size([64, 1])
torch.Size([64, 1])
torch.Size([64, 1])
torch.Size([64, 1])
torch.Size([64, 1])
torch.Size([64, 1])
torch.Size([64, 1])
torch.Size([64, 1])
torch.Size([64, 1])
torch.Size([64, 1])
torch.Size([64, 1])
torch.Size([64, 1])
torch.Size([64, 1])
torch.Size([64, 1])
torch.Size([64, 1])
torch.Size([64, 1])
torch.Size([64, 1])
torch.Size([64, 1])
torch.Size([64, 1])
torch.Size([64, 1])
torch.Size([64, 1])
torch.Size([64, 1])
torch.Size([64, 1])
torch.Size([64, 1])
torch.Size([64, 1])
torch.Size([64, 1])
torch.Size([64, 1])
torch.Size([64, 1])
torch.Size([64, 1])
torch.Size([64, 1])
torch.Size([64, 1])
torch.Size([64, 1])
torch.Size([64, 1])
torch.Size([64, 1])
torch.Size([64, 1])
torch.Size([64, 1])
torch.Size([64, 1])
torch.Size([64, 1])
torch.Size([64, 1])
torch.Size([64, 1])
torch.Size([64, 1])
torch.Size([64, 1])
torch.Size([64, 1])
torch.Size([64, 1])
torch.Size([64, 1])
torch.Size([64, 1])
torch.Size([64, 1])
torch.Size([64, 1])
torch.Size([64, 1])
torch.Size([64, 1])
torch.Size([64, 1])
torch.Size([64, 1])
torch.Size([64, 1])
torch.Size([64, 1])
torch.Size([64, 1])
torch.Size([64, 1])
torch.Size([64, 1])
torch.Size([64, 1])
torch.Size([64, 1])
torch.Size([64, 1])
torch.Size([64, 1])
torch.Size([64, 1])
torch.Size([64, 1])
torch.Size([64, 1])
torch.Size([64, 1])
torch.Size([64, 1])
torch.Size([64, 1])
torch.Size([64, 1])
torch.Size([64, 1])
torch.Size([64, 1])
torch.Size([64, 1])
torch.Size([64, 1])
torch.Size([64, 1])
torch.Size([64, 1])
torch.Size([64, 1])
torch.Size([64, 1])
torch.Size([64, 1])
torch.Size([64, 1])
torch.Size([64, 1])
torch.Size([64, 1])
torch.Size([64, 1])
torch.Size([64, 1])
torch.Size([64, 1])
torch.Size([64, 1])
torch.Size([64, 1])
torch.Size([64, 1])
torch.Size([64, 1])
torch.Size([64, 1])
torch.Size([64, 1])
torch.Size([64, 1])
torch.Size([64, 1])
torch.Size([64, 1])
torch.Size([64, 1])
torch.Size([64, 1])
torch.Size([64, 1])
torch.Size([64, 1])
torch.Size([64, 1])
torch.Size([64, 1])
torch.Size([64, 1])
torch.Size([64, 1])
torch.Size([64, 1])
torch.Size([64, 1])
torch.Size([64, 1])
torch.Size([64, 1])
torch.Size([64, 1])
torch.Size([64, 1])
torch.Size([64, 1])
torch.Size([64, 1])
torch.Size([64, 1])
torch.Size([64, 1])
torch.Size([64, 1])
torch.Size([64, 1])
torch.Size([64, 1])
torch.Size([64, 1])
torch.Size([64, 1])
torch.Size([64, 1])
torch.Size([64, 1])
torch.Size([64, 1])
torch.Size([64, 1])
torch.Size([64, 1])
torch.Size([64, 1])
torch.Size([64, 1])
torch.Size([64, 1])
torch.Size([64, 1])
torch.Size([64, 1])
torch.Size([64, 1])
torch.Size([64, 1])
torch.Size([64, 1])
torch.Size([64, 1])
torch.Size([64, 1])
torch.Size([64, 1])
torch.Size([64, 1])
torch.Size([64, 1])
torch.Size([64, 1])
torch.Size([64, 1])
torch.Size([64, 1])
torch.Size([64, 1])
torch.Size([64, 1])
torch.Size([64, 1])
torch.Size([64, 1])
torch.Size([64, 1])
torch.Size([64, 1])
torch.Size([64, 1])
torch.Size([64, 1])
torch.Size([64, 1])
torch.Size([64, 1])
torch.Size([64, 1])
torch.Size([64, 1])
torch.Size([64, 1])
torch.Size([64, 1])
torch.Size([64, 1])
torch.Size([64, 1])
torch.Size([64, 1])
torch.Size([64, 1])
torch.Size([64, 1])
torch.Size([64, 1])
torch.Size([64, 1])
torch.Size([64, 1])
torch.Size([64, 1])
torch.Size([64, 1])
torch.Size([64, 1])
torch.Size([64, 1])
torch.Size([64, 1])
torch.Size([64, 1])
torch.Size([64, 1])
torch.Size([64, 1])
torch.Size([64, 1])
torch.Size([64, 1])
torch.Size([64, 1])
torch.Size([64, 1])
torch.Size([64, 1])
torch.Size([64, 1])
torch.Size([64, 1])
torch.Size([64, 1])
torch.Size([64, 1])
torch.Size([64, 1])
torch.Size([64, 1])
torch.Size([64, 1])
torch.Size([64, 1])
torch.Size([64, 1])
torch.Size([64, 1])
torch.Size([64, 1])
torch.Size([64, 1])
torch.Size([64, 1])
torch.Size([64, 1])
torch.Size([64, 1])
torch.Size([64, 1])
torch.Size([64, 1])
torch.Size([64, 1])
torch.Size([64, 1])
torch.Size([64, 1])
torch.Size([64, 1])
torch.Size([64, 1])
torch.Size([64, 1])
torch.Size([64, 1])
torch.Size([64, 1])
torch.Size([64, 1])
torch.Size([64, 1])
torch.Size([64, 1])
torch.Size([64, 1])
torch.Size([64, 1])
torch.Size([64, 1])
torch.Size([64, 1])
torch.Size([64, 1])
torch.Size([64, 1])
torch.Size([64, 1])
torch.Size([64, 1])
torch.Size([64, 1])
torch.Size([64, 1])
torch.Size([64, 1])
torch.Size([64, 1])
torch.Size([64, 1])
torch.Size([64, 1])
torch.Size([64, 1])
torch.Size([64, 1])
torch.Size([64, 1])
torch.Size([64, 1])
torch.Size([64, 1])
torch.Size([64, 1])
torch.Size([64, 1])
torch.Size([64, 1])
torch.Size([64, 1])
torch.Size([64, 1])
torch.Size([64, 1])
torch.Size([64, 1])
torch.Size([64, 1])
torch.Size([64, 1])
torch.Size([64, 1])
torch.Size([64, 1])
torch.Size([64, 1])
torch.Size([64, 1])
torch.Size([64, 1])
torch.Size([64, 1])
torch.Size([64, 1])
torch.Size([64, 1])
torch.Size([64, 1])
torch.Size([64, 1])
torch.Size([64, 1])
torch.Size([64, 1])
torch.Size([64, 1])
torch.Size([64, 1])
torch.Size([64, 1])
torch.Size([64, 1])
torch.Size([64, 1])
torch.Size([64, 1])
torch.Size([64, 1])
torch.Size([64, 1])
torch.Size([64, 1])
torch.Size([64, 1])
torch.Size([64, 1])
torch.Size([64, 1])
torch.Size([64, 1])
torch.Size([64, 1])
torch.Size([64, 1])
torch.Size([64, 1])
torch.Size([64, 1])
torch.Size([64, 1])
torch.Size([64, 1])
torch.Size([64, 1])
torch.Size([64, 1])
torch.Size([64, 1])
torch.Size([64, 1])
torch.Size([64, 1])
torch.Size([64, 1])
torch.Size([64, 1])
torch.Size([64, 1])
torch.Size([64, 1])
torch.Size([64, 1])
torch.Size([64, 1])
torch.Size([64, 1])
torch.Size([64, 1])
torch.Size([64, 1])
torch.Size([64, 1])
torch.Size([64, 1])
torch.Size([64, 1])
torch.Size([64, 1])
torch.Size([64, 1])
Epoch [35/45] | Train Loss: 0.7039 | Train Acc: 0.5243 | Val Loss: 0.6319 | Val Acc: 0.7906
torch.Size([64, 1])
torch.Size([64, 1])
torch.Size([64, 1])
torch.Size([64, 1])
torch.Size([64, 1])
torch.Size([64, 1])
torch.Size([64, 1])
torch.Size([64, 1])
torch.Size([64, 1])
torch.Size([64, 1])
torch.Size([64, 1])
torch.Size([64, 1])
torch.Size([64, 1])
torch.Size([64, 1])
torch.Size([64, 1])
torch.Size([64, 1])
torch.Size([64, 1])
torch.Size([64, 1])
torch.Size([64, 1])
torch.Size([64, 1])
torch.Size([64, 1])
torch.Size([64, 1])
torch.Size([64, 1])
torch.Size([64, 1])
torch.Size([64, 1])
torch.Size([64, 1])
torch.Size([64, 1])
torch.Size([64, 1])
torch.Size([64, 1])
torch.Size([64, 1])
torch.Size([64, 1])
torch.Size([64, 1])
torch.Size([64, 1])
torch.Size([64, 1])
torch.Size([64, 1])
torch.Size([64, 1])
torch.Size([64, 1])
torch.Size([64, 1])
torch.Size([64, 1])
torch.Size([64, 1])
torch.Size([64, 1])
torch.Size([64, 1])
torch.Size([64, 1])
torch.Size([64, 1])
torch.Size([64, 1])
torch.Size([64, 1])
torch.Size([64, 1])
torch.Size([64, 1])
torch.Size([64, 1])
torch.Size([64, 1])
torch.Size([64, 1])
torch.Size([64, 1])
torch.Size([64, 1])
torch.Size([64, 1])
torch.Size([64, 1])
torch.Size([64, 1])
torch.Size([64, 1])
torch.Size([64, 1])
torch.Size([64, 1])
torch.Size([64, 1])
torch.Size([64, 1])
torch.Size([64, 1])
torch.Size([64, 1])
torch.Size([64, 1])
torch.Size([64, 1])
torch.Size([64, 1])
torch.Size([64, 1])
torch.Size([64, 1])
torch.Size([64, 1])
torch.Size([64, 1])
torch.Size([64, 1])
torch.Size([64, 1])
torch.Size([64, 1])
torch.Size([64, 1])
torch.Size([64, 1])
torch.Size([64, 1])
torch.Size([64, 1])
torch.Size([64, 1])
torch.Size([64, 1])
torch.Size([64, 1])
torch.Size([64, 1])
torch.Size([64, 1])
torch.Size([64, 1])
torch.Size([64, 1])
torch.Size([64, 1])
torch.Size([64, 1])
torch.Size([64, 1])
torch.Size([64, 1])
torch.Size([64, 1])
torch.Size([64, 1])
torch.Size([64, 1])
torch.Size([64, 1])
torch.Size([64, 1])
torch.Size([64, 1])
torch.Size([64, 1])
torch.Size([64, 1])
torch.Size([64, 1])
torch.Size([64, 1])
torch.Size([64, 1])
torch.Size([64, 1])
torch.Size([64, 1])
torch.Size([64, 1])
torch.Size([64, 1])
torch.Size([64, 1])
torch.Size([64, 1])
torch.Size([64, 1])
torch.Size([64, 1])
torch.Size([64, 1])
torch.Size([64, 1])
torch.Size([64, 1])
torch.Size([64, 1])
torch.Size([64, 1])
torch.Size([64, 1])
torch.Size([64, 1])
torch.Size([64, 1])
torch.Size([64, 1])
torch.Size([64, 1])
torch.Size([64, 1])
torch.Size([64, 1])
torch.Size([64, 1])
torch.Size([64, 1])
torch.Size([64, 1])
torch.Size([64, 1])
torch.Size([64, 1])
torch.Size([64, 1])
torch.Size([64, 1])
torch.Size([64, 1])
torch.Size([64, 1])
torch.Size([64, 1])
torch.Size([64, 1])
torch.Size([64, 1])
torch.Size([64, 1])
torch.Size([64, 1])
torch.Size([64, 1])
torch.Size([64, 1])
torch.Size([64, 1])
torch.Size([64, 1])
torch.Size([64, 1])
torch.Size([64, 1])
torch.Size([64, 1])
torch.Size([64, 1])
torch.Size([64, 1])
torch.Size([64, 1])
torch.Size([64, 1])
torch.Size([64, 1])
torch.Size([64, 1])
torch.Size([64, 1])
torch.Size([64, 1])
torch.Size([64, 1])
torch.Size([64, 1])
torch.Size([64, 1])
torch.Size([64, 1])
torch.Size([64, 1])
torch.Size([64, 1])
torch.Size([64, 1])
torch.Size([64, 1])
torch.Size([64, 1])
torch.Size([64, 1])
torch.Size([64, 1])
torch.Size([64, 1])
torch.Size([64, 1])
torch.Size([64, 1])
torch.Size([64, 1])
torch.Size([64, 1])
torch.Size([64, 1])
torch.Size([64, 1])
torch.Size([64, 1])
torch.Size([64, 1])
torch.Size([64, 1])
torch.Size([64, 1])
torch.Size([64, 1])
torch.Size([64, 1])
torch.Size([64, 1])
torch.Size([64, 1])
torch.Size([64, 1])
torch.Size([64, 1])
torch.Size([64, 1])
torch.Size([64, 1])
torch.Size([64, 1])
torch.Size([64, 1])
torch.Size([64, 1])
torch.Size([64, 1])
torch.Size([64, 1])
torch.Size([64, 1])
torch.Size([64, 1])
torch.Size([64, 1])
torch.Size([64, 1])
torch.Size([64, 1])
torch.Size([64, 1])
torch.Size([64, 1])
torch.Size([64, 1])
torch.Size([64, 1])
torch.Size([64, 1])
torch.Size([64, 1])
torch.Size([64, 1])
torch.Size([64, 1])
torch.Size([64, 1])
torch.Size([64, 1])
torch.Size([64, 1])
torch.Size([64, 1])
torch.Size([64, 1])
torch.Size([64, 1])
torch.Size([64, 1])
torch.Size([64, 1])
torch.Size([64, 1])
torch.Size([64, 1])
torch.Size([64, 1])
torch.Size([64, 1])
torch.Size([64, 1])
torch.Size([64, 1])
torch.Size([64, 1])
torch.Size([64, 1])
torch.Size([64, 1])
torch.Size([64, 1])
torch.Size([64, 1])
torch.Size([64, 1])
torch.Size([64, 1])
torch.Size([64, 1])
torch.Size([64, 1])
torch.Size([64, 1])
torch.Size([64, 1])
torch.Size([64, 1])
torch.Size([64, 1])
torch.Size([64, 1])
torch.Size([64, 1])
torch.Size([64, 1])
torch.Size([64, 1])
torch.Size([64, 1])
torch.Size([64, 1])
torch.Size([64, 1])
torch.Size([64, 1])
torch.Size([64, 1])
torch.Size([64, 1])
torch.Size([64, 1])
torch.Size([64, 1])
torch.Size([64, 1])
torch.Size([64, 1])
torch.Size([64, 1])
torch.Size([64, 1])
torch.Size([64, 1])
torch.Size([64, 1])
torch.Size([64, 1])
torch.Size([64, 1])
torch.Size([64, 1])
torch.Size([64, 1])
torch.Size([64, 1])
torch.Size([64, 1])
torch.Size([64, 1])
torch.Size([64, 1])
torch.Size([64, 1])
torch.Size([64, 1])
torch.Size([64, 1])
torch.Size([64, 1])
torch.Size([64, 1])
torch.Size([64, 1])
torch.Size([64, 1])
torch.Size([64, 1])
torch.Size([64, 1])
torch.Size([64, 1])
torch.Size([64, 1])
torch.Size([64, 1])
torch.Size([64, 1])
torch.Size([64, 1])
torch.Size([64, 1])
torch.Size([64, 1])
torch.Size([64, 1])
torch.Size([64, 1])
torch.Size([64, 1])
torch.Size([64, 1])
torch.Size([64, 1])
torch.Size([64, 1])
torch.Size([64, 1])
torch.Size([64, 1])
torch.Size([64, 1])
torch.Size([64, 1])
torch.Size([64, 1])
torch.Size([64, 1])
torch.Size([64, 1])
torch.Size([64, 1])
torch.Size([64, 1])
torch.Size([64, 1])
torch.Size([64, 1])
torch.Size([64, 1])
torch.Size([64, 1])
torch.Size([64, 1])
torch.Size([64, 1])
torch.Size([64, 1])
torch.Size([64, 1])
torch.Size([64, 1])
torch.Size([64, 1])
torch.Size([64, 1])
torch.Size([64, 1])
torch.Size([64, 1])
torch.Size([64, 1])
torch.Size([64, 1])
torch.Size([64, 1])
torch.Size([64, 1])
torch.Size([64, 1])
torch.Size([64, 1])
torch.Size([64, 1])
torch.Size([64, 1])
torch.Size([64, 1])
torch.Size([64, 1])
torch.Size([64, 1])
torch.Size([64, 1])
torch.Size([64, 1])
torch.Size([64, 1])
torch.Size([64, 1])
torch.Size([64, 1])
torch.Size([64, 1])
torch.Size([64, 1])
torch.Size([64, 1])
torch.Size([64, 1])
torch.Size([64, 1])
torch.Size([64, 1])
torch.Size([64, 1])
torch.Size([64, 1])
torch.Size([64, 1])
torch.Size([64, 1])
torch.Size([64, 1])
torch.Size([64, 1])
torch.Size([64, 1])
torch.Size([64, 1])
torch.Size([64, 1])
torch.Size([64, 1])
torch.Size([64, 1])
torch.Size([64, 1])
torch.Size([64, 1])
torch.Size([64, 1])
torch.Size([64, 1])
torch.Size([64, 1])
torch.Size([64, 1])
torch.Size([64, 1])
torch.Size([64, 1])
torch.Size([64, 1])
torch.Size([64, 1])
torch.Size([64, 1])
torch.Size([64, 1])
torch.Size([64, 1])
torch.Size([64, 1])
torch.Size([64, 1])
torch.Size([64, 1])
torch.Size([64, 1])
torch.Size([64, 1])
torch.Size([64, 1])
torch.Size([64, 1])
torch.Size([64, 1])
torch.Size([64, 1])
torch.Size([64, 1])
torch.Size([64, 1])
torch.Size([64, 1])
torch.Size([64, 1])
torch.Size([64, 1])
torch.Size([64, 1])
torch.Size([64, 1])
torch.Size([64, 1])
torch.Size([64, 1])
torch.Size([64, 1])
torch.Size([64, 1])
torch.Size([64, 1])
torch.Size([64, 1])
torch.Size([64, 1])
torch.Size([64, 1])
torch.Size([64, 1])
torch.Size([64, 1])
torch.Size([64, 1])
torch.Size([64, 1])
torch.Size([64, 1])
torch.Size([64, 1])
torch.Size([64, 1])
torch.Size([64, 1])
torch.Size([64, 1])
torch.Size([64, 1])
torch.Size([64, 1])
torch.Size([64, 1])
torch.Size([64, 1])
torch.Size([64, 1])
torch.Size([64, 1])
torch.Size([64, 1])
torch.Size([64, 1])
torch.Size([64, 1])
torch.Size([64, 1])
torch.Size([64, 1])
torch.Size([64, 1])
torch.Size([64, 1])
torch.Size([64, 1])
torch.Size([64, 1])
torch.Size([64, 1])
torch.Size([64, 1])
torch.Size([64, 1])
torch.Size([64, 1])
torch.Size([64, 1])
torch.Size([64, 1])
torch.Size([64, 1])
torch.Size([64, 1])
Epoch [40/45] | Train Loss: 0.6819 | Train Acc: 0.5500 | Val Loss: 0.8648 | Val Acc: 0.2219
torch.Size([64, 1])
torch.Size([64, 1])
torch.Size([64, 1])
torch.Size([64, 1])
torch.Size([64, 1])
torch.Size([64, 1])
torch.Size([64, 1])
torch.Size([64, 1])
torch.Size([64, 1])
torch.Size([64, 1])
torch.Size([64, 1])
torch.Size([64, 1])
torch.Size([64, 1])
torch.Size([64, 1])
torch.Size([64, 1])
torch.Size([64, 1])
torch.Size([64, 1])
torch.Size([64, 1])
torch.Size([64, 1])
torch.Size([64, 1])
torch.Size([64, 1])
torch.Size([64, 1])
torch.Size([64, 1])
torch.Size([64, 1])
torch.Size([64, 1])
torch.Size([64, 1])
torch.Size([64, 1])
torch.Size([64, 1])
torch.Size([64, 1])
torch.Size([64, 1])
torch.Size([64, 1])
torch.Size([64, 1])
torch.Size([64, 1])
torch.Size([64, 1])
torch.Size([64, 1])
torch.Size([64, 1])
torch.Size([64, 1])
torch.Size([64, 1])
torch.Size([64, 1])
torch.Size([64, 1])
torch.Size([64, 1])
torch.Size([64, 1])
torch.Size([64, 1])
torch.Size([64, 1])
torch.Size([64, 1])
torch.Size([64, 1])
torch.Size([64, 1])
torch.Size([64, 1])
torch.Size([64, 1])
torch.Size([64, 1])
torch.Size([64, 1])
torch.Size([64, 1])
torch.Size([64, 1])
torch.Size([64, 1])
torch.Size([64, 1])
torch.Size([64, 1])
torch.Size([64, 1])
torch.Size([64, 1])
torch.Size([64, 1])
torch.Size([64, 1])
torch.Size([64, 1])
torch.Size([64, 1])
torch.Size([64, 1])
torch.Size([64, 1])
torch.Size([64, 1])
torch.Size([64, 1])
torch.Size([64, 1])
torch.Size([64, 1])
torch.Size([64, 1])
torch.Size([64, 1])
torch.Size([64, 1])
torch.Size([64, 1])
torch.Size([64, 1])
torch.Size([64, 1])
torch.Size([64, 1])
torch.Size([64, 1])
torch.Size([64, 1])
torch.Size([64, 1])
torch.Size([64, 1])
Epoch [41] had best val_metric
torch.Size([64, 1])
torch.Size([64, 1])
torch.Size([64, 1])
torch.Size([64, 1])
torch.Size([64, 1])
torch.Size([64, 1])
torch.Size([64, 1])
torch.Size([64, 1])
torch.Size([64, 1])
torch.Size([64, 1])
torch.Size([64, 1])
torch.Size([64, 1])
torch.Size([64, 1])
torch.Size([64, 1])
torch.Size([64, 1])
torch.Size([64, 1])
torch.Size([64, 1])
torch.Size([64, 1])
torch.Size([64, 1])
torch.Size([64, 1])
torch.Size([64, 1])
torch.Size([64, 1])
torch.Size([64, 1])
torch.Size([64, 1])
torch.Size([64, 1])
torch.Size([64, 1])
torch.Size([64, 1])
torch.Size([64, 1])
torch.Size([64, 1])
torch.Size([64, 1])
torch.Size([64, 1])
torch.Size([64, 1])
torch.Size([64, 1])
torch.Size([64, 1])
torch.Size([64, 1])
torch.Size([64, 1])
torch.Size([64, 1])
torch.Size([64, 1])
torch.Size([64, 1])
torch.Size([64, 1])
torch.Size([64, 1])
torch.Size([64, 1])
torch.Size([64, 1])
torch.Size([64, 1])
torch.Size([64, 1])
torch.Size([64, 1])
torch.Size([64, 1])
torch.Size([64, 1])
torch.Size([64, 1])
torch.Size([64, 1])
torch.Size([64, 1])
torch.Size([64, 1])
torch.Size([64, 1])
torch.Size([64, 1])
torch.Size([64, 1])
torch.Size([64, 1])
torch.Size([64, 1])
torch.Size([64, 1])
torch.Size([64, 1])
torch.Size([64, 1])
torch.Size([64, 1])
torch.Size([64, 1])
torch.Size([64, 1])
torch.Size([64, 1])
torch.Size([64, 1])
torch.Size([64, 1])
torch.Size([64, 1])
torch.Size([64, 1])
torch.Size([64, 1])
torch.Size([64, 1])
torch.Size([64, 1])
torch.Size([64, 1])
torch.Size([64, 1])
torch.Size([64, 1])
torch.Size([64, 1])
torch.Size([64, 1])
torch.Size([64, 1])
torch.Size([64, 1])
torch.Size([64, 1])
torch.Size([64, 1])
torch.Size([64, 1])
torch.Size([64, 1])
torch.Size([64, 1])
torch.Size([64, 1])
torch.Size([64, 1])
torch.Size([64, 1])
torch.Size([64, 1])
torch.Size([64, 1])
torch.Size([64, 1])
torch.Size([64, 1])
torch.Size([64, 1])
torch.Size([64, 1])
torch.Size([64, 1])
torch.Size([64, 1])
torch.Size([64, 1])
torch.Size([64, 1])
torch.Size([64, 1])
torch.Size([64, 1])
torch.Size([64, 1])
torch.Size([64, 1])
torch.Size([64, 1])
torch.Size([64, 1])
torch.Size([64, 1])
torch.Size([64, 1])
torch.Size([64, 1])
torch.Size([64, 1])
torch.Size([64, 1])
torch.Size([64, 1])
torch.Size([64, 1])
torch.Size([64, 1])
torch.Size([64, 1])
torch.Size([64, 1])
torch.Size([64, 1])
torch.Size([64, 1])
torch.Size([64, 1])
torch.Size([64, 1])
torch.Size([64, 1])
torch.Size([64, 1])
torch.Size([64, 1])
torch.Size([64, 1])
torch.Size([64, 1])
torch.Size([64, 1])
torch.Size([64, 1])
torch.Size([64, 1])
torch.Size([64, 1])
torch.Size([64, 1])
torch.Size([64, 1])
torch.Size([64, 1])
torch.Size([64, 1])
torch.Size([64, 1])
torch.Size([64, 1])
torch.Size([64, 1])
torch.Size([64, 1])
torch.Size([64, 1])
torch.Size([64, 1])
torch.Size([64, 1])
torch.Size([64, 1])
torch.Size([64, 1])
torch.Size([64, 1])
torch.Size([64, 1])
torch.Size([64, 1])
torch.Size([64, 1])
torch.Size([64, 1])
torch.Size([64, 1])
torch.Size([64, 1])
torch.Size([64, 1])
torch.Size([64, 1])
torch.Size([64, 1])
torch.Size([64, 1])
torch.Size([64, 1])
torch.Size([64, 1])
torch.Size([64, 1])
torch.Size([64, 1])
torch.Size([64, 1])
torch.Size([64, 1])
torch.Size([64, 1])
torch.Size([64, 1])
torch.Size([64, 1])
torch.Size([64, 1])
torch.Size([64, 1])
torch.Size([64, 1])
torch.Size([64, 1])
torch.Size([64, 1])
torch.Size([64, 1])
torch.Size([64, 1])
torch.Size([64, 1])
torch.Size([64, 1])
torch.Size([64, 1])
torch.Size([64, 1])
torch.Size([64, 1])
torch.Size([64, 1])
torch.Size([64, 1])
torch.Size([64, 1])
torch.Size([64, 1])
torch.Size([64, 1])
torch.Size([64, 1])
torch.Size([64, 1])
torch.Size([64, 1])
torch.Size([64, 1])
torch.Size([64, 1])
torch.Size([64, 1])
torch.Size([64, 1])
torch.Size([64, 1])
torch.Size([64, 1])
torch.Size([64, 1])
torch.Size([64, 1])
torch.Size([64, 1])
torch.Size([64, 1])
torch.Size([64, 1])
torch.Size([64, 1])
torch.Size([64, 1])
torch.Size([64, 1])
torch.Size([64, 1])
torch.Size([64, 1])
torch.Size([64, 1])
torch.Size([64, 1])
torch.Size([64, 1])
torch.Size([64, 1])
torch.Size([64, 1])
torch.Size([64, 1])
torch.Size([64, 1])
torch.Size([64, 1])
torch.Size([64, 1])
torch.Size([64, 1])
torch.Size([64, 1])
torch.Size([64, 1])
torch.Size([64, 1])
torch.Size([64, 1])
torch.Size([64, 1])
torch.Size([64, 1])
torch.Size([64, 1])
torch.Size([64, 1])
torch.Size([64, 1])
torch.Size([64, 1])
torch.Size([64, 1])
torch.Size([64, 1])
torch.Size([64, 1])
torch.Size([64, 1])
torch.Size([64, 1])
torch.Size([64, 1])
torch.Size([64, 1])
torch.Size([64, 1])
torch.Size([64, 1])
torch.Size([64, 1])
torch.Size([64, 1])
torch.Size([64, 1])
torch.Size([64, 1])
torch.Size([64, 1])
torch.Size([64, 1])
torch.Size([64, 1])
torch.Size([64, 1])
torch.Size([64, 1])
torch.Size([64, 1])
torch.Size([64, 1])
torch.Size([64, 1])
torch.Size([64, 1])
torch.Size([64, 1])
torch.Size([64, 1])
torch.Size([64, 1])
torch.Size([64, 1])
torch.Size([64, 1])
torch.Size([64, 1])
torch.Size([64, 1])
torch.Size([64, 1])
torch.Size([64, 1])
torch.Size([64, 1])
torch.Size([64, 1])
torch.Size([64, 1])
torch.Size([64, 1])
torch.Size([64, 1])
torch.Size([64, 1])
torch.Size([64, 1])
torch.Size([64, 1])
torch.Size([64, 1])
torch.Size([64, 1])
torch.Size([64, 1])
torch.Size([64, 1])
torch.Size([64, 1])
torch.Size([64, 1])
torch.Size([64, 1])
torch.Size([64, 1])
torch.Size([64, 1])
torch.Size([64, 1])
torch.Size([64, 1])
torch.Size([64, 1])
torch.Size([64, 1])
torch.Size([64, 1])
torch.Size([64, 1])
torch.Size([64, 1])
torch.Size([64, 1])
torch.Size([64, 1])
torch.Size([64, 1])
torch.Size([64, 1])
torch.Size([64, 1])
torch.Size([64, 1])
torch.Size([64, 1])
torch.Size([64, 1])
torch.Size([64, 1])
torch.Size([64, 1])
torch.Size([64, 1])
torch.Size([64, 1])
torch.Size([64, 1])
torch.Size([64, 1])
torch.Size([64, 1])
torch.Size([64, 1])
torch.Size([64, 1])
torch.Size([64, 1])
torch.Size([64, 1])
torch.Size([64, 1])
torch.Size([64, 1])
torch.Size([64, 1])
torch.Size([64, 1])
torch.Size([64, 1])
torch.Size([64, 1])
torch.Size([64, 1])
torch.Size([64, 1])
torch.Size([64, 1])
torch.Size([64, 1])
torch.Size([64, 1])
torch.Size([64, 1])
torch.Size([64, 1])
torch.Size([64, 1])
torch.Size([64, 1])
torch.Size([64, 1])
torch.Size([64, 1])
torch.Size([64, 1])
torch.Size([64, 1])
torch.Size([64, 1])
torch.Size([64, 1])
torch.Size([64, 1])
torch.Size([64, 1])
torch.Size([64, 1])
torch.Size([64, 1])
torch.Size([64, 1])
torch.Size([64, 1])
torch.Size([64, 1])
Epoch [45/45] | Train Loss: 0.6977 | Train Acc: 0.5342 | Val Loss: 0.7447 | Val Acc: 0.2922
[EVAL With Shadows] AUC=0.6936  F1=0.2795  Acc=0.2750  CSI=0.1625
Traceback (most recent call last):
  File "/home/amaci003/research/TornadoQ/TornadoQ/HPC/full_pipeline_NOAA_dataset.py", line 152, in <module>
    eval_and_plot(model,
  File "/home/amaci003/research/TornadoQ/TornadoQ/src/tornadoq/loadSaveEval.py", line 190, in eval_and_plot
    plot_confusion(cm,
  File "/home/amaci003/research/TornadoQ/TornadoQ/src/tornadoq/loadSaveEval.py", line 98, in plot_confusion
    plt.savefig(filename)
  File "/opt/conda/lib/python3.10/site-packages/matplotlib/pyplot.py", line 1228, in savefig
    res = fig.savefig(*args, **kwargs)  # type: ignore[func-returns-value]
  File "/opt/conda/lib/python3.10/site-packages/matplotlib/figure.py", line 3395, in savefig
    self.canvas.print_figure(fname, **kwargs)
  File "/opt/conda/lib/python3.10/site-packages/matplotlib/backend_bases.py", line 2204, in print_figure
    result = print_method(
  File "/opt/conda/lib/python3.10/site-packages/matplotlib/backend_bases.py", line 2054, in <lambda>
    print_method = functools.wraps(meth)(lambda *args, **kwargs: meth(
  File "/opt/conda/lib/python3.10/site-packages/matplotlib/backends/backend_agg.py", line 496, in print_png
    self._print_pil(filename_or_obj, "png", pil_kwargs, metadata)
  File "/opt/conda/lib/python3.10/site-packages/matplotlib/backends/backend_agg.py", line 445, in _print_pil
    mpl.image.imsave(
  File "/opt/conda/lib/python3.10/site-packages/matplotlib/image.py", line 1676, in imsave
    image.save(fname, **pil_kwargs)
  File "/opt/conda/lib/python3.10/site-packages/PIL/Image.py", line 2456, in save
    fp = builtins.open(filename, "w+b")
FileNotFoundError: [Errno 2] No such file or directory: '/home/amaci003/research/TornadoQ/TornadoQ/HPC/images/EVAL_With_Shadowsconfusion_matrix_percent_data0.3.png'
