IMPORTS FINISHED!
Duration of Shadow Generation: 35580.77.
Duration of Shadow Generation per circuit: 25.00.
✓ Combined data saved: 1423 rows, 90 columns
df_train_ws:      XIIIIIII  YIIIIIII  ZIIIIIII  ...  shear_0_3km  ef_binary  ef_class
0    0.998553  0.998259  1.000000  ...    24.270638          1         2
1    0.998553  0.998257  1.000000  ...    26.131762          0         1
2    0.998553  0.998257  1.000000  ...    25.557505          0         1
3    0.998535  0.998255  1.000000  ...    26.414716          1         3
4    0.996382  0.998982  0.734731  ...    30.269056          1         3
..        ...       ...       ...  ...          ...        ...       ...
992  0.996479  0.996885  0.910485  ...    24.497076          1         3
993  0.998510  0.998349  0.999982  ...    20.862677          0         1
994  0.998553  0.998257  1.000000  ...    29.927019          0         0
995  0.998553  0.998257  1.000000  ...    20.433127          0         1
996  0.998931  0.999403  0.543869  ...    20.799990          0         0

[997 rows x 90 columns]
X_train_ws      XIIIIIII  YIIIIIII  ZIIIIIII  ...  surface_pressure  shear_0_1km  shear_0_3km
0    0.998553  0.998259  1.000000  ...          0.931182     0.809243     0.609860
1    0.998553  0.998257  1.000000  ...          0.888271     0.534813     0.657667
2    0.998553  0.998257  1.000000  ...          0.801068     0.584669     0.642916
3    0.998535  0.998255  1.000000  ...          0.905573     0.594459     0.664935
4    0.996382  0.998982  0.734731  ...          0.900683     0.753501     0.763941
..        ...       ...       ...  ...               ...          ...          ...
992  0.996479  0.996885  0.910485  ...          0.913515     0.887397     0.615677
993  0.998510  0.998349  0.999982  ...          0.845278     0.135521     0.522320
994  0.998553  0.998257  1.000000  ...          0.951616     0.597022     0.755155
995  0.998553  0.998257  1.000000  ...          0.974373     0.647377     0.511287
996  0.998931  0.999403  0.543869  ...          0.938312     0.381594     0.520710

[997 rows x 88 columns]
train_data_ws <tornadoq.preprocessing.ClassificationDataset object at 0x145e586ea290>
15
3
3
15
3
3

Number of training samples: 997
Number of validation samples: 213
Number of test samples: 213

Number of training samples: 997
Number of validation samples: 213
Number of test samples: 213
<class 'tornadoq.models.BinaryDNN'>
torch.Size([64, 1])
torch.Size([64, 1])
torch.Size([64, 1])
torch.Size([64, 1])
torch.Size([64, 1])
torch.Size([64, 1])
torch.Size([64, 1])
torch.Size([64, 1])
torch.Size([64, 1])
torch.Size([64, 1])
torch.Size([64, 1])
torch.Size([64, 1])
torch.Size([64, 1])
torch.Size([64, 1])
torch.Size([64, 1])
Epoch [1] had best val_metric
Epoch [1] had best val_Loss
torch.Size([64, 1])
torch.Size([64, 1])
torch.Size([64, 1])
torch.Size([64, 1])
torch.Size([64, 1])
torch.Size([64, 1])
torch.Size([64, 1])
torch.Size([64, 1])
torch.Size([64, 1])
torch.Size([64, 1])
torch.Size([64, 1])
torch.Size([64, 1])
torch.Size([64, 1])
torch.Size([64, 1])
torch.Size([64, 1])
Epoch [2] had best val_Loss
torch.Size([64, 1])
torch.Size([64, 1])
torch.Size([64, 1])
torch.Size([64, 1])
torch.Size([64, 1])
torch.Size([64, 1])
torch.Size([64, 1])
torch.Size([64, 1])
torch.Size([64, 1])
torch.Size([64, 1])
torch.Size([64, 1])
torch.Size([64, 1])
torch.Size([64, 1])
torch.Size([64, 1])
torch.Size([64, 1])
torch.Size([64, 1])
torch.Size([64, 1])
torch.Size([64, 1])
torch.Size([64, 1])
torch.Size([64, 1])
torch.Size([64, 1])
torch.Size([64, 1])
torch.Size([64, 1])
torch.Size([64, 1])
torch.Size([64, 1])
torch.Size([64, 1])
torch.Size([64, 1])
torch.Size([64, 1])
torch.Size([64, 1])
torch.Size([64, 1])
torch.Size([64, 1])
torch.Size([64, 1])
torch.Size([64, 1])
torch.Size([64, 1])
torch.Size([64, 1])
torch.Size([64, 1])
torch.Size([64, 1])
torch.Size([64, 1])
torch.Size([64, 1])
torch.Size([64, 1])
torch.Size([64, 1])
torch.Size([64, 1])
torch.Size([64, 1])
torch.Size([64, 1])
torch.Size([64, 1])
Epoch [5/45] | Train Loss: 0.4487 | Train Acc: 0.8438 | Val Loss: 0.4535 | Val Acc: 0.8281
Epoch [5] had best val_Loss
torch.Size([64, 1])
torch.Size([64, 1])
torch.Size([64, 1])
torch.Size([64, 1])
torch.Size([64, 1])
torch.Size([64, 1])
torch.Size([64, 1])
torch.Size([64, 1])
torch.Size([64, 1])
torch.Size([64, 1])
torch.Size([64, 1])
torch.Size([64, 1])
torch.Size([64, 1])
torch.Size([64, 1])
torch.Size([64, 1])
torch.Size([64, 1])
torch.Size([64, 1])
torch.Size([64, 1])
torch.Size([64, 1])
torch.Size([64, 1])
torch.Size([64, 1])
torch.Size([64, 1])
torch.Size([64, 1])
torch.Size([64, 1])
torch.Size([64, 1])
torch.Size([64, 1])
torch.Size([64, 1])
torch.Size([64, 1])
torch.Size([64, 1])
torch.Size([64, 1])
Epoch [7] had best val_Loss
torch.Size([64, 1])
torch.Size([64, 1])
torch.Size([64, 1])
torch.Size([64, 1])
torch.Size([64, 1])
torch.Size([64, 1])
torch.Size([64, 1])
torch.Size([64, 1])
torch.Size([64, 1])
torch.Size([64, 1])
torch.Size([64, 1])
torch.Size([64, 1])
torch.Size([64, 1])
torch.Size([64, 1])
torch.Size([64, 1])
torch.Size([64, 1])
torch.Size([64, 1])
torch.Size([64, 1])
torch.Size([64, 1])
torch.Size([64, 1])
torch.Size([64, 1])
torch.Size([64, 1])
torch.Size([64, 1])
torch.Size([64, 1])
torch.Size([64, 1])
torch.Size([64, 1])
torch.Size([64, 1])
torch.Size([64, 1])
torch.Size([64, 1])
torch.Size([64, 1])
torch.Size([64, 1])
torch.Size([64, 1])
torch.Size([64, 1])
torch.Size([64, 1])
torch.Size([64, 1])
torch.Size([64, 1])
torch.Size([64, 1])
torch.Size([64, 1])
torch.Size([64, 1])
torch.Size([64, 1])
torch.Size([64, 1])
torch.Size([64, 1])
torch.Size([64, 1])
torch.Size([64, 1])
torch.Size([64, 1])
Epoch [10/45] | Train Loss: 0.4495 | Train Acc: 0.8396 | Val Loss: 0.4532 | Val Acc: 0.8281
torch.Size([64, 1])
torch.Size([64, 1])
torch.Size([64, 1])
torch.Size([64, 1])
torch.Size([64, 1])
torch.Size([64, 1])
torch.Size([64, 1])
torch.Size([64, 1])
torch.Size([64, 1])
torch.Size([64, 1])
torch.Size([64, 1])
torch.Size([64, 1])
torch.Size([64, 1])
torch.Size([64, 1])
torch.Size([64, 1])
Epoch [11] had best val_Loss
torch.Size([64, 1])
torch.Size([64, 1])
torch.Size([64, 1])
torch.Size([64, 1])
torch.Size([64, 1])
torch.Size([64, 1])
torch.Size([64, 1])
torch.Size([64, 1])
torch.Size([64, 1])
torch.Size([64, 1])
torch.Size([64, 1])
torch.Size([64, 1])
torch.Size([64, 1])
torch.Size([64, 1])
torch.Size([64, 1])
torch.Size([64, 1])
torch.Size([64, 1])
torch.Size([64, 1])
torch.Size([64, 1])
torch.Size([64, 1])
torch.Size([64, 1])
torch.Size([64, 1])
torch.Size([64, 1])
torch.Size([64, 1])
torch.Size([64, 1])
torch.Size([64, 1])
torch.Size([64, 1])
torch.Size([64, 1])
torch.Size([64, 1])
torch.Size([64, 1])
torch.Size([64, 1])
torch.Size([64, 1])
torch.Size([64, 1])
torch.Size([64, 1])
torch.Size([64, 1])
torch.Size([64, 1])
torch.Size([64, 1])
torch.Size([64, 1])
torch.Size([64, 1])
torch.Size([64, 1])
torch.Size([64, 1])
torch.Size([64, 1])
torch.Size([64, 1])
torch.Size([64, 1])
torch.Size([64, 1])
torch.Size([64, 1])
torch.Size([64, 1])
torch.Size([64, 1])
torch.Size([64, 1])
torch.Size([64, 1])
torch.Size([64, 1])
torch.Size([64, 1])
torch.Size([64, 1])
torch.Size([64, 1])
torch.Size([64, 1])
torch.Size([64, 1])
torch.Size([64, 1])
torch.Size([64, 1])
torch.Size([64, 1])
torch.Size([64, 1])
Epoch [15/45] | Train Loss: 0.4271 | Train Acc: 0.8385 | Val Loss: 0.4616 | Val Acc: 0.8281
torch.Size([64, 1])
torch.Size([64, 1])
torch.Size([64, 1])
torch.Size([64, 1])
torch.Size([64, 1])
torch.Size([64, 1])
torch.Size([64, 1])
torch.Size([64, 1])
torch.Size([64, 1])
torch.Size([64, 1])
torch.Size([64, 1])
torch.Size([64, 1])
torch.Size([64, 1])
torch.Size([64, 1])
torch.Size([64, 1])
torch.Size([64, 1])
torch.Size([64, 1])
torch.Size([64, 1])
torch.Size([64, 1])
torch.Size([64, 1])
torch.Size([64, 1])
torch.Size([64, 1])
torch.Size([64, 1])
torch.Size([64, 1])
torch.Size([64, 1])
torch.Size([64, 1])
torch.Size([64, 1])
torch.Size([64, 1])
torch.Size([64, 1])
torch.Size([64, 1])
torch.Size([64, 1])
torch.Size([64, 1])
torch.Size([64, 1])
torch.Size([64, 1])
torch.Size([64, 1])
torch.Size([64, 1])
torch.Size([64, 1])
torch.Size([64, 1])
torch.Size([64, 1])
torch.Size([64, 1])
torch.Size([64, 1])
torch.Size([64, 1])
torch.Size([64, 1])
torch.Size([64, 1])
torch.Size([64, 1])
Epoch [18] had best val_Loss
torch.Size([64, 1])
torch.Size([64, 1])
torch.Size([64, 1])
torch.Size([64, 1])
torch.Size([64, 1])
torch.Size([64, 1])
torch.Size([64, 1])
torch.Size([64, 1])
torch.Size([64, 1])
torch.Size([64, 1])
torch.Size([64, 1])
torch.Size([64, 1])
torch.Size([64, 1])
torch.Size([64, 1])
torch.Size([64, 1])
Epoch [19] had best val_Loss
torch.Size([64, 1])
torch.Size([64, 1])
torch.Size([64, 1])
torch.Size([64, 1])
torch.Size([64, 1])
torch.Size([64, 1])
torch.Size([64, 1])
torch.Size([64, 1])
torch.Size([64, 1])
torch.Size([64, 1])
torch.Size([64, 1])
torch.Size([64, 1])
torch.Size([64, 1])
torch.Size([64, 1])
torch.Size([64, 1])
Epoch [20/45] | Train Loss: 0.4370 | Train Acc: 0.8385 | Val Loss: 0.4664 | Val Acc: 0.8281
torch.Size([64, 1])
torch.Size([64, 1])
torch.Size([64, 1])
torch.Size([64, 1])
torch.Size([64, 1])
torch.Size([64, 1])
torch.Size([64, 1])
torch.Size([64, 1])
torch.Size([64, 1])
torch.Size([64, 1])
torch.Size([64, 1])
torch.Size([64, 1])
torch.Size([64, 1])
torch.Size([64, 1])
torch.Size([64, 1])
Epoch [21] had best val_Loss
torch.Size([64, 1])
torch.Size([64, 1])
torch.Size([64, 1])
torch.Size([64, 1])
torch.Size([64, 1])
torch.Size([64, 1])
torch.Size([64, 1])
torch.Size([64, 1])
torch.Size([64, 1])
torch.Size([64, 1])
torch.Size([64, 1])
torch.Size([64, 1])
torch.Size([64, 1])
torch.Size([64, 1])
torch.Size([64, 1])
torch.Size([64, 1])
torch.Size([64, 1])
torch.Size([64, 1])
torch.Size([64, 1])
torch.Size([64, 1])
torch.Size([64, 1])
torch.Size([64, 1])
torch.Size([64, 1])
torch.Size([64, 1])
torch.Size([64, 1])
torch.Size([64, 1])
torch.Size([64, 1])
torch.Size([64, 1])
torch.Size([64, 1])
torch.Size([64, 1])
torch.Size([64, 1])
torch.Size([64, 1])
torch.Size([64, 1])
torch.Size([64, 1])
torch.Size([64, 1])
torch.Size([64, 1])
torch.Size([64, 1])
torch.Size([64, 1])
torch.Size([64, 1])
torch.Size([64, 1])
torch.Size([64, 1])
torch.Size([64, 1])
torch.Size([64, 1])
torch.Size([64, 1])
torch.Size([64, 1])
torch.Size([64, 1])
torch.Size([64, 1])
torch.Size([64, 1])
torch.Size([64, 1])
torch.Size([64, 1])
torch.Size([64, 1])
torch.Size([64, 1])
torch.Size([64, 1])
torch.Size([64, 1])
torch.Size([64, 1])
torch.Size([64, 1])
torch.Size([64, 1])
torch.Size([64, 1])
torch.Size([64, 1])
torch.Size([64, 1])
Epoch [25/45] | Train Loss: 0.4393 | Train Acc: 0.8375 | Val Loss: 0.4303 | Val Acc: 0.8281
Epoch [25] had best val_Loss
torch.Size([64, 1])
torch.Size([64, 1])
torch.Size([64, 1])
torch.Size([64, 1])
torch.Size([64, 1])
torch.Size([64, 1])
torch.Size([64, 1])
torch.Size([64, 1])
torch.Size([64, 1])
torch.Size([64, 1])
torch.Size([64, 1])
torch.Size([64, 1])
torch.Size([64, 1])
torch.Size([64, 1])
torch.Size([64, 1])
torch.Size([64, 1])
torch.Size([64, 1])
torch.Size([64, 1])
torch.Size([64, 1])
torch.Size([64, 1])
torch.Size([64, 1])
torch.Size([64, 1])
torch.Size([64, 1])
torch.Size([64, 1])
torch.Size([64, 1])
torch.Size([64, 1])
torch.Size([64, 1])
torch.Size([64, 1])
torch.Size([64, 1])
torch.Size([64, 1])
torch.Size([64, 1])
torch.Size([64, 1])
torch.Size([64, 1])
torch.Size([64, 1])
torch.Size([64, 1])
torch.Size([64, 1])
torch.Size([64, 1])
torch.Size([64, 1])
torch.Size([64, 1])
torch.Size([64, 1])
torch.Size([64, 1])
torch.Size([64, 1])
torch.Size([64, 1])
torch.Size([64, 1])
torch.Size([64, 1])
Epoch [28] had best val_Loss
torch.Size([64, 1])
torch.Size([64, 1])
torch.Size([64, 1])
torch.Size([64, 1])
torch.Size([64, 1])
torch.Size([64, 1])
torch.Size([64, 1])
torch.Size([64, 1])
torch.Size([64, 1])
torch.Size([64, 1])
torch.Size([64, 1])
torch.Size([64, 1])
torch.Size([64, 1])
torch.Size([64, 1])
torch.Size([64, 1])
Epoch [29] had best val_Loss
torch.Size([64, 1])
torch.Size([64, 1])
torch.Size([64, 1])
torch.Size([64, 1])
torch.Size([64, 1])
torch.Size([64, 1])
torch.Size([64, 1])
torch.Size([64, 1])
torch.Size([64, 1])
torch.Size([64, 1])
torch.Size([64, 1])
torch.Size([64, 1])
torch.Size([64, 1])
torch.Size([64, 1])
torch.Size([64, 1])
Epoch [30/45] | Train Loss: 0.4304 | Train Acc: 0.8396 | Val Loss: 0.4472 | Val Acc: 0.8281
torch.Size([64, 1])
torch.Size([64, 1])
torch.Size([64, 1])
torch.Size([64, 1])
torch.Size([64, 1])
torch.Size([64, 1])
torch.Size([64, 1])
torch.Size([64, 1])
torch.Size([64, 1])
torch.Size([64, 1])
torch.Size([64, 1])
torch.Size([64, 1])
torch.Size([64, 1])
torch.Size([64, 1])
torch.Size([64, 1])
torch.Size([64, 1])
torch.Size([64, 1])
torch.Size([64, 1])
torch.Size([64, 1])
torch.Size([64, 1])
torch.Size([64, 1])
torch.Size([64, 1])
torch.Size([64, 1])
torch.Size([64, 1])
torch.Size([64, 1])
torch.Size([64, 1])
torch.Size([64, 1])
torch.Size([64, 1])
torch.Size([64, 1])
torch.Size([64, 1])
torch.Size([64, 1])
torch.Size([64, 1])
torch.Size([64, 1])
torch.Size([64, 1])
torch.Size([64, 1])
torch.Size([64, 1])
torch.Size([64, 1])
torch.Size([64, 1])
torch.Size([64, 1])
torch.Size([64, 1])
torch.Size([64, 1])
torch.Size([64, 1])
torch.Size([64, 1])
torch.Size([64, 1])
torch.Size([64, 1])
torch.Size([64, 1])
torch.Size([64, 1])
torch.Size([64, 1])
torch.Size([64, 1])
torch.Size([64, 1])
torch.Size([64, 1])
torch.Size([64, 1])
torch.Size([64, 1])
torch.Size([64, 1])
torch.Size([64, 1])
torch.Size([64, 1])
torch.Size([64, 1])
torch.Size([64, 1])
torch.Size([64, 1])
torch.Size([64, 1])
torch.Size([64, 1])
torch.Size([64, 1])
torch.Size([64, 1])
torch.Size([64, 1])
torch.Size([64, 1])
torch.Size([64, 1])
torch.Size([64, 1])
torch.Size([64, 1])
torch.Size([64, 1])
torch.Size([64, 1])
torch.Size([64, 1])
torch.Size([64, 1])
torch.Size([64, 1])
torch.Size([64, 1])
torch.Size([64, 1])
Epoch [35/45] | Train Loss: 0.4279 | Train Acc: 0.8313 | Val Loss: 0.4419 | Val Acc: 0.8281
torch.Size([64, 1])
torch.Size([64, 1])
torch.Size([64, 1])
torch.Size([64, 1])
torch.Size([64, 1])
torch.Size([64, 1])
torch.Size([64, 1])
torch.Size([64, 1])
torch.Size([64, 1])
torch.Size([64, 1])
torch.Size([64, 1])
torch.Size([64, 1])
torch.Size([64, 1])
torch.Size([64, 1])
torch.Size([64, 1])
torch.Size([64, 1])
torch.Size([64, 1])
torch.Size([64, 1])
torch.Size([64, 1])
torch.Size([64, 1])
torch.Size([64, 1])
torch.Size([64, 1])
torch.Size([64, 1])
torch.Size([64, 1])
torch.Size([64, 1])
torch.Size([64, 1])
torch.Size([64, 1])
torch.Size([64, 1])
torch.Size([64, 1])
torch.Size([64, 1])
torch.Size([64, 1])
torch.Size([64, 1])
torch.Size([64, 1])
torch.Size([64, 1])
torch.Size([64, 1])
torch.Size([64, 1])
torch.Size([64, 1])
torch.Size([64, 1])
torch.Size([64, 1])
torch.Size([64, 1])
torch.Size([64, 1])
torch.Size([64, 1])
torch.Size([64, 1])
torch.Size([64, 1])
torch.Size([64, 1])
torch.Size([64, 1])
torch.Size([64, 1])
torch.Size([64, 1])
torch.Size([64, 1])
torch.Size([64, 1])
torch.Size([64, 1])
torch.Size([64, 1])
torch.Size([64, 1])
torch.Size([64, 1])
torch.Size([64, 1])
torch.Size([64, 1])
torch.Size([64, 1])
torch.Size([64, 1])
torch.Size([64, 1])
torch.Size([64, 1])
torch.Size([64, 1])
torch.Size([64, 1])
torch.Size([64, 1])
torch.Size([64, 1])
torch.Size([64, 1])
torch.Size([64, 1])
torch.Size([64, 1])
torch.Size([64, 1])
torch.Size([64, 1])
torch.Size([64, 1])
torch.Size([64, 1])
torch.Size([64, 1])
torch.Size([64, 1])
torch.Size([64, 1])
torch.Size([64, 1])
Epoch [40/45] | Train Loss: 0.4212 | Train Acc: 0.8375 | Val Loss: 0.4251 | Val Acc: 0.8281
torch.Size([64, 1])
torch.Size([64, 1])
torch.Size([64, 1])
torch.Size([64, 1])
torch.Size([64, 1])
torch.Size([64, 1])
torch.Size([64, 1])
torch.Size([64, 1])
torch.Size([64, 1])
torch.Size([64, 1])
torch.Size([64, 1])
torch.Size([64, 1])
torch.Size([64, 1])
torch.Size([64, 1])
torch.Size([64, 1])
torch.Size([64, 1])
torch.Size([64, 1])
torch.Size([64, 1])
torch.Size([64, 1])
torch.Size([64, 1])
torch.Size([64, 1])
torch.Size([64, 1])
torch.Size([64, 1])
torch.Size([64, 1])
torch.Size([64, 1])
torch.Size([64, 1])
torch.Size([64, 1])
torch.Size([64, 1])
torch.Size([64, 1])
torch.Size([64, 1])
torch.Size([64, 1])
torch.Size([64, 1])
torch.Size([64, 1])
torch.Size([64, 1])
torch.Size([64, 1])
torch.Size([64, 1])
torch.Size([64, 1])
torch.Size([64, 1])
torch.Size([64, 1])
torch.Size([64, 1])
torch.Size([64, 1])
torch.Size([64, 1])
torch.Size([64, 1])
torch.Size([64, 1])
torch.Size([64, 1])
torch.Size([64, 1])
torch.Size([64, 1])
torch.Size([64, 1])
torch.Size([64, 1])
torch.Size([64, 1])
torch.Size([64, 1])
torch.Size([64, 1])
torch.Size([64, 1])
torch.Size([64, 1])
torch.Size([64, 1])
torch.Size([64, 1])
torch.Size([64, 1])
torch.Size([64, 1])
torch.Size([64, 1])
torch.Size([64, 1])
torch.Size([64, 1])
torch.Size([64, 1])
torch.Size([64, 1])
torch.Size([64, 1])
torch.Size([64, 1])
torch.Size([64, 1])
torch.Size([64, 1])
torch.Size([64, 1])
torch.Size([64, 1])
torch.Size([64, 1])
torch.Size([64, 1])
torch.Size([64, 1])
torch.Size([64, 1])
torch.Size([64, 1])
torch.Size([64, 1])
Epoch [45/45] | Train Loss: 0.4138 | Train Acc: 0.8406 | Val Loss: 0.4037 | Val Acc: 0.8281
Epoch [45] had best val_Loss
[EVAL With Shadows] AUC=0.6474  F1=0.0000  Acc=0.8958  CSI=0.0000
<class 'tornadoq.models.BinaryDNN'>
torch.Size([64, 1])
torch.Size([64, 1])
torch.Size([64, 1])
torch.Size([64, 1])
torch.Size([64, 1])
torch.Size([64, 1])
torch.Size([64, 1])
torch.Size([64, 1])
torch.Size([64, 1])
torch.Size([64, 1])
torch.Size([64, 1])
torch.Size([64, 1])
torch.Size([64, 1])
torch.Size([64, 1])
torch.Size([64, 1])
Epoch [1] had best val_metric
Epoch [1] had best val_Loss
torch.Size([64, 1])
torch.Size([64, 1])
torch.Size([64, 1])
torch.Size([64, 1])
torch.Size([64, 1])
torch.Size([64, 1])
torch.Size([64, 1])
torch.Size([64, 1])
torch.Size([64, 1])
torch.Size([64, 1])
torch.Size([64, 1])
torch.Size([64, 1])
torch.Size([64, 1])
torch.Size([64, 1])
torch.Size([64, 1])
Epoch [2] had best val_Loss
torch.Size([64, 1])
torch.Size([64, 1])
torch.Size([64, 1])
torch.Size([64, 1])
torch.Size([64, 1])
torch.Size([64, 1])
torch.Size([64, 1])
torch.Size([64, 1])
torch.Size([64, 1])
torch.Size([64, 1])
torch.Size([64, 1])
torch.Size([64, 1])
torch.Size([64, 1])
torch.Size([64, 1])
torch.Size([64, 1])
Epoch [3] had best val_Loss
torch.Size([64, 1])
torch.Size([64, 1])
torch.Size([64, 1])
torch.Size([64, 1])
torch.Size([64, 1])
torch.Size([64, 1])
torch.Size([64, 1])
torch.Size([64, 1])
torch.Size([64, 1])
torch.Size([64, 1])
torch.Size([64, 1])
torch.Size([64, 1])
torch.Size([64, 1])
torch.Size([64, 1])
torch.Size([64, 1])
Epoch [4] had best val_metric
Epoch [4] had best val_Loss
torch.Size([64, 1])
torch.Size([64, 1])
torch.Size([64, 1])
torch.Size([64, 1])
torch.Size([64, 1])
torch.Size([64, 1])
torch.Size([64, 1])
torch.Size([64, 1])
torch.Size([64, 1])
torch.Size([64, 1])
torch.Size([64, 1])
torch.Size([64, 1])
torch.Size([64, 1])
torch.Size([64, 1])
torch.Size([64, 1])
Epoch [5/45] | Train Loss: 0.4120 | Train Acc: 0.8375 | Val Loss: 0.4036 | Val Acc: 0.8281
torch.Size([64, 1])
torch.Size([64, 1])
torch.Size([64, 1])
torch.Size([64, 1])
torch.Size([64, 1])
torch.Size([64, 1])
torch.Size([64, 1])
torch.Size([64, 1])
torch.Size([64, 1])
torch.Size([64, 1])
torch.Size([64, 1])
torch.Size([64, 1])
torch.Size([64, 1])
torch.Size([64, 1])
torch.Size([64, 1])
Epoch [6] had best val_Loss
torch.Size([64, 1])
torch.Size([64, 1])
torch.Size([64, 1])
torch.Size([64, 1])
torch.Size([64, 1])
torch.Size([64, 1])
torch.Size([64, 1])
torch.Size([64, 1])
torch.Size([64, 1])
torch.Size([64, 1])
torch.Size([64, 1])
torch.Size([64, 1])
torch.Size([64, 1])
torch.Size([64, 1])
torch.Size([64, 1])
torch.Size([64, 1])
torch.Size([64, 1])
torch.Size([64, 1])
torch.Size([64, 1])
torch.Size([64, 1])
torch.Size([64, 1])
torch.Size([64, 1])
torch.Size([64, 1])
torch.Size([64, 1])
torch.Size([64, 1])
torch.Size([64, 1])
torch.Size([64, 1])
torch.Size([64, 1])
torch.Size([64, 1])
torch.Size([64, 1])
torch.Size([64, 1])
torch.Size([64, 1])
torch.Size([64, 1])
torch.Size([64, 1])
torch.Size([64, 1])
torch.Size([64, 1])
torch.Size([64, 1])
torch.Size([64, 1])
torch.Size([64, 1])
torch.Size([64, 1])
torch.Size([64, 1])
torch.Size([64, 1])
torch.Size([64, 1])
torch.Size([64, 1])
torch.Size([64, 1])
torch.Size([64, 1])
torch.Size([64, 1])
torch.Size([64, 1])
torch.Size([64, 1])
torch.Size([64, 1])
torch.Size([64, 1])
torch.Size([64, 1])
torch.Size([64, 1])
torch.Size([64, 1])
torch.Size([64, 1])
torch.Size([64, 1])
torch.Size([64, 1])
torch.Size([64, 1])
torch.Size([64, 1])
torch.Size([64, 1])
Epoch [10/45] | Train Loss: 0.3964 | Train Acc: 0.8385 | Val Loss: 0.3947 | Val Acc: 0.8281
torch.Size([64, 1])
torch.Size([64, 1])
torch.Size([64, 1])
torch.Size([64, 1])
torch.Size([64, 1])
torch.Size([64, 1])
torch.Size([64, 1])
torch.Size([64, 1])
torch.Size([64, 1])
torch.Size([64, 1])
torch.Size([64, 1])
torch.Size([64, 1])
torch.Size([64, 1])
torch.Size([64, 1])
torch.Size([64, 1])
torch.Size([64, 1])
torch.Size([64, 1])
torch.Size([64, 1])
torch.Size([64, 1])
torch.Size([64, 1])
torch.Size([64, 1])
torch.Size([64, 1])
torch.Size([64, 1])
torch.Size([64, 1])
torch.Size([64, 1])
torch.Size([64, 1])
torch.Size([64, 1])
torch.Size([64, 1])
torch.Size([64, 1])
torch.Size([64, 1])
Epoch [12] had best val_Loss
torch.Size([64, 1])
torch.Size([64, 1])
torch.Size([64, 1])
torch.Size([64, 1])
torch.Size([64, 1])
torch.Size([64, 1])
torch.Size([64, 1])
torch.Size([64, 1])
torch.Size([64, 1])
torch.Size([64, 1])
torch.Size([64, 1])
torch.Size([64, 1])
torch.Size([64, 1])
torch.Size([64, 1])
torch.Size([64, 1])
torch.Size([64, 1])
torch.Size([64, 1])
torch.Size([64, 1])
torch.Size([64, 1])
torch.Size([64, 1])
torch.Size([64, 1])
torch.Size([64, 1])
torch.Size([64, 1])
torch.Size([64, 1])
torch.Size([64, 1])
torch.Size([64, 1])
torch.Size([64, 1])
torch.Size([64, 1])
torch.Size([64, 1])
torch.Size([64, 1])
torch.Size([64, 1])
torch.Size([64, 1])
torch.Size([64, 1])
torch.Size([64, 1])
torch.Size([64, 1])
torch.Size([64, 1])
torch.Size([64, 1])
torch.Size([64, 1])
torch.Size([64, 1])
torch.Size([64, 1])
torch.Size([64, 1])
torch.Size([64, 1])
torch.Size([64, 1])
torch.Size([64, 1])
torch.Size([64, 1])
Epoch [15/45] | Train Loss: 0.4072 | Train Acc: 0.8302 | Val Loss: 0.4033 | Val Acc: 0.8281
torch.Size([64, 1])
torch.Size([64, 1])
torch.Size([64, 1])
torch.Size([64, 1])
torch.Size([64, 1])
torch.Size([64, 1])
torch.Size([64, 1])
torch.Size([64, 1])
torch.Size([64, 1])
torch.Size([64, 1])
torch.Size([64, 1])
torch.Size([64, 1])
torch.Size([64, 1])
torch.Size([64, 1])
torch.Size([64, 1])
torch.Size([64, 1])
torch.Size([64, 1])
torch.Size([64, 1])
torch.Size([64, 1])
torch.Size([64, 1])
torch.Size([64, 1])
torch.Size([64, 1])
torch.Size([64, 1])
torch.Size([64, 1])
torch.Size([64, 1])
torch.Size([64, 1])
torch.Size([64, 1])
torch.Size([64, 1])
torch.Size([64, 1])
torch.Size([64, 1])
torch.Size([64, 1])
torch.Size([64, 1])
torch.Size([64, 1])
torch.Size([64, 1])
torch.Size([64, 1])
torch.Size([64, 1])
torch.Size([64, 1])
torch.Size([64, 1])
torch.Size([64, 1])
torch.Size([64, 1])
torch.Size([64, 1])
torch.Size([64, 1])
torch.Size([64, 1])
torch.Size([64, 1])
torch.Size([64, 1])
torch.Size([64, 1])
torch.Size([64, 1])
torch.Size([64, 1])
torch.Size([64, 1])
torch.Size([64, 1])
torch.Size([64, 1])
torch.Size([64, 1])
torch.Size([64, 1])
torch.Size([64, 1])
torch.Size([64, 1])
torch.Size([64, 1])
torch.Size([64, 1])
torch.Size([64, 1])
torch.Size([64, 1])
torch.Size([64, 1])
torch.Size([64, 1])
torch.Size([64, 1])
torch.Size([64, 1])
torch.Size([64, 1])
torch.Size([64, 1])
torch.Size([64, 1])
torch.Size([64, 1])
torch.Size([64, 1])
torch.Size([64, 1])
torch.Size([64, 1])
torch.Size([64, 1])
torch.Size([64, 1])
torch.Size([64, 1])
torch.Size([64, 1])
torch.Size([64, 1])
Epoch [20/45] | Train Loss: 0.4033 | Train Acc: 0.8396 | Val Loss: 0.3904 | Val Acc: 0.8281
torch.Size([64, 1])
torch.Size([64, 1])
torch.Size([64, 1])
torch.Size([64, 1])
torch.Size([64, 1])
torch.Size([64, 1])
torch.Size([64, 1])
torch.Size([64, 1])
torch.Size([64, 1])
torch.Size([64, 1])
torch.Size([64, 1])
torch.Size([64, 1])
torch.Size([64, 1])
torch.Size([64, 1])
torch.Size([64, 1])
torch.Size([64, 1])
torch.Size([64, 1])
torch.Size([64, 1])
torch.Size([64, 1])
torch.Size([64, 1])
torch.Size([64, 1])
torch.Size([64, 1])
torch.Size([64, 1])
torch.Size([64, 1])
torch.Size([64, 1])
torch.Size([64, 1])
torch.Size([64, 1])
torch.Size([64, 1])
torch.Size([64, 1])
torch.Size([64, 1])
torch.Size([64, 1])
torch.Size([64, 1])
torch.Size([64, 1])
torch.Size([64, 1])
torch.Size([64, 1])
torch.Size([64, 1])
torch.Size([64, 1])
torch.Size([64, 1])
torch.Size([64, 1])
torch.Size([64, 1])
torch.Size([64, 1])
torch.Size([64, 1])
torch.Size([64, 1])
torch.Size([64, 1])
torch.Size([64, 1])
Epoch [23] had best val_Loss
torch.Size([64, 1])
torch.Size([64, 1])
torch.Size([64, 1])
torch.Size([64, 1])
torch.Size([64, 1])
torch.Size([64, 1])
torch.Size([64, 1])
torch.Size([64, 1])
torch.Size([64, 1])
torch.Size([64, 1])
torch.Size([64, 1])
torch.Size([64, 1])
torch.Size([64, 1])
torch.Size([64, 1])
torch.Size([64, 1])
torch.Size([64, 1])
torch.Size([64, 1])
torch.Size([64, 1])
torch.Size([64, 1])
torch.Size([64, 1])
torch.Size([64, 1])
torch.Size([64, 1])
torch.Size([64, 1])
torch.Size([64, 1])
torch.Size([64, 1])
torch.Size([64, 1])
torch.Size([64, 1])
torch.Size([64, 1])
torch.Size([64, 1])
torch.Size([64, 1])
Epoch [25/45] | Train Loss: 0.4023 | Train Acc: 0.8385 | Val Loss: 0.3854 | Val Acc: 0.8333
torch.Size([64, 1])
torch.Size([64, 1])
torch.Size([64, 1])
torch.Size([64, 1])
torch.Size([64, 1])
torch.Size([64, 1])
torch.Size([64, 1])
torch.Size([64, 1])
torch.Size([64, 1])
torch.Size([64, 1])
torch.Size([64, 1])
torch.Size([64, 1])
torch.Size([64, 1])
torch.Size([64, 1])
torch.Size([64, 1])
torch.Size([64, 1])
torch.Size([64, 1])
torch.Size([64, 1])
torch.Size([64, 1])
torch.Size([64, 1])
torch.Size([64, 1])
torch.Size([64, 1])
torch.Size([64, 1])
torch.Size([64, 1])
torch.Size([64, 1])
torch.Size([64, 1])
torch.Size([64, 1])
torch.Size([64, 1])
torch.Size([64, 1])
torch.Size([64, 1])
torch.Size([64, 1])
torch.Size([64, 1])
torch.Size([64, 1])
torch.Size([64, 1])
torch.Size([64, 1])
torch.Size([64, 1])
torch.Size([64, 1])
torch.Size([64, 1])
torch.Size([64, 1])
torch.Size([64, 1])
torch.Size([64, 1])
torch.Size([64, 1])
torch.Size([64, 1])
torch.Size([64, 1])
torch.Size([64, 1])
torch.Size([64, 1])
torch.Size([64, 1])
torch.Size([64, 1])
torch.Size([64, 1])
torch.Size([64, 1])
torch.Size([64, 1])
torch.Size([64, 1])
torch.Size([64, 1])
torch.Size([64, 1])
torch.Size([64, 1])
torch.Size([64, 1])
torch.Size([64, 1])
torch.Size([64, 1])
torch.Size([64, 1])
torch.Size([64, 1])
torch.Size([64, 1])
torch.Size([64, 1])
torch.Size([64, 1])
torch.Size([64, 1])
torch.Size([64, 1])
torch.Size([64, 1])
torch.Size([64, 1])
torch.Size([64, 1])
torch.Size([64, 1])
torch.Size([64, 1])
torch.Size([64, 1])
torch.Size([64, 1])
torch.Size([64, 1])
torch.Size([64, 1])
torch.Size([64, 1])
Epoch [30/45] | Train Loss: 0.3855 | Train Acc: 0.8438 | Val Loss: 0.3959 | Val Acc: 0.8177
torch.Size([64, 1])
torch.Size([64, 1])
torch.Size([64, 1])
torch.Size([64, 1])
torch.Size([64, 1])
torch.Size([64, 1])
torch.Size([64, 1])
torch.Size([64, 1])
torch.Size([64, 1])
torch.Size([64, 1])
torch.Size([64, 1])
torch.Size([64, 1])
torch.Size([64, 1])
torch.Size([64, 1])
torch.Size([64, 1])
torch.Size([64, 1])
torch.Size([64, 1])
torch.Size([64, 1])
torch.Size([64, 1])
torch.Size([64, 1])
torch.Size([64, 1])
torch.Size([64, 1])
torch.Size([64, 1])
torch.Size([64, 1])
torch.Size([64, 1])
torch.Size([64, 1])
torch.Size([64, 1])
torch.Size([64, 1])
torch.Size([64, 1])
torch.Size([64, 1])
torch.Size([64, 1])
torch.Size([64, 1])
torch.Size([64, 1])
torch.Size([64, 1])
torch.Size([64, 1])
torch.Size([64, 1])
torch.Size([64, 1])
torch.Size([64, 1])
torch.Size([64, 1])
torch.Size([64, 1])
torch.Size([64, 1])
torch.Size([64, 1])
torch.Size([64, 1])
torch.Size([64, 1])
torch.Size([64, 1])
torch.Size([64, 1])
torch.Size([64, 1])
torch.Size([64, 1])
torch.Size([64, 1])
torch.Size([64, 1])
torch.Size([64, 1])
torch.Size([64, 1])
torch.Size([64, 1])
torch.Size([64, 1])
torch.Size([64, 1])
torch.Size([64, 1])
torch.Size([64, 1])
torch.Size([64, 1])
torch.Size([64, 1])
torch.Size([64, 1])
torch.Size([64, 1])
torch.Size([64, 1])
torch.Size([64, 1])
torch.Size([64, 1])
torch.Size([64, 1])
torch.Size([64, 1])
torch.Size([64, 1])
torch.Size([64, 1])
torch.Size([64, 1])
torch.Size([64, 1])
torch.Size([64, 1])
torch.Size([64, 1])
torch.Size([64, 1])
torch.Size([64, 1])
torch.Size([64, 1])
Epoch [35/45] | Train Loss: 0.3876 | Train Acc: 0.8448 | Val Loss: 0.3929 | Val Acc: 0.8281
torch.Size([64, 1])
torch.Size([64, 1])
torch.Size([64, 1])
torch.Size([64, 1])
torch.Size([64, 1])
torch.Size([64, 1])
torch.Size([64, 1])
torch.Size([64, 1])
torch.Size([64, 1])
torch.Size([64, 1])
torch.Size([64, 1])
torch.Size([64, 1])
torch.Size([64, 1])
torch.Size([64, 1])
torch.Size([64, 1])
torch.Size([64, 1])
torch.Size([64, 1])
torch.Size([64, 1])
torch.Size([64, 1])
torch.Size([64, 1])
torch.Size([64, 1])
torch.Size([64, 1])
torch.Size([64, 1])
torch.Size([64, 1])
torch.Size([64, 1])
torch.Size([64, 1])
torch.Size([64, 1])
torch.Size([64, 1])
torch.Size([64, 1])
torch.Size([64, 1])
torch.Size([64, 1])
torch.Size([64, 1])
torch.Size([64, 1])
torch.Size([64, 1])
torch.Size([64, 1])
torch.Size([64, 1])
torch.Size([64, 1])
torch.Size([64, 1])
torch.Size([64, 1])
torch.Size([64, 1])
torch.Size([64, 1])
torch.Size([64, 1])
torch.Size([64, 1])
torch.Size([64, 1])
torch.Size([64, 1])
torch.Size([64, 1])
torch.Size([64, 1])
torch.Size([64, 1])
torch.Size([64, 1])
torch.Size([64, 1])
torch.Size([64, 1])
torch.Size([64, 1])
torch.Size([64, 1])
torch.Size([64, 1])
torch.Size([64, 1])
torch.Size([64, 1])
torch.Size([64, 1])
torch.Size([64, 1])
torch.Size([64, 1])
torch.Size([64, 1])
torch.Size([64, 1])
torch.Size([64, 1])
torch.Size([64, 1])
torch.Size([64, 1])
torch.Size([64, 1])
torch.Size([64, 1])
torch.Size([64, 1])
torch.Size([64, 1])
torch.Size([64, 1])
torch.Size([64, 1])
torch.Size([64, 1])
torch.Size([64, 1])
torch.Size([64, 1])
torch.Size([64, 1])
torch.Size([64, 1])
Epoch [40/45] | Train Loss: 0.3940 | Train Acc: 0.8417 | Val Loss: 0.4056 | Val Acc: 0.8281
torch.Size([64, 1])
torch.Size([64, 1])
torch.Size([64, 1])
torch.Size([64, 1])
torch.Size([64, 1])
torch.Size([64, 1])
torch.Size([64, 1])
torch.Size([64, 1])
torch.Size([64, 1])
torch.Size([64, 1])
torch.Size([64, 1])
torch.Size([64, 1])
torch.Size([64, 1])
torch.Size([64, 1])
torch.Size([64, 1])
torch.Size([64, 1])
torch.Size([64, 1])
torch.Size([64, 1])
torch.Size([64, 1])
torch.Size([64, 1])
torch.Size([64, 1])
torch.Size([64, 1])
torch.Size([64, 1])
torch.Size([64, 1])
torch.Size([64, 1])
torch.Size([64, 1])
torch.Size([64, 1])
torch.Size([64, 1])
torch.Size([64, 1])
torch.Size([64, 1])
torch.Size([64, 1])
torch.Size([64, 1])
torch.Size([64, 1])
torch.Size([64, 1])
torch.Size([64, 1])
torch.Size([64, 1])
torch.Size([64, 1])
torch.Size([64, 1])
torch.Size([64, 1])
torch.Size([64, 1])
torch.Size([64, 1])
torch.Size([64, 1])
torch.Size([64, 1])
torch.Size([64, 1])
torch.Size([64, 1])
torch.Size([64, 1])
torch.Size([64, 1])
torch.Size([64, 1])
torch.Size([64, 1])
torch.Size([64, 1])
torch.Size([64, 1])
torch.Size([64, 1])
torch.Size([64, 1])
torch.Size([64, 1])
torch.Size([64, 1])
torch.Size([64, 1])
torch.Size([64, 1])
torch.Size([64, 1])
torch.Size([64, 1])
torch.Size([64, 1])
torch.Size([64, 1])
torch.Size([64, 1])
torch.Size([64, 1])
torch.Size([64, 1])
torch.Size([64, 1])
torch.Size([64, 1])
torch.Size([64, 1])
torch.Size([64, 1])
torch.Size([64, 1])
torch.Size([64, 1])
torch.Size([64, 1])
torch.Size([64, 1])
torch.Size([64, 1])
torch.Size([64, 1])
torch.Size([64, 1])
Epoch [45/45] | Train Loss: 0.3917 | Train Acc: 0.8406 | Val Loss: 0.3879 | Val Acc: 0.8333
[EVAL No Shadows] AUC=0.6817  F1=0.0000  Acc=0.8958  CSI=0.0000
8
<class 'tornadoq.models.BinaryPQC'>
torch.Size([64, 1])
torch.Size([64, 1])
torch.Size([64, 1])
torch.Size([64, 1])
torch.Size([64, 1])
torch.Size([64, 1])
torch.Size([64, 1])
torch.Size([64, 1])
torch.Size([64, 1])
torch.Size([64, 1])
torch.Size([64, 1])
torch.Size([64, 1])
torch.Size([64, 1])
torch.Size([64, 1])
torch.Size([64, 1])
Epoch [1] had best val_metric
Epoch [1] had best val_Loss
torch.Size([64, 1])
torch.Size([64, 1])
torch.Size([64, 1])
torch.Size([64, 1])
torch.Size([64, 1])
torch.Size([64, 1])
torch.Size([64, 1])
torch.Size([64, 1])
torch.Size([64, 1])
torch.Size([64, 1])
torch.Size([64, 1])
torch.Size([64, 1])
torch.Size([64, 1])
torch.Size([64, 1])
torch.Size([64, 1])
torch.Size([64, 1])
torch.Size([64, 1])
torch.Size([64, 1])
torch.Size([64, 1])
torch.Size([64, 1])
torch.Size([64, 1])
torch.Size([64, 1])
torch.Size([64, 1])
torch.Size([64, 1])
torch.Size([64, 1])
torch.Size([64, 1])
torch.Size([64, 1])
torch.Size([64, 1])
torch.Size([64, 1])
torch.Size([64, 1])
Epoch [3] had best val_Loss
torch.Size([64, 1])
torch.Size([64, 1])
torch.Size([64, 1])
torch.Size([64, 1])
torch.Size([64, 1])
torch.Size([64, 1])
torch.Size([64, 1])
torch.Size([64, 1])
torch.Size([64, 1])
torch.Size([64, 1])
torch.Size([64, 1])
torch.Size([64, 1])
torch.Size([64, 1])
torch.Size([64, 1])
torch.Size([64, 1])
torch.Size([64, 1])
torch.Size([64, 1])
torch.Size([64, 1])
torch.Size([64, 1])
torch.Size([64, 1])
torch.Size([64, 1])
torch.Size([64, 1])
torch.Size([64, 1])
torch.Size([64, 1])
torch.Size([64, 1])
torch.Size([64, 1])
torch.Size([64, 1])
torch.Size([64, 1])
torch.Size([64, 1])
torch.Size([64, 1])
Epoch [5/45] | Train Loss: 0.4134 | Train Acc: 0.8406 | Val Loss: 0.4051 | Val Acc: 0.8333
Epoch [5] had best val_metric
Epoch [5] had best val_Loss
torch.Size([64, 1])
torch.Size([64, 1])
torch.Size([64, 1])
torch.Size([64, 1])
torch.Size([64, 1])
torch.Size([64, 1])
torch.Size([64, 1])
torch.Size([64, 1])
torch.Size([64, 1])
torch.Size([64, 1])
torch.Size([64, 1])
torch.Size([64, 1])
torch.Size([64, 1])
torch.Size([64, 1])
torch.Size([64, 1])
torch.Size([64, 1])
torch.Size([64, 1])
torch.Size([64, 1])
torch.Size([64, 1])
torch.Size([64, 1])
torch.Size([64, 1])
torch.Size([64, 1])
torch.Size([64, 1])
torch.Size([64, 1])
torch.Size([64, 1])
torch.Size([64, 1])
torch.Size([64, 1])
torch.Size([64, 1])
torch.Size([64, 1])
torch.Size([64, 1])
torch.Size([64, 1])
torch.Size([64, 1])
torch.Size([64, 1])
torch.Size([64, 1])
torch.Size([64, 1])
torch.Size([64, 1])
torch.Size([64, 1])
torch.Size([64, 1])
torch.Size([64, 1])
torch.Size([64, 1])
torch.Size([64, 1])
torch.Size([64, 1])
torch.Size([64, 1])
torch.Size([64, 1])
torch.Size([64, 1])
Epoch [8] had best val_Loss
torch.Size([64, 1])
torch.Size([64, 1])
torch.Size([64, 1])
torch.Size([64, 1])
torch.Size([64, 1])
torch.Size([64, 1])
torch.Size([64, 1])
torch.Size([64, 1])
torch.Size([64, 1])
torch.Size([64, 1])
torch.Size([64, 1])
torch.Size([64, 1])
torch.Size([64, 1])
torch.Size([64, 1])
torch.Size([64, 1])
torch.Size([64, 1])
torch.Size([64, 1])
torch.Size([64, 1])
torch.Size([64, 1])
torch.Size([64, 1])
torch.Size([64, 1])
torch.Size([64, 1])
torch.Size([64, 1])
torch.Size([64, 1])
torch.Size([64, 1])
torch.Size([64, 1])
torch.Size([64, 1])
torch.Size([64, 1])
torch.Size([64, 1])
torch.Size([64, 1])
Epoch [10/45] | Train Loss: 0.4021 | Train Acc: 0.8406 | Val Loss: 0.3994 | Val Acc: 0.8333
Epoch [10] had best val_Loss
torch.Size([64, 1])
torch.Size([64, 1])
torch.Size([64, 1])
torch.Size([64, 1])
torch.Size([64, 1])
torch.Size([64, 1])
torch.Size([64, 1])
torch.Size([64, 1])
torch.Size([64, 1])
torch.Size([64, 1])
torch.Size([64, 1])
torch.Size([64, 1])
torch.Size([64, 1])
torch.Size([64, 1])
torch.Size([64, 1])
Epoch [11] had best val_Loss
torch.Size([64, 1])
torch.Size([64, 1])
torch.Size([64, 1])
torch.Size([64, 1])
torch.Size([64, 1])
torch.Size([64, 1])
torch.Size([64, 1])
torch.Size([64, 1])
torch.Size([64, 1])
torch.Size([64, 1])
torch.Size([64, 1])
torch.Size([64, 1])
torch.Size([64, 1])
torch.Size([64, 1])
torch.Size([64, 1])
torch.Size([64, 1])
torch.Size([64, 1])
torch.Size([64, 1])
torch.Size([64, 1])
torch.Size([64, 1])
torch.Size([64, 1])
torch.Size([64, 1])
torch.Size([64, 1])
torch.Size([64, 1])
torch.Size([64, 1])
torch.Size([64, 1])
torch.Size([64, 1])
torch.Size([64, 1])
torch.Size([64, 1])
torch.Size([64, 1])
torch.Size([64, 1])
torch.Size([64, 1])
torch.Size([64, 1])
torch.Size([64, 1])
torch.Size([64, 1])
torch.Size([64, 1])
torch.Size([64, 1])
torch.Size([64, 1])
torch.Size([64, 1])
torch.Size([64, 1])
torch.Size([64, 1])
torch.Size([64, 1])
torch.Size([64, 1])
torch.Size([64, 1])
torch.Size([64, 1])
torch.Size([64, 1])
torch.Size([64, 1])
torch.Size([64, 1])
torch.Size([64, 1])
torch.Size([64, 1])
torch.Size([64, 1])
torch.Size([64, 1])
torch.Size([64, 1])
torch.Size([64, 1])
torch.Size([64, 1])
torch.Size([64, 1])
torch.Size([64, 1])
torch.Size([64, 1])
torch.Size([64, 1])
torch.Size([64, 1])
Epoch [15/45] | Train Loss: 0.3996 | Train Acc: 0.8417 | Val Loss: 0.3961 | Val Acc: 0.8333
Epoch [15] had best val_Loss
torch.Size([64, 1])
torch.Size([64, 1])
torch.Size([64, 1])
torch.Size([64, 1])
torch.Size([64, 1])
torch.Size([64, 1])
torch.Size([64, 1])
torch.Size([64, 1])
torch.Size([64, 1])
torch.Size([64, 1])
torch.Size([64, 1])
torch.Size([64, 1])
torch.Size([64, 1])
torch.Size([64, 1])
torch.Size([64, 1])
Epoch [16] had best val_Loss
torch.Size([64, 1])
torch.Size([64, 1])
torch.Size([64, 1])
torch.Size([64, 1])
torch.Size([64, 1])
torch.Size([64, 1])
torch.Size([64, 1])
torch.Size([64, 1])
torch.Size([64, 1])
torch.Size([64, 1])
torch.Size([64, 1])
torch.Size([64, 1])
torch.Size([64, 1])
torch.Size([64, 1])
torch.Size([64, 1])
torch.Size([64, 1])
torch.Size([64, 1])
torch.Size([64, 1])
torch.Size([64, 1])
torch.Size([64, 1])
torch.Size([64, 1])
torch.Size([64, 1])
torch.Size([64, 1])
torch.Size([64, 1])
torch.Size([64, 1])
torch.Size([64, 1])
torch.Size([64, 1])
torch.Size([64, 1])
torch.Size([64, 1])
torch.Size([64, 1])
torch.Size([64, 1])
torch.Size([64, 1])
torch.Size([64, 1])
torch.Size([64, 1])
torch.Size([64, 1])
torch.Size([64, 1])
torch.Size([64, 1])
torch.Size([64, 1])
torch.Size([64, 1])
torch.Size([64, 1])
torch.Size([64, 1])
torch.Size([64, 1])
torch.Size([64, 1])
torch.Size([64, 1])
torch.Size([64, 1])
Epoch [19] had best val_Loss
torch.Size([64, 1])
torch.Size([64, 1])
torch.Size([64, 1])
torch.Size([64, 1])
torch.Size([64, 1])
torch.Size([64, 1])
torch.Size([64, 1])
torch.Size([64, 1])
torch.Size([64, 1])
torch.Size([64, 1])
torch.Size([64, 1])
torch.Size([64, 1])
torch.Size([64, 1])
torch.Size([64, 1])
torch.Size([64, 1])
Epoch [20/45] | Train Loss: 0.3982 | Train Acc: 0.8438 | Val Loss: 0.3996 | Val Acc: 0.8333
torch.Size([64, 1])
torch.Size([64, 1])
torch.Size([64, 1])
torch.Size([64, 1])
torch.Size([64, 1])
torch.Size([64, 1])
torch.Size([64, 1])
torch.Size([64, 1])
torch.Size([64, 1])
torch.Size([64, 1])
torch.Size([64, 1])
torch.Size([64, 1])
torch.Size([64, 1])
torch.Size([64, 1])
torch.Size([64, 1])
torch.Size([64, 1])
torch.Size([64, 1])
torch.Size([64, 1])
torch.Size([64, 1])
torch.Size([64, 1])
torch.Size([64, 1])
torch.Size([64, 1])
torch.Size([64, 1])
torch.Size([64, 1])
torch.Size([64, 1])
torch.Size([64, 1])
torch.Size([64, 1])
torch.Size([64, 1])
torch.Size([64, 1])
torch.Size([64, 1])
Epoch [22] had best val_metric
torch.Size([64, 1])
torch.Size([64, 1])
torch.Size([64, 1])
torch.Size([64, 1])
torch.Size([64, 1])
torch.Size([64, 1])
torch.Size([64, 1])
torch.Size([64, 1])
torch.Size([64, 1])
torch.Size([64, 1])
torch.Size([64, 1])
torch.Size([64, 1])
torch.Size([64, 1])
torch.Size([64, 1])
torch.Size([64, 1])
torch.Size([64, 1])
torch.Size([64, 1])
torch.Size([64, 1])
torch.Size([64, 1])
torch.Size([64, 1])
torch.Size([64, 1])
torch.Size([64, 1])
torch.Size([64, 1])
torch.Size([64, 1])
torch.Size([64, 1])
torch.Size([64, 1])
torch.Size([64, 1])
torch.Size([64, 1])
torch.Size([64, 1])
torch.Size([64, 1])
torch.Size([64, 1])
torch.Size([64, 1])
torch.Size([64, 1])
torch.Size([64, 1])
torch.Size([64, 1])
torch.Size([64, 1])
torch.Size([64, 1])
torch.Size([64, 1])
torch.Size([64, 1])
torch.Size([64, 1])
torch.Size([64, 1])
torch.Size([64, 1])
torch.Size([64, 1])
torch.Size([64, 1])
torch.Size([64, 1])
Epoch [25/45] | Train Loss: 0.3882 | Train Acc: 0.8427 | Val Loss: 0.3959 | Val Acc: 0.8333
torch.Size([64, 1])
torch.Size([64, 1])
torch.Size([64, 1])
torch.Size([64, 1])
torch.Size([64, 1])
torch.Size([64, 1])
torch.Size([64, 1])
torch.Size([64, 1])
torch.Size([64, 1])
torch.Size([64, 1])
torch.Size([64, 1])
torch.Size([64, 1])
torch.Size([64, 1])
torch.Size([64, 1])
torch.Size([64, 1])
torch.Size([64, 1])
torch.Size([64, 1])
torch.Size([64, 1])
torch.Size([64, 1])
torch.Size([64, 1])
torch.Size([64, 1])
torch.Size([64, 1])
torch.Size([64, 1])
torch.Size([64, 1])
torch.Size([64, 1])
torch.Size([64, 1])
torch.Size([64, 1])
torch.Size([64, 1])
torch.Size([64, 1])
torch.Size([64, 1])
torch.Size([64, 1])
torch.Size([64, 1])
torch.Size([64, 1])
torch.Size([64, 1])
torch.Size([64, 1])
torch.Size([64, 1])
torch.Size([64, 1])
torch.Size([64, 1])
torch.Size([64, 1])
torch.Size([64, 1])
torch.Size([64, 1])
torch.Size([64, 1])
torch.Size([64, 1])
torch.Size([64, 1])
torch.Size([64, 1])
Epoch [28] had best val_Loss
torch.Size([64, 1])
torch.Size([64, 1])
torch.Size([64, 1])
torch.Size([64, 1])
torch.Size([64, 1])
torch.Size([64, 1])
torch.Size([64, 1])
torch.Size([64, 1])
torch.Size([64, 1])
torch.Size([64, 1])
torch.Size([64, 1])
torch.Size([64, 1])
torch.Size([64, 1])
torch.Size([64, 1])
torch.Size([64, 1])
torch.Size([64, 1])
torch.Size([64, 1])
torch.Size([64, 1])
torch.Size([64, 1])
torch.Size([64, 1])
torch.Size([64, 1])
torch.Size([64, 1])
torch.Size([64, 1])
torch.Size([64, 1])
torch.Size([64, 1])
torch.Size([64, 1])
torch.Size([64, 1])
torch.Size([64, 1])
torch.Size([64, 1])
torch.Size([64, 1])
Epoch [30/45] | Train Loss: 0.3827 | Train Acc: 0.8448 | Val Loss: 0.3914 | Val Acc: 0.8229
Epoch [30] had best val_Loss
torch.Size([64, 1])
torch.Size([64, 1])
torch.Size([64, 1])
torch.Size([64, 1])
torch.Size([64, 1])
torch.Size([64, 1])
torch.Size([64, 1])
torch.Size([64, 1])
torch.Size([64, 1])
torch.Size([64, 1])
torch.Size([64, 1])
torch.Size([64, 1])
torch.Size([64, 1])
torch.Size([64, 1])
torch.Size([64, 1])
torch.Size([64, 1])
torch.Size([64, 1])
torch.Size([64, 1])
torch.Size([64, 1])
torch.Size([64, 1])
torch.Size([64, 1])
torch.Size([64, 1])
torch.Size([64, 1])
torch.Size([64, 1])
torch.Size([64, 1])
torch.Size([64, 1])
torch.Size([64, 1])
torch.Size([64, 1])
torch.Size([64, 1])
torch.Size([64, 1])
torch.Size([64, 1])
torch.Size([64, 1])
torch.Size([64, 1])
torch.Size([64, 1])
torch.Size([64, 1])
torch.Size([64, 1])
torch.Size([64, 1])
torch.Size([64, 1])
torch.Size([64, 1])
torch.Size([64, 1])
torch.Size([64, 1])
torch.Size([64, 1])
torch.Size([64, 1])
torch.Size([64, 1])
torch.Size([64, 1])
torch.Size([64, 1])
torch.Size([64, 1])
torch.Size([64, 1])
torch.Size([64, 1])
torch.Size([64, 1])
torch.Size([64, 1])
torch.Size([64, 1])
torch.Size([64, 1])
torch.Size([64, 1])
torch.Size([64, 1])
torch.Size([64, 1])
torch.Size([64, 1])
torch.Size([64, 1])
torch.Size([64, 1])
torch.Size([64, 1])
Epoch [34] had best val_Loss
torch.Size([64, 1])
torch.Size([64, 1])
torch.Size([64, 1])
torch.Size([64, 1])
torch.Size([64, 1])
torch.Size([64, 1])
torch.Size([64, 1])
torch.Size([64, 1])
torch.Size([64, 1])
torch.Size([64, 1])
torch.Size([64, 1])
torch.Size([64, 1])
torch.Size([64, 1])
torch.Size([64, 1])
torch.Size([64, 1])
Epoch [35/45] | Train Loss: 0.3944 | Train Acc: 0.8375 | Val Loss: 0.3908 | Val Acc: 0.8333
torch.Size([64, 1])
torch.Size([64, 1])
torch.Size([64, 1])
torch.Size([64, 1])
torch.Size([64, 1])
torch.Size([64, 1])
torch.Size([64, 1])
torch.Size([64, 1])
torch.Size([64, 1])
torch.Size([64, 1])
torch.Size([64, 1])
torch.Size([64, 1])
torch.Size([64, 1])
torch.Size([64, 1])
torch.Size([64, 1])
torch.Size([64, 1])
torch.Size([64, 1])
torch.Size([64, 1])
torch.Size([64, 1])
torch.Size([64, 1])
torch.Size([64, 1])
torch.Size([64, 1])
torch.Size([64, 1])
torch.Size([64, 1])
torch.Size([64, 1])
torch.Size([64, 1])
torch.Size([64, 1])
torch.Size([64, 1])
torch.Size([64, 1])
torch.Size([64, 1])
torch.Size([64, 1])
torch.Size([64, 1])
torch.Size([64, 1])
torch.Size([64, 1])
torch.Size([64, 1])
torch.Size([64, 1])
torch.Size([64, 1])
torch.Size([64, 1])
torch.Size([64, 1])
torch.Size([64, 1])
torch.Size([64, 1])
torch.Size([64, 1])
torch.Size([64, 1])
torch.Size([64, 1])
torch.Size([64, 1])
torch.Size([64, 1])
torch.Size([64, 1])
torch.Size([64, 1])
torch.Size([64, 1])
torch.Size([64, 1])
torch.Size([64, 1])
torch.Size([64, 1])
torch.Size([64, 1])
torch.Size([64, 1])
torch.Size([64, 1])
torch.Size([64, 1])
torch.Size([64, 1])
torch.Size([64, 1])
torch.Size([64, 1])
torch.Size([64, 1])
torch.Size([64, 1])
torch.Size([64, 1])
torch.Size([64, 1])
torch.Size([64, 1])
torch.Size([64, 1])
torch.Size([64, 1])
torch.Size([64, 1])
torch.Size([64, 1])
torch.Size([64, 1])
torch.Size([64, 1])
torch.Size([64, 1])
torch.Size([64, 1])
torch.Size([64, 1])
torch.Size([64, 1])
torch.Size([64, 1])
Epoch [40/45] | Train Loss: 0.3846 | Train Acc: 0.8458 | Val Loss: 0.3942 | Val Acc: 0.8333
torch.Size([64, 1])
torch.Size([64, 1])
torch.Size([64, 1])
torch.Size([64, 1])
torch.Size([64, 1])
torch.Size([64, 1])
torch.Size([64, 1])
torch.Size([64, 1])
torch.Size([64, 1])
torch.Size([64, 1])
torch.Size([64, 1])
torch.Size([64, 1])
torch.Size([64, 1])
torch.Size([64, 1])
torch.Size([64, 1])
torch.Size([64, 1])
torch.Size([64, 1])
torch.Size([64, 1])
torch.Size([64, 1])
torch.Size([64, 1])
torch.Size([64, 1])
torch.Size([64, 1])
torch.Size([64, 1])
torch.Size([64, 1])
torch.Size([64, 1])
torch.Size([64, 1])
torch.Size([64, 1])
torch.Size([64, 1])
torch.Size([64, 1])
torch.Size([64, 1])
torch.Size([64, 1])
torch.Size([64, 1])
torch.Size([64, 1])
torch.Size([64, 1])
torch.Size([64, 1])
torch.Size([64, 1])
torch.Size([64, 1])
torch.Size([64, 1])
torch.Size([64, 1])
torch.Size([64, 1])
torch.Size([64, 1])
torch.Size([64, 1])
torch.Size([64, 1])
torch.Size([64, 1])
torch.Size([64, 1])
torch.Size([64, 1])
torch.Size([64, 1])
torch.Size([64, 1])
torch.Size([64, 1])
torch.Size([64, 1])
torch.Size([64, 1])
torch.Size([64, 1])
torch.Size([64, 1])
torch.Size([64, 1])
torch.Size([64, 1])
torch.Size([64, 1])
torch.Size([64, 1])
torch.Size([64, 1])
torch.Size([64, 1])
torch.Size([64, 1])
torch.Size([64, 1])
torch.Size([64, 1])
torch.Size([64, 1])
torch.Size([64, 1])
torch.Size([64, 1])
torch.Size([64, 1])
torch.Size([64, 1])
torch.Size([64, 1])
torch.Size([64, 1])
torch.Size([64, 1])
torch.Size([64, 1])
torch.Size([64, 1])
torch.Size([64, 1])
torch.Size([64, 1])
torch.Size([64, 1])
Epoch [45/45] | Train Loss: 0.3886 | Train Acc: 0.8427 | Val Loss: 0.3944 | Val Acc: 0.8281
[EVAL] AUC=0.6663  F1=0.0000  Acc=0.8958  CSI=0.0000
<class 'tornadoq.models.BinaryPQC'>
torch.Size([64, 1])
torch.Size([64, 1])
torch.Size([64, 1])
torch.Size([64, 1])
torch.Size([64, 1])
torch.Size([64, 1])
torch.Size([64, 1])
torch.Size([64, 1])
torch.Size([64, 1])
torch.Size([64, 1])
torch.Size([64, 1])
torch.Size([64, 1])
torch.Size([64, 1])
torch.Size([64, 1])
torch.Size([64, 1])
Epoch [1] had best val_metric
Epoch [1] had best val_Loss
torch.Size([64, 1])
torch.Size([64, 1])
torch.Size([64, 1])
torch.Size([64, 1])
torch.Size([64, 1])
torch.Size([64, 1])
torch.Size([64, 1])
torch.Size([64, 1])
torch.Size([64, 1])
torch.Size([64, 1])
torch.Size([64, 1])
torch.Size([64, 1])
torch.Size([64, 1])
torch.Size([64, 1])
torch.Size([64, 1])
Epoch [2] had best val_Loss
torch.Size([64, 1])
torch.Size([64, 1])
torch.Size([64, 1])
torch.Size([64, 1])
torch.Size([64, 1])
torch.Size([64, 1])
torch.Size([64, 1])
torch.Size([64, 1])
torch.Size([64, 1])
torch.Size([64, 1])
torch.Size([64, 1])
torch.Size([64, 1])
torch.Size([64, 1])
torch.Size([64, 1])
torch.Size([64, 1])
Epoch [3] had best val_Loss
torch.Size([64, 1])
torch.Size([64, 1])
torch.Size([64, 1])
torch.Size([64, 1])
torch.Size([64, 1])
torch.Size([64, 1])
torch.Size([64, 1])
torch.Size([64, 1])
torch.Size([64, 1])
torch.Size([64, 1])
torch.Size([64, 1])
torch.Size([64, 1])
torch.Size([64, 1])
torch.Size([64, 1])
torch.Size([64, 1])
Epoch [4] had best val_Loss
torch.Size([64, 1])
torch.Size([64, 1])
torch.Size([64, 1])
torch.Size([64, 1])
torch.Size([64, 1])
torch.Size([64, 1])
torch.Size([64, 1])
torch.Size([64, 1])
torch.Size([64, 1])
torch.Size([64, 1])
torch.Size([64, 1])
torch.Size([64, 1])
torch.Size([64, 1])
torch.Size([64, 1])
torch.Size([64, 1])
Epoch [5/45] | Train Loss: 0.4194 | Train Acc: 0.8385 | Val Loss: 0.4161 | Val Acc: 0.8281
torch.Size([64, 1])
torch.Size([64, 1])
torch.Size([64, 1])
torch.Size([64, 1])
torch.Size([64, 1])
torch.Size([64, 1])
torch.Size([64, 1])
torch.Size([64, 1])
torch.Size([64, 1])
torch.Size([64, 1])
torch.Size([64, 1])
torch.Size([64, 1])
torch.Size([64, 1])
torch.Size([64, 1])
torch.Size([64, 1])
torch.Size([64, 1])
torch.Size([64, 1])
torch.Size([64, 1])
torch.Size([64, 1])
torch.Size([64, 1])
torch.Size([64, 1])
torch.Size([64, 1])
torch.Size([64, 1])
torch.Size([64, 1])
torch.Size([64, 1])
torch.Size([64, 1])
torch.Size([64, 1])
torch.Size([64, 1])
torch.Size([64, 1])
torch.Size([64, 1])
Epoch [7] had best val_metric
torch.Size([64, 1])
torch.Size([64, 1])
torch.Size([64, 1])
torch.Size([64, 1])
torch.Size([64, 1])
torch.Size([64, 1])
torch.Size([64, 1])
torch.Size([64, 1])
torch.Size([64, 1])
torch.Size([64, 1])
torch.Size([64, 1])
torch.Size([64, 1])
torch.Size([64, 1])
torch.Size([64, 1])
torch.Size([64, 1])
torch.Size([64, 1])
torch.Size([64, 1])
torch.Size([64, 1])
torch.Size([64, 1])
torch.Size([64, 1])
torch.Size([64, 1])
torch.Size([64, 1])
torch.Size([64, 1])
torch.Size([64, 1])
torch.Size([64, 1])
torch.Size([64, 1])
torch.Size([64, 1])
torch.Size([64, 1])
torch.Size([64, 1])
torch.Size([64, 1])
torch.Size([64, 1])
torch.Size([64, 1])
torch.Size([64, 1])
torch.Size([64, 1])
torch.Size([64, 1])
torch.Size([64, 1])
torch.Size([64, 1])
torch.Size([64, 1])
torch.Size([64, 1])
torch.Size([64, 1])
torch.Size([64, 1])
torch.Size([64, 1])
torch.Size([64, 1])
torch.Size([64, 1])
torch.Size([64, 1])
Epoch [10/45] | Train Loss: 0.3992 | Train Acc: 0.8385 | Val Loss: 0.4002 | Val Acc: 0.8281
Epoch [10] had best val_Loss
torch.Size([64, 1])
torch.Size([64, 1])
torch.Size([64, 1])
torch.Size([64, 1])
torch.Size([64, 1])
torch.Size([64, 1])
torch.Size([64, 1])
torch.Size([64, 1])
torch.Size([64, 1])
torch.Size([64, 1])
torch.Size([64, 1])
torch.Size([64, 1])
torch.Size([64, 1])
torch.Size([64, 1])
torch.Size([64, 1])
torch.Size([64, 1])
torch.Size([64, 1])
torch.Size([64, 1])
torch.Size([64, 1])
torch.Size([64, 1])
torch.Size([64, 1])
torch.Size([64, 1])
torch.Size([64, 1])
torch.Size([64, 1])
torch.Size([64, 1])
torch.Size([64, 1])
torch.Size([64, 1])
torch.Size([64, 1])
torch.Size([64, 1])
torch.Size([64, 1])
torch.Size([64, 1])
torch.Size([64, 1])
torch.Size([64, 1])
torch.Size([64, 1])
torch.Size([64, 1])
torch.Size([64, 1])
torch.Size([64, 1])
torch.Size([64, 1])
torch.Size([64, 1])
torch.Size([64, 1])
torch.Size([64, 1])
torch.Size([64, 1])
torch.Size([64, 1])
torch.Size([64, 1])
torch.Size([64, 1])
Epoch [13] had best val_Loss
torch.Size([64, 1])
torch.Size([64, 1])
torch.Size([64, 1])
torch.Size([64, 1])
torch.Size([64, 1])
torch.Size([64, 1])
torch.Size([64, 1])
torch.Size([64, 1])
torch.Size([64, 1])
torch.Size([64, 1])
torch.Size([64, 1])
torch.Size([64, 1])
torch.Size([64, 1])
torch.Size([64, 1])
torch.Size([64, 1])
torch.Size([64, 1])
torch.Size([64, 1])
torch.Size([64, 1])
torch.Size([64, 1])
torch.Size([64, 1])
torch.Size([64, 1])
torch.Size([64, 1])
torch.Size([64, 1])
torch.Size([64, 1])
torch.Size([64, 1])
torch.Size([64, 1])
torch.Size([64, 1])
torch.Size([64, 1])
torch.Size([64, 1])
torch.Size([64, 1])
Epoch [15/45] | Train Loss: 0.4003 | Train Acc: 0.8385 | Val Loss: 0.3986 | Val Acc: 0.8333
Epoch [15] had best val_Loss
torch.Size([64, 1])
torch.Size([64, 1])
torch.Size([64, 1])
torch.Size([64, 1])
torch.Size([64, 1])
torch.Size([64, 1])
torch.Size([64, 1])
torch.Size([64, 1])
torch.Size([64, 1])
torch.Size([64, 1])
torch.Size([64, 1])
torch.Size([64, 1])
torch.Size([64, 1])
torch.Size([64, 1])
torch.Size([64, 1])
Epoch [16] had best val_Loss
torch.Size([64, 1])
torch.Size([64, 1])
torch.Size([64, 1])
torch.Size([64, 1])
torch.Size([64, 1])
torch.Size([64, 1])
torch.Size([64, 1])
torch.Size([64, 1])
torch.Size([64, 1])
torch.Size([64, 1])
torch.Size([64, 1])
torch.Size([64, 1])
torch.Size([64, 1])
torch.Size([64, 1])
torch.Size([64, 1])
Epoch [17] had best val_Loss
torch.Size([64, 1])
torch.Size([64, 1])
torch.Size([64, 1])
torch.Size([64, 1])
torch.Size([64, 1])
torch.Size([64, 1])
torch.Size([64, 1])
torch.Size([64, 1])
torch.Size([64, 1])
torch.Size([64, 1])
torch.Size([64, 1])
torch.Size([64, 1])
torch.Size([64, 1])
torch.Size([64, 1])
torch.Size([64, 1])
torch.Size([64, 1])
torch.Size([64, 1])
torch.Size([64, 1])
torch.Size([64, 1])
torch.Size([64, 1])
torch.Size([64, 1])
torch.Size([64, 1])
torch.Size([64, 1])
torch.Size([64, 1])
torch.Size([64, 1])
torch.Size([64, 1])
torch.Size([64, 1])
torch.Size([64, 1])
torch.Size([64, 1])
torch.Size([64, 1])
torch.Size([64, 1])
torch.Size([64, 1])
torch.Size([64, 1])
torch.Size([64, 1])
torch.Size([64, 1])
torch.Size([64, 1])
torch.Size([64, 1])
torch.Size([64, 1])
torch.Size([64, 1])
torch.Size([64, 1])
torch.Size([64, 1])
torch.Size([64, 1])
torch.Size([64, 1])
torch.Size([64, 1])
torch.Size([64, 1])
Epoch [20/45] | Train Loss: 0.3993 | Train Acc: 0.8427 | Val Loss: 0.4054 | Val Acc: 0.8281
torch.Size([64, 1])
torch.Size([64, 1])
torch.Size([64, 1])
torch.Size([64, 1])
torch.Size([64, 1])
torch.Size([64, 1])
torch.Size([64, 1])
torch.Size([64, 1])
torch.Size([64, 1])
torch.Size([64, 1])
torch.Size([64, 1])
torch.Size([64, 1])
torch.Size([64, 1])
torch.Size([64, 1])
torch.Size([64, 1])
torch.Size([64, 1])
torch.Size([64, 1])
torch.Size([64, 1])
torch.Size([64, 1])
torch.Size([64, 1])
torch.Size([64, 1])
torch.Size([64, 1])
torch.Size([64, 1])
torch.Size([64, 1])
torch.Size([64, 1])
torch.Size([64, 1])
torch.Size([64, 1])
torch.Size([64, 1])
torch.Size([64, 1])
torch.Size([64, 1])
torch.Size([64, 1])
torch.Size([64, 1])
torch.Size([64, 1])
torch.Size([64, 1])
torch.Size([64, 1])
torch.Size([64, 1])
torch.Size([64, 1])
torch.Size([64, 1])
torch.Size([64, 1])
torch.Size([64, 1])
torch.Size([64, 1])
torch.Size([64, 1])
torch.Size([64, 1])
torch.Size([64, 1])
torch.Size([64, 1])
Epoch [23] had best val_Loss
torch.Size([64, 1])
torch.Size([64, 1])
torch.Size([64, 1])
torch.Size([64, 1])
torch.Size([64, 1])
torch.Size([64, 1])
torch.Size([64, 1])
torch.Size([64, 1])
torch.Size([64, 1])
torch.Size([64, 1])
torch.Size([64, 1])
torch.Size([64, 1])
torch.Size([64, 1])
torch.Size([64, 1])
torch.Size([64, 1])
torch.Size([64, 1])
torch.Size([64, 1])
torch.Size([64, 1])
torch.Size([64, 1])
torch.Size([64, 1])
torch.Size([64, 1])
torch.Size([64, 1])
torch.Size([64, 1])
torch.Size([64, 1])
torch.Size([64, 1])
torch.Size([64, 1])
torch.Size([64, 1])
torch.Size([64, 1])
torch.Size([64, 1])
torch.Size([64, 1])
Epoch [25/45] | Train Loss: 0.4068 | Train Acc: 0.8354 | Val Loss: 0.4010 | Val Acc: 0.8281
torch.Size([64, 1])
torch.Size([64, 1])
torch.Size([64, 1])
torch.Size([64, 1])
torch.Size([64, 1])
torch.Size([64, 1])
torch.Size([64, 1])
torch.Size([64, 1])
torch.Size([64, 1])
torch.Size([64, 1])
torch.Size([64, 1])
torch.Size([64, 1])
torch.Size([64, 1])
torch.Size([64, 1])
torch.Size([64, 1])
torch.Size([64, 1])
torch.Size([64, 1])
torch.Size([64, 1])
torch.Size([64, 1])
torch.Size([64, 1])
torch.Size([64, 1])
torch.Size([64, 1])
torch.Size([64, 1])
torch.Size([64, 1])
torch.Size([64, 1])
torch.Size([64, 1])
torch.Size([64, 1])
torch.Size([64, 1])
torch.Size([64, 1])
torch.Size([64, 1])
torch.Size([64, 1])
torch.Size([64, 1])
torch.Size([64, 1])
torch.Size([64, 1])
torch.Size([64, 1])
torch.Size([64, 1])
torch.Size([64, 1])
torch.Size([64, 1])
torch.Size([64, 1])
torch.Size([64, 1])
torch.Size([64, 1])
torch.Size([64, 1])
torch.Size([64, 1])
torch.Size([64, 1])
torch.Size([64, 1])
torch.Size([64, 1])
torch.Size([64, 1])
torch.Size([64, 1])
torch.Size([64, 1])
torch.Size([64, 1])
torch.Size([64, 1])
torch.Size([64, 1])
torch.Size([64, 1])
torch.Size([64, 1])
torch.Size([64, 1])
torch.Size([64, 1])
torch.Size([64, 1])
torch.Size([64, 1])
torch.Size([64, 1])
torch.Size([64, 1])
torch.Size([64, 1])
torch.Size([64, 1])
torch.Size([64, 1])
torch.Size([64, 1])
torch.Size([64, 1])
torch.Size([64, 1])
torch.Size([64, 1])
torch.Size([64, 1])
torch.Size([64, 1])
torch.Size([64, 1])
torch.Size([64, 1])
torch.Size([64, 1])
torch.Size([64, 1])
torch.Size([64, 1])
torch.Size([64, 1])
Epoch [30/45] | Train Loss: 0.3987 | Train Acc: 0.8396 | Val Loss: 0.3989 | Val Acc: 0.8333
torch.Size([64, 1])
torch.Size([64, 1])
torch.Size([64, 1])
torch.Size([64, 1])
torch.Size([64, 1])
torch.Size([64, 1])
torch.Size([64, 1])
torch.Size([64, 1])
torch.Size([64, 1])
torch.Size([64, 1])
torch.Size([64, 1])
torch.Size([64, 1])
torch.Size([64, 1])
torch.Size([64, 1])
torch.Size([64, 1])
Epoch [31] had best val_metric
torch.Size([64, 1])
torch.Size([64, 1])
torch.Size([64, 1])
torch.Size([64, 1])
torch.Size([64, 1])
torch.Size([64, 1])
torch.Size([64, 1])
torch.Size([64, 1])
torch.Size([64, 1])
torch.Size([64, 1])
torch.Size([64, 1])
torch.Size([64, 1])
torch.Size([64, 1])
torch.Size([64, 1])
torch.Size([64, 1])
torch.Size([64, 1])
torch.Size([64, 1])
torch.Size([64, 1])
torch.Size([64, 1])
torch.Size([64, 1])
torch.Size([64, 1])
torch.Size([64, 1])
torch.Size([64, 1])
torch.Size([64, 1])
torch.Size([64, 1])
torch.Size([64, 1])
torch.Size([64, 1])
torch.Size([64, 1])
torch.Size([64, 1])
torch.Size([64, 1])
torch.Size([64, 1])
torch.Size([64, 1])
torch.Size([64, 1])
torch.Size([64, 1])
torch.Size([64, 1])
torch.Size([64, 1])
torch.Size([64, 1])
torch.Size([64, 1])
torch.Size([64, 1])
torch.Size([64, 1])
torch.Size([64, 1])
torch.Size([64, 1])
torch.Size([64, 1])
torch.Size([64, 1])
torch.Size([64, 1])
torch.Size([64, 1])
torch.Size([64, 1])
torch.Size([64, 1])
torch.Size([64, 1])
torch.Size([64, 1])
torch.Size([64, 1])
torch.Size([64, 1])
torch.Size([64, 1])
torch.Size([64, 1])
torch.Size([64, 1])
torch.Size([64, 1])
torch.Size([64, 1])
torch.Size([64, 1])
torch.Size([64, 1])
torch.Size([64, 1])
Epoch [35/45] | Train Loss: 0.3912 | Train Acc: 0.8396 | Val Loss: 0.4066 | Val Acc: 0.8281
torch.Size([64, 1])
torch.Size([64, 1])
torch.Size([64, 1])
torch.Size([64, 1])
torch.Size([64, 1])
torch.Size([64, 1])
torch.Size([64, 1])
torch.Size([64, 1])
torch.Size([64, 1])
torch.Size([64, 1])
torch.Size([64, 1])
torch.Size([64, 1])
torch.Size([64, 1])
torch.Size([64, 1])
torch.Size([64, 1])
torch.Size([64, 1])
torch.Size([64, 1])
torch.Size([64, 1])
torch.Size([64, 1])
torch.Size([64, 1])
torch.Size([64, 1])
torch.Size([64, 1])
torch.Size([64, 1])
torch.Size([64, 1])
torch.Size([64, 1])
torch.Size([64, 1])
torch.Size([64, 1])
torch.Size([64, 1])
torch.Size([64, 1])
torch.Size([64, 1])
torch.Size([64, 1])
torch.Size([64, 1])
torch.Size([64, 1])
torch.Size([64, 1])
torch.Size([64, 1])
torch.Size([64, 1])
torch.Size([64, 1])
torch.Size([64, 1])
torch.Size([64, 1])
torch.Size([64, 1])
torch.Size([64, 1])
torch.Size([64, 1])
torch.Size([64, 1])
torch.Size([64, 1])
torch.Size([64, 1])
torch.Size([64, 1])
torch.Size([64, 1])
torch.Size([64, 1])
torch.Size([64, 1])
torch.Size([64, 1])
torch.Size([64, 1])
torch.Size([64, 1])
torch.Size([64, 1])
torch.Size([64, 1])
torch.Size([64, 1])
torch.Size([64, 1])
torch.Size([64, 1])
torch.Size([64, 1])
torch.Size([64, 1])
torch.Size([64, 1])
torch.Size([64, 1])
torch.Size([64, 1])
torch.Size([64, 1])
torch.Size([64, 1])
torch.Size([64, 1])
torch.Size([64, 1])
torch.Size([64, 1])
torch.Size([64, 1])
torch.Size([64, 1])
torch.Size([64, 1])
torch.Size([64, 1])
torch.Size([64, 1])
torch.Size([64, 1])
torch.Size([64, 1])
torch.Size([64, 1])
Epoch [40/45] | Train Loss: 0.3845 | Train Acc: 0.8469 | Val Loss: 0.3935 | Val Acc: 0.8333
torch.Size([64, 1])
torch.Size([64, 1])
torch.Size([64, 1])
torch.Size([64, 1])
torch.Size([64, 1])
torch.Size([64, 1])
torch.Size([64, 1])
torch.Size([64, 1])
torch.Size([64, 1])
torch.Size([64, 1])
torch.Size([64, 1])
torch.Size([64, 1])
torch.Size([64, 1])
torch.Size([64, 1])
torch.Size([64, 1])
torch.Size([64, 1])
torch.Size([64, 1])
torch.Size([64, 1])
torch.Size([64, 1])
torch.Size([64, 1])
torch.Size([64, 1])
torch.Size([64, 1])
torch.Size([64, 1])
torch.Size([64, 1])
torch.Size([64, 1])
torch.Size([64, 1])
torch.Size([64, 1])
torch.Size([64, 1])
torch.Size([64, 1])
torch.Size([64, 1])
torch.Size([64, 1])
torch.Size([64, 1])
torch.Size([64, 1])
torch.Size([64, 1])
torch.Size([64, 1])
torch.Size([64, 1])
torch.Size([64, 1])
torch.Size([64, 1])
torch.Size([64, 1])
torch.Size([64, 1])
torch.Size([64, 1])
torch.Size([64, 1])
torch.Size([64, 1])
torch.Size([64, 1])
torch.Size([64, 1])
torch.Size([64, 1])
torch.Size([64, 1])
torch.Size([64, 1])
torch.Size([64, 1])
torch.Size([64, 1])
torch.Size([64, 1])
torch.Size([64, 1])
torch.Size([64, 1])
torch.Size([64, 1])
torch.Size([64, 1])
torch.Size([64, 1])
torch.Size([64, 1])
torch.Size([64, 1])
torch.Size([64, 1])
torch.Size([64, 1])
torch.Size([64, 1])
torch.Size([64, 1])
torch.Size([64, 1])
torch.Size([64, 1])
torch.Size([64, 1])
torch.Size([64, 1])
torch.Size([64, 1])
torch.Size([64, 1])
torch.Size([64, 1])
torch.Size([64, 1])
torch.Size([64, 1])
torch.Size([64, 1])
torch.Size([64, 1])
torch.Size([64, 1])
torch.Size([64, 1])
Epoch [45/45] | Train Loss: 0.3895 | Train Acc: 0.8438 | Val Loss: 0.3998 | Val Acc: 0.8333
[EVAL] AUC=0.6541  F1=0.0000  Acc=0.8958  CSI=0.0000
