IMPORTS FINISHED!
Duration of Shadow Generation: 38800.97.
Duration of Shadow Generation per circuit: 27.27.
✓ Combined data saved: 1423 rows, 286 columns
df_train_ws:      XIIIIIII  YIIIIIII  ZIIIIIII  ...  shear_0_3km  ef_binary  ef_class
0    0.998553  0.998259  1.000000  ...    24.270638          1         2
1    0.998553  0.998257  1.000000  ...    26.131762          0         1
2    0.998553  0.998257  1.000000  ...    25.557505          0         1
3    0.998535  0.998255  1.000000  ...    26.414716          1         3
4    0.996382  0.998982  0.734731  ...    30.269056          1         3
..        ...       ...       ...  ...          ...        ...       ...
992  0.996479  0.996885  0.910485  ...    24.497076          1         3
993  0.998510  0.998349  0.999982  ...    20.862677          0         1
994  0.998553  0.998257  1.000000  ...    29.927019          0         0
995  0.998553  0.998257  1.000000  ...    20.433127          0         1
996  0.998931  0.999403  0.543869  ...    20.799990          0         0

[997 rows x 286 columns]
X_train_ws       XIIIIIII  YIIIIIII  ZIIIIIII  ...  surface_pressure  shear_0_1km  shear_0_3km
0     0.998553  0.998259  1.000000  ...          0.931182     0.809243     0.609860
1     0.998553  0.998257  1.000000  ...          0.888271     0.534813     0.657667
2     0.998553  0.998257  1.000000  ...          0.801068     0.584669     0.642916
3     0.998535  0.998255  1.000000  ...          0.905573     0.594459     0.664935
4     0.996382  0.998982  0.734731  ...          0.900683     0.753501     0.763941
...        ...       ...       ...  ...               ...          ...          ...
1671  0.998553  0.998257  1.000000  ...          0.805160     0.461691     0.374832
1672  0.998553  0.998257  1.000000  ...          0.965889     0.786165     0.697138
1673  0.998553  0.998257  1.000000  ...          0.920560     0.650154     0.567105
1674  0.998553  0.998257  1.000000  ...          0.939138     0.628899     0.533125
1675  0.998553  0.998257  1.000000  ...          0.886465     0.432831     0.574464

[1676 rows x 284 columns]
train_data_ws <tornadoq.preprocessing.ClassificationDataset object at 0x14e7f8ccc3a0>
26
3
3
26
3
3

Number of training samples: 1676
Number of validation samples: 213
Number of test samples: 213

Number of training samples: 1676
Number of validation samples: 213
Number of test samples: 213
<class 'tornadoq.models.BinaryDNN'>
torch.Size([64, 1])
torch.Size([64, 1])
torch.Size([64, 1])
torch.Size([64, 1])
torch.Size([64, 1])
torch.Size([64, 1])
torch.Size([64, 1])
torch.Size([64, 1])
torch.Size([64, 1])
torch.Size([64, 1])
torch.Size([64, 1])
torch.Size([64, 1])
torch.Size([64, 1])
torch.Size([64, 1])
torch.Size([64, 1])
torch.Size([64, 1])
torch.Size([64, 1])
torch.Size([64, 1])
torch.Size([64, 1])
torch.Size([64, 1])
torch.Size([64, 1])
torch.Size([64, 1])
torch.Size([64, 1])
torch.Size([64, 1])
torch.Size([64, 1])
torch.Size([64, 1])
Epoch [1] had best val_metric
Epoch [1] had best val_Loss
torch.Size([64, 1])
torch.Size([64, 1])
torch.Size([64, 1])
torch.Size([64, 1])
torch.Size([64, 1])
torch.Size([64, 1])
torch.Size([64, 1])
torch.Size([64, 1])
torch.Size([64, 1])
torch.Size([64, 1])
torch.Size([64, 1])
torch.Size([64, 1])
torch.Size([64, 1])
torch.Size([64, 1])
torch.Size([64, 1])
torch.Size([64, 1])
torch.Size([64, 1])
torch.Size([64, 1])
torch.Size([64, 1])
torch.Size([64, 1])
torch.Size([64, 1])
torch.Size([64, 1])
torch.Size([64, 1])
torch.Size([64, 1])
torch.Size([64, 1])
torch.Size([64, 1])
torch.Size([64, 1])
torch.Size([64, 1])
torch.Size([64, 1])
torch.Size([64, 1])
torch.Size([64, 1])
torch.Size([64, 1])
torch.Size([64, 1])
torch.Size([64, 1])
torch.Size([64, 1])
torch.Size([64, 1])
torch.Size([64, 1])
torch.Size([64, 1])
torch.Size([64, 1])
torch.Size([64, 1])
torch.Size([64, 1])
torch.Size([64, 1])
torch.Size([64, 1])
torch.Size([64, 1])
torch.Size([64, 1])
torch.Size([64, 1])
torch.Size([64, 1])
torch.Size([64, 1])
torch.Size([64, 1])
torch.Size([64, 1])
torch.Size([64, 1])
torch.Size([64, 1])
torch.Size([64, 1])
torch.Size([64, 1])
torch.Size([64, 1])
torch.Size([64, 1])
torch.Size([64, 1])
torch.Size([64, 1])
torch.Size([64, 1])
torch.Size([64, 1])
torch.Size([64, 1])
torch.Size([64, 1])
torch.Size([64, 1])
torch.Size([64, 1])
torch.Size([64, 1])
torch.Size([64, 1])
torch.Size([64, 1])
torch.Size([64, 1])
torch.Size([64, 1])
torch.Size([64, 1])
torch.Size([64, 1])
torch.Size([64, 1])
torch.Size([64, 1])
torch.Size([64, 1])
torch.Size([64, 1])
torch.Size([64, 1])
torch.Size([64, 1])
torch.Size([64, 1])
torch.Size([64, 1])
torch.Size([64, 1])
torch.Size([64, 1])
torch.Size([64, 1])
torch.Size([64, 1])
torch.Size([64, 1])
torch.Size([64, 1])
torch.Size([64, 1])
torch.Size([64, 1])
torch.Size([64, 1])
torch.Size([64, 1])
torch.Size([64, 1])
torch.Size([64, 1])
torch.Size([64, 1])
torch.Size([64, 1])
torch.Size([64, 1])
torch.Size([64, 1])
torch.Size([64, 1])
torch.Size([64, 1])
torch.Size([64, 1])
torch.Size([64, 1])
torch.Size([64, 1])
torch.Size([64, 1])
torch.Size([64, 1])
torch.Size([64, 1])
torch.Size([64, 1])
Epoch [5/45] | Train Loss: 0.6933 | Train Acc: 0.5060 | Val Loss: 0.6828 | Val Acc: 0.2448
torch.Size([64, 1])
torch.Size([64, 1])
torch.Size([64, 1])
torch.Size([64, 1])
torch.Size([64, 1])
torch.Size([64, 1])
torch.Size([64, 1])
torch.Size([64, 1])
torch.Size([64, 1])
torch.Size([64, 1])
torch.Size([64, 1])
torch.Size([64, 1])
torch.Size([64, 1])
torch.Size([64, 1])
torch.Size([64, 1])
torch.Size([64, 1])
torch.Size([64, 1])
torch.Size([64, 1])
torch.Size([64, 1])
torch.Size([64, 1])
torch.Size([64, 1])
torch.Size([64, 1])
torch.Size([64, 1])
torch.Size([64, 1])
torch.Size([64, 1])
torch.Size([64, 1])
torch.Size([64, 1])
torch.Size([64, 1])
torch.Size([64, 1])
torch.Size([64, 1])
torch.Size([64, 1])
torch.Size([64, 1])
torch.Size([64, 1])
torch.Size([64, 1])
torch.Size([64, 1])
torch.Size([64, 1])
torch.Size([64, 1])
torch.Size([64, 1])
torch.Size([64, 1])
torch.Size([64, 1])
torch.Size([64, 1])
torch.Size([64, 1])
torch.Size([64, 1])
torch.Size([64, 1])
torch.Size([64, 1])
torch.Size([64, 1])
torch.Size([64, 1])
torch.Size([64, 1])
torch.Size([64, 1])
torch.Size([64, 1])
torch.Size([64, 1])
torch.Size([64, 1])
torch.Size([64, 1])
torch.Size([64, 1])
torch.Size([64, 1])
torch.Size([64, 1])
torch.Size([64, 1])
torch.Size([64, 1])
torch.Size([64, 1])
torch.Size([64, 1])
torch.Size([64, 1])
torch.Size([64, 1])
torch.Size([64, 1])
torch.Size([64, 1])
torch.Size([64, 1])
torch.Size([64, 1])
torch.Size([64, 1])
torch.Size([64, 1])
torch.Size([64, 1])
torch.Size([64, 1])
torch.Size([64, 1])
torch.Size([64, 1])
torch.Size([64, 1])
torch.Size([64, 1])
torch.Size([64, 1])
torch.Size([64, 1])
torch.Size([64, 1])
torch.Size([64, 1])
Epoch [8] had best val_Loss
torch.Size([64, 1])
torch.Size([64, 1])
torch.Size([64, 1])
torch.Size([64, 1])
torch.Size([64, 1])
torch.Size([64, 1])
torch.Size([64, 1])
torch.Size([64, 1])
torch.Size([64, 1])
torch.Size([64, 1])
torch.Size([64, 1])
torch.Size([64, 1])
torch.Size([64, 1])
torch.Size([64, 1])
torch.Size([64, 1])
torch.Size([64, 1])
torch.Size([64, 1])
torch.Size([64, 1])
torch.Size([64, 1])
torch.Size([64, 1])
torch.Size([64, 1])
torch.Size([64, 1])
torch.Size([64, 1])
torch.Size([64, 1])
torch.Size([64, 1])
torch.Size([64, 1])
torch.Size([64, 1])
torch.Size([64, 1])
torch.Size([64, 1])
torch.Size([64, 1])
torch.Size([64, 1])
torch.Size([64, 1])
torch.Size([64, 1])
torch.Size([64, 1])
torch.Size([64, 1])
torch.Size([64, 1])
torch.Size([64, 1])
torch.Size([64, 1])
torch.Size([64, 1])
torch.Size([64, 1])
torch.Size([64, 1])
torch.Size([64, 1])
torch.Size([64, 1])
torch.Size([64, 1])
torch.Size([64, 1])
torch.Size([64, 1])
torch.Size([64, 1])
torch.Size([64, 1])
torch.Size([64, 1])
torch.Size([64, 1])
torch.Size([64, 1])
torch.Size([64, 1])
Epoch [10/45] | Train Loss: 0.7065 | Train Acc: 0.5150 | Val Loss: 0.7268 | Val Acc: 0.2448
torch.Size([64, 1])
torch.Size([64, 1])
torch.Size([64, 1])
torch.Size([64, 1])
torch.Size([64, 1])
torch.Size([64, 1])
torch.Size([64, 1])
torch.Size([64, 1])
torch.Size([64, 1])
torch.Size([64, 1])
torch.Size([64, 1])
torch.Size([64, 1])
torch.Size([64, 1])
torch.Size([64, 1])
torch.Size([64, 1])
torch.Size([64, 1])
torch.Size([64, 1])
torch.Size([64, 1])
torch.Size([64, 1])
torch.Size([64, 1])
torch.Size([64, 1])
torch.Size([64, 1])
torch.Size([64, 1])
torch.Size([64, 1])
torch.Size([64, 1])
torch.Size([64, 1])
Epoch [11] had best val_metric
Epoch [11] had best val_Loss
torch.Size([64, 1])
torch.Size([64, 1])
torch.Size([64, 1])
torch.Size([64, 1])
torch.Size([64, 1])
torch.Size([64, 1])
torch.Size([64, 1])
torch.Size([64, 1])
torch.Size([64, 1])
torch.Size([64, 1])
torch.Size([64, 1])
torch.Size([64, 1])
torch.Size([64, 1])
torch.Size([64, 1])
torch.Size([64, 1])
torch.Size([64, 1])
torch.Size([64, 1])
torch.Size([64, 1])
torch.Size([64, 1])
torch.Size([64, 1])
torch.Size([64, 1])
torch.Size([64, 1])
torch.Size([64, 1])
torch.Size([64, 1])
torch.Size([64, 1])
torch.Size([64, 1])
torch.Size([64, 1])
torch.Size([64, 1])
torch.Size([64, 1])
torch.Size([64, 1])
torch.Size([64, 1])
torch.Size([64, 1])
torch.Size([64, 1])
torch.Size([64, 1])
torch.Size([64, 1])
torch.Size([64, 1])
torch.Size([64, 1])
torch.Size([64, 1])
torch.Size([64, 1])
torch.Size([64, 1])
torch.Size([64, 1])
torch.Size([64, 1])
torch.Size([64, 1])
torch.Size([64, 1])
torch.Size([64, 1])
torch.Size([64, 1])
torch.Size([64, 1])
torch.Size([64, 1])
torch.Size([64, 1])
torch.Size([64, 1])
torch.Size([64, 1])
torch.Size([64, 1])
torch.Size([64, 1])
torch.Size([64, 1])
torch.Size([64, 1])
torch.Size([64, 1])
torch.Size([64, 1])
torch.Size([64, 1])
torch.Size([64, 1])
torch.Size([64, 1])
torch.Size([64, 1])
torch.Size([64, 1])
torch.Size([64, 1])
torch.Size([64, 1])
torch.Size([64, 1])
torch.Size([64, 1])
torch.Size([64, 1])
torch.Size([64, 1])
torch.Size([64, 1])
torch.Size([64, 1])
torch.Size([64, 1])
torch.Size([64, 1])
torch.Size([64, 1])
torch.Size([64, 1])
torch.Size([64, 1])
torch.Size([64, 1])
torch.Size([64, 1])
torch.Size([64, 1])
Epoch [14] had best val_Loss
torch.Size([64, 1])
torch.Size([64, 1])
torch.Size([64, 1])
torch.Size([64, 1])
torch.Size([64, 1])
torch.Size([64, 1])
torch.Size([64, 1])
torch.Size([64, 1])
torch.Size([64, 1])
torch.Size([64, 1])
torch.Size([64, 1])
torch.Size([64, 1])
torch.Size([64, 1])
torch.Size([64, 1])
torch.Size([64, 1])
torch.Size([64, 1])
torch.Size([64, 1])
torch.Size([64, 1])
torch.Size([64, 1])
torch.Size([64, 1])
torch.Size([64, 1])
torch.Size([64, 1])
torch.Size([64, 1])
torch.Size([64, 1])
torch.Size([64, 1])
torch.Size([64, 1])
Epoch [15/45] | Train Loss: 0.7028 | Train Acc: 0.5180 | Val Loss: 0.9928 | Val Acc: 0.2448
torch.Size([64, 1])
torch.Size([64, 1])
torch.Size([64, 1])
torch.Size([64, 1])
torch.Size([64, 1])
torch.Size([64, 1])
torch.Size([64, 1])
torch.Size([64, 1])
torch.Size([64, 1])
torch.Size([64, 1])
torch.Size([64, 1])
torch.Size([64, 1])
torch.Size([64, 1])
torch.Size([64, 1])
torch.Size([64, 1])
torch.Size([64, 1])
torch.Size([64, 1])
torch.Size([64, 1])
torch.Size([64, 1])
torch.Size([64, 1])
torch.Size([64, 1])
torch.Size([64, 1])
torch.Size([64, 1])
torch.Size([64, 1])
torch.Size([64, 1])
torch.Size([64, 1])
torch.Size([64, 1])
torch.Size([64, 1])
torch.Size([64, 1])
torch.Size([64, 1])
torch.Size([64, 1])
torch.Size([64, 1])
torch.Size([64, 1])
torch.Size([64, 1])
torch.Size([64, 1])
torch.Size([64, 1])
torch.Size([64, 1])
torch.Size([64, 1])
torch.Size([64, 1])
torch.Size([64, 1])
torch.Size([64, 1])
torch.Size([64, 1])
torch.Size([64, 1])
torch.Size([64, 1])
torch.Size([64, 1])
torch.Size([64, 1])
torch.Size([64, 1])
torch.Size([64, 1])
torch.Size([64, 1])
torch.Size([64, 1])
torch.Size([64, 1])
torch.Size([64, 1])
torch.Size([64, 1])
torch.Size([64, 1])
torch.Size([64, 1])
torch.Size([64, 1])
torch.Size([64, 1])
torch.Size([64, 1])
torch.Size([64, 1])
torch.Size([64, 1])
torch.Size([64, 1])
torch.Size([64, 1])
torch.Size([64, 1])
torch.Size([64, 1])
torch.Size([64, 1])
torch.Size([64, 1])
torch.Size([64, 1])
torch.Size([64, 1])
torch.Size([64, 1])
torch.Size([64, 1])
torch.Size([64, 1])
torch.Size([64, 1])
torch.Size([64, 1])
torch.Size([64, 1])
torch.Size([64, 1])
torch.Size([64, 1])
torch.Size([64, 1])
torch.Size([64, 1])
torch.Size([64, 1])
torch.Size([64, 1])
torch.Size([64, 1])
torch.Size([64, 1])
torch.Size([64, 1])
torch.Size([64, 1])
torch.Size([64, 1])
torch.Size([64, 1])
torch.Size([64, 1])
torch.Size([64, 1])
torch.Size([64, 1])
torch.Size([64, 1])
torch.Size([64, 1])
torch.Size([64, 1])
torch.Size([64, 1])
torch.Size([64, 1])
torch.Size([64, 1])
torch.Size([64, 1])
torch.Size([64, 1])
torch.Size([64, 1])
torch.Size([64, 1])
torch.Size([64, 1])
torch.Size([64, 1])
torch.Size([64, 1])
torch.Size([64, 1])
torch.Size([64, 1])
torch.Size([64, 1])
torch.Size([64, 1])
torch.Size([64, 1])
torch.Size([64, 1])
torch.Size([64, 1])
torch.Size([64, 1])
torch.Size([64, 1])
torch.Size([64, 1])
torch.Size([64, 1])
torch.Size([64, 1])
torch.Size([64, 1])
torch.Size([64, 1])
torch.Size([64, 1])
torch.Size([64, 1])
torch.Size([64, 1])
torch.Size([64, 1])
torch.Size([64, 1])
torch.Size([64, 1])
torch.Size([64, 1])
torch.Size([64, 1])
torch.Size([64, 1])
torch.Size([64, 1])
torch.Size([64, 1])
torch.Size([64, 1])
torch.Size([64, 1])
torch.Size([64, 1])
Epoch [20/45] | Train Loss: 0.6871 | Train Acc: 0.5367 | Val Loss: 0.6345 | Val Acc: 0.8281
torch.Size([64, 1])
torch.Size([64, 1])
torch.Size([64, 1])
torch.Size([64, 1])
torch.Size([64, 1])
torch.Size([64, 1])
torch.Size([64, 1])
torch.Size([64, 1])
torch.Size([64, 1])
torch.Size([64, 1])
torch.Size([64, 1])
torch.Size([64, 1])
torch.Size([64, 1])
torch.Size([64, 1])
torch.Size([64, 1])
torch.Size([64, 1])
torch.Size([64, 1])
torch.Size([64, 1])
torch.Size([64, 1])
torch.Size([64, 1])
torch.Size([64, 1])
torch.Size([64, 1])
torch.Size([64, 1])
torch.Size([64, 1])
torch.Size([64, 1])
torch.Size([64, 1])
torch.Size([64, 1])
torch.Size([64, 1])
torch.Size([64, 1])
torch.Size([64, 1])
torch.Size([64, 1])
torch.Size([64, 1])
torch.Size([64, 1])
torch.Size([64, 1])
torch.Size([64, 1])
torch.Size([64, 1])
torch.Size([64, 1])
torch.Size([64, 1])
torch.Size([64, 1])
torch.Size([64, 1])
torch.Size([64, 1])
torch.Size([64, 1])
torch.Size([64, 1])
torch.Size([64, 1])
torch.Size([64, 1])
torch.Size([64, 1])
torch.Size([64, 1])
torch.Size([64, 1])
torch.Size([64, 1])
torch.Size([64, 1])
torch.Size([64, 1])
torch.Size([64, 1])
torch.Size([64, 1])
torch.Size([64, 1])
torch.Size([64, 1])
torch.Size([64, 1])
torch.Size([64, 1])
torch.Size([64, 1])
torch.Size([64, 1])
torch.Size([64, 1])
torch.Size([64, 1])
torch.Size([64, 1])
torch.Size([64, 1])
torch.Size([64, 1])
torch.Size([64, 1])
torch.Size([64, 1])
torch.Size([64, 1])
torch.Size([64, 1])
torch.Size([64, 1])
torch.Size([64, 1])
torch.Size([64, 1])
torch.Size([64, 1])
torch.Size([64, 1])
torch.Size([64, 1])
torch.Size([64, 1])
torch.Size([64, 1])
torch.Size([64, 1])
torch.Size([64, 1])
Epoch [23] had best val_Loss
torch.Size([64, 1])
torch.Size([64, 1])
torch.Size([64, 1])
torch.Size([64, 1])
torch.Size([64, 1])
torch.Size([64, 1])
torch.Size([64, 1])
torch.Size([64, 1])
torch.Size([64, 1])
torch.Size([64, 1])
torch.Size([64, 1])
torch.Size([64, 1])
torch.Size([64, 1])
torch.Size([64, 1])
torch.Size([64, 1])
torch.Size([64, 1])
torch.Size([64, 1])
torch.Size([64, 1])
torch.Size([64, 1])
torch.Size([64, 1])
torch.Size([64, 1])
torch.Size([64, 1])
torch.Size([64, 1])
torch.Size([64, 1])
torch.Size([64, 1])
torch.Size([64, 1])
torch.Size([64, 1])
torch.Size([64, 1])
torch.Size([64, 1])
torch.Size([64, 1])
torch.Size([64, 1])
torch.Size([64, 1])
torch.Size([64, 1])
torch.Size([64, 1])
torch.Size([64, 1])
torch.Size([64, 1])
torch.Size([64, 1])
torch.Size([64, 1])
torch.Size([64, 1])
torch.Size([64, 1])
torch.Size([64, 1])
torch.Size([64, 1])
torch.Size([64, 1])
torch.Size([64, 1])
torch.Size([64, 1])
torch.Size([64, 1])
torch.Size([64, 1])
torch.Size([64, 1])
torch.Size([64, 1])
torch.Size([64, 1])
torch.Size([64, 1])
torch.Size([64, 1])
Epoch [25/45] | Train Loss: 0.6971 | Train Acc: 0.5024 | Val Loss: 0.7875 | Val Acc: 0.2448
torch.Size([64, 1])
torch.Size([64, 1])
torch.Size([64, 1])
torch.Size([64, 1])
torch.Size([64, 1])
torch.Size([64, 1])
torch.Size([64, 1])
torch.Size([64, 1])
torch.Size([64, 1])
torch.Size([64, 1])
torch.Size([64, 1])
torch.Size([64, 1])
torch.Size([64, 1])
torch.Size([64, 1])
torch.Size([64, 1])
torch.Size([64, 1])
torch.Size([64, 1])
torch.Size([64, 1])
torch.Size([64, 1])
torch.Size([64, 1])
torch.Size([64, 1])
torch.Size([64, 1])
torch.Size([64, 1])
torch.Size([64, 1])
torch.Size([64, 1])
torch.Size([64, 1])
torch.Size([64, 1])
torch.Size([64, 1])
torch.Size([64, 1])
torch.Size([64, 1])
torch.Size([64, 1])
torch.Size([64, 1])
torch.Size([64, 1])
torch.Size([64, 1])
torch.Size([64, 1])
torch.Size([64, 1])
torch.Size([64, 1])
torch.Size([64, 1])
torch.Size([64, 1])
torch.Size([64, 1])
torch.Size([64, 1])
torch.Size([64, 1])
torch.Size([64, 1])
torch.Size([64, 1])
torch.Size([64, 1])
torch.Size([64, 1])
torch.Size([64, 1])
torch.Size([64, 1])
torch.Size([64, 1])
torch.Size([64, 1])
torch.Size([64, 1])
torch.Size([64, 1])
torch.Size([64, 1])
torch.Size([64, 1])
torch.Size([64, 1])
torch.Size([64, 1])
torch.Size([64, 1])
torch.Size([64, 1])
torch.Size([64, 1])
torch.Size([64, 1])
torch.Size([64, 1])
torch.Size([64, 1])
torch.Size([64, 1])
torch.Size([64, 1])
torch.Size([64, 1])
torch.Size([64, 1])
torch.Size([64, 1])
torch.Size([64, 1])
torch.Size([64, 1])
torch.Size([64, 1])
torch.Size([64, 1])
torch.Size([64, 1])
torch.Size([64, 1])
torch.Size([64, 1])
torch.Size([64, 1])
torch.Size([64, 1])
torch.Size([64, 1])
torch.Size([64, 1])
torch.Size([64, 1])
torch.Size([64, 1])
torch.Size([64, 1])
torch.Size([64, 1])
torch.Size([64, 1])
torch.Size([64, 1])
torch.Size([64, 1])
torch.Size([64, 1])
torch.Size([64, 1])
torch.Size([64, 1])
torch.Size([64, 1])
torch.Size([64, 1])
torch.Size([64, 1])
torch.Size([64, 1])
torch.Size([64, 1])
torch.Size([64, 1])
torch.Size([64, 1])
torch.Size([64, 1])
torch.Size([64, 1])
torch.Size([64, 1])
torch.Size([64, 1])
torch.Size([64, 1])
torch.Size([64, 1])
torch.Size([64, 1])
torch.Size([64, 1])
torch.Size([64, 1])
torch.Size([64, 1])
torch.Size([64, 1])
torch.Size([64, 1])
torch.Size([64, 1])
torch.Size([64, 1])
torch.Size([64, 1])
torch.Size([64, 1])
torch.Size([64, 1])
torch.Size([64, 1])
torch.Size([64, 1])
torch.Size([64, 1])
torch.Size([64, 1])
torch.Size([64, 1])
torch.Size([64, 1])
torch.Size([64, 1])
torch.Size([64, 1])
torch.Size([64, 1])
torch.Size([64, 1])
torch.Size([64, 1])
torch.Size([64, 1])
torch.Size([64, 1])
torch.Size([64, 1])
torch.Size([64, 1])
torch.Size([64, 1])
torch.Size([64, 1])
torch.Size([64, 1])
Epoch [30/45] | Train Loss: 0.6951 | Train Acc: 0.5210 | Val Loss: 0.6601 | Val Acc: 0.2969
torch.Size([64, 1])
torch.Size([64, 1])
torch.Size([64, 1])
torch.Size([64, 1])
torch.Size([64, 1])
torch.Size([64, 1])
torch.Size([64, 1])
torch.Size([64, 1])
torch.Size([64, 1])
torch.Size([64, 1])
torch.Size([64, 1])
torch.Size([64, 1])
torch.Size([64, 1])
torch.Size([64, 1])
torch.Size([64, 1])
torch.Size([64, 1])
torch.Size([64, 1])
torch.Size([64, 1])
torch.Size([64, 1])
torch.Size([64, 1])
torch.Size([64, 1])
torch.Size([64, 1])
torch.Size([64, 1])
torch.Size([64, 1])
torch.Size([64, 1])
torch.Size([64, 1])
torch.Size([64, 1])
torch.Size([64, 1])
torch.Size([64, 1])
torch.Size([64, 1])
torch.Size([64, 1])
torch.Size([64, 1])
torch.Size([64, 1])
torch.Size([64, 1])
torch.Size([64, 1])
torch.Size([64, 1])
torch.Size([64, 1])
torch.Size([64, 1])
torch.Size([64, 1])
torch.Size([64, 1])
torch.Size([64, 1])
torch.Size([64, 1])
torch.Size([64, 1])
torch.Size([64, 1])
torch.Size([64, 1])
torch.Size([64, 1])
torch.Size([64, 1])
torch.Size([64, 1])
torch.Size([64, 1])
torch.Size([64, 1])
torch.Size([64, 1])
torch.Size([64, 1])
torch.Size([64, 1])
torch.Size([64, 1])
torch.Size([64, 1])
torch.Size([64, 1])
torch.Size([64, 1])
torch.Size([64, 1])
torch.Size([64, 1])
torch.Size([64, 1])
torch.Size([64, 1])
torch.Size([64, 1])
torch.Size([64, 1])
torch.Size([64, 1])
torch.Size([64, 1])
torch.Size([64, 1])
torch.Size([64, 1])
torch.Size([64, 1])
torch.Size([64, 1])
torch.Size([64, 1])
torch.Size([64, 1])
torch.Size([64, 1])
torch.Size([64, 1])
torch.Size([64, 1])
torch.Size([64, 1])
torch.Size([64, 1])
torch.Size([64, 1])
torch.Size([64, 1])
Epoch [33] had best val_Loss
torch.Size([64, 1])
torch.Size([64, 1])
torch.Size([64, 1])
torch.Size([64, 1])
torch.Size([64, 1])
torch.Size([64, 1])
torch.Size([64, 1])
torch.Size([64, 1])
torch.Size([64, 1])
torch.Size([64, 1])
torch.Size([64, 1])
torch.Size([64, 1])
torch.Size([64, 1])
torch.Size([64, 1])
torch.Size([64, 1])
torch.Size([64, 1])
torch.Size([64, 1])
torch.Size([64, 1])
torch.Size([64, 1])
torch.Size([64, 1])
torch.Size([64, 1])
torch.Size([64, 1])
torch.Size([64, 1])
torch.Size([64, 1])
torch.Size([64, 1])
torch.Size([64, 1])
torch.Size([64, 1])
torch.Size([64, 1])
torch.Size([64, 1])
torch.Size([64, 1])
torch.Size([64, 1])
torch.Size([64, 1])
torch.Size([64, 1])
torch.Size([64, 1])
torch.Size([64, 1])
torch.Size([64, 1])
torch.Size([64, 1])
torch.Size([64, 1])
torch.Size([64, 1])
torch.Size([64, 1])
torch.Size([64, 1])
torch.Size([64, 1])
torch.Size([64, 1])
torch.Size([64, 1])
torch.Size([64, 1])
torch.Size([64, 1])
torch.Size([64, 1])
torch.Size([64, 1])
torch.Size([64, 1])
torch.Size([64, 1])
torch.Size([64, 1])
torch.Size([64, 1])
Epoch [35/45] | Train Loss: 0.6924 | Train Acc: 0.5373 | Val Loss: 0.5884 | Val Acc: 0.8281
torch.Size([64, 1])
torch.Size([64, 1])
torch.Size([64, 1])
torch.Size([64, 1])
torch.Size([64, 1])
torch.Size([64, 1])
torch.Size([64, 1])
torch.Size([64, 1])
torch.Size([64, 1])
torch.Size([64, 1])
torch.Size([64, 1])
torch.Size([64, 1])
torch.Size([64, 1])
torch.Size([64, 1])
torch.Size([64, 1])
torch.Size([64, 1])
torch.Size([64, 1])
torch.Size([64, 1])
torch.Size([64, 1])
torch.Size([64, 1])
torch.Size([64, 1])
torch.Size([64, 1])
torch.Size([64, 1])
torch.Size([64, 1])
torch.Size([64, 1])
torch.Size([64, 1])
torch.Size([64, 1])
torch.Size([64, 1])
torch.Size([64, 1])
torch.Size([64, 1])
torch.Size([64, 1])
torch.Size([64, 1])
torch.Size([64, 1])
torch.Size([64, 1])
torch.Size([64, 1])
torch.Size([64, 1])
torch.Size([64, 1])
torch.Size([64, 1])
torch.Size([64, 1])
torch.Size([64, 1])
torch.Size([64, 1])
torch.Size([64, 1])
torch.Size([64, 1])
torch.Size([64, 1])
torch.Size([64, 1])
torch.Size([64, 1])
torch.Size([64, 1])
torch.Size([64, 1])
torch.Size([64, 1])
torch.Size([64, 1])
torch.Size([64, 1])
torch.Size([64, 1])
torch.Size([64, 1])
torch.Size([64, 1])
torch.Size([64, 1])
torch.Size([64, 1])
torch.Size([64, 1])
torch.Size([64, 1])
torch.Size([64, 1])
torch.Size([64, 1])
torch.Size([64, 1])
torch.Size([64, 1])
torch.Size([64, 1])
torch.Size([64, 1])
torch.Size([64, 1])
torch.Size([64, 1])
torch.Size([64, 1])
torch.Size([64, 1])
torch.Size([64, 1])
torch.Size([64, 1])
torch.Size([64, 1])
torch.Size([64, 1])
torch.Size([64, 1])
torch.Size([64, 1])
torch.Size([64, 1])
torch.Size([64, 1])
torch.Size([64, 1])
torch.Size([64, 1])
torch.Size([64, 1])
torch.Size([64, 1])
torch.Size([64, 1])
torch.Size([64, 1])
torch.Size([64, 1])
torch.Size([64, 1])
torch.Size([64, 1])
torch.Size([64, 1])
torch.Size([64, 1])
torch.Size([64, 1])
torch.Size([64, 1])
torch.Size([64, 1])
torch.Size([64, 1])
torch.Size([64, 1])
torch.Size([64, 1])
torch.Size([64, 1])
torch.Size([64, 1])
torch.Size([64, 1])
torch.Size([64, 1])
torch.Size([64, 1])
torch.Size([64, 1])
torch.Size([64, 1])
torch.Size([64, 1])
torch.Size([64, 1])
torch.Size([64, 1])
torch.Size([64, 1])
torch.Size([64, 1])
torch.Size([64, 1])
torch.Size([64, 1])
torch.Size([64, 1])
torch.Size([64, 1])
torch.Size([64, 1])
torch.Size([64, 1])
torch.Size([64, 1])
torch.Size([64, 1])
torch.Size([64, 1])
torch.Size([64, 1])
torch.Size([64, 1])
torch.Size([64, 1])
torch.Size([64, 1])
torch.Size([64, 1])
torch.Size([64, 1])
torch.Size([64, 1])
torch.Size([64, 1])
torch.Size([64, 1])
torch.Size([64, 1])
torch.Size([64, 1])
torch.Size([64, 1])
torch.Size([64, 1])
torch.Size([64, 1])
torch.Size([64, 1])
torch.Size([64, 1])
Epoch [40/45] | Train Loss: 0.6811 | Train Acc: 0.5222 | Val Loss: 0.6117 | Val Acc: 0.8073
torch.Size([64, 1])
torch.Size([64, 1])
torch.Size([64, 1])
torch.Size([64, 1])
torch.Size([64, 1])
torch.Size([64, 1])
torch.Size([64, 1])
torch.Size([64, 1])
torch.Size([64, 1])
torch.Size([64, 1])
torch.Size([64, 1])
torch.Size([64, 1])
torch.Size([64, 1])
torch.Size([64, 1])
torch.Size([64, 1])
torch.Size([64, 1])
torch.Size([64, 1])
torch.Size([64, 1])
torch.Size([64, 1])
torch.Size([64, 1])
torch.Size([64, 1])
torch.Size([64, 1])
torch.Size([64, 1])
torch.Size([64, 1])
torch.Size([64, 1])
torch.Size([64, 1])
torch.Size([64, 1])
torch.Size([64, 1])
torch.Size([64, 1])
torch.Size([64, 1])
torch.Size([64, 1])
torch.Size([64, 1])
torch.Size([64, 1])
torch.Size([64, 1])
torch.Size([64, 1])
torch.Size([64, 1])
torch.Size([64, 1])
torch.Size([64, 1])
torch.Size([64, 1])
torch.Size([64, 1])
torch.Size([64, 1])
torch.Size([64, 1])
torch.Size([64, 1])
torch.Size([64, 1])
torch.Size([64, 1])
torch.Size([64, 1])
torch.Size([64, 1])
torch.Size([64, 1])
torch.Size([64, 1])
torch.Size([64, 1])
torch.Size([64, 1])
torch.Size([64, 1])
Epoch [42] had best val_Loss
torch.Size([64, 1])
torch.Size([64, 1])
torch.Size([64, 1])
torch.Size([64, 1])
torch.Size([64, 1])
torch.Size([64, 1])
torch.Size([64, 1])
torch.Size([64, 1])
torch.Size([64, 1])
torch.Size([64, 1])
torch.Size([64, 1])
torch.Size([64, 1])
torch.Size([64, 1])
torch.Size([64, 1])
torch.Size([64, 1])
torch.Size([64, 1])
torch.Size([64, 1])
torch.Size([64, 1])
torch.Size([64, 1])
torch.Size([64, 1])
torch.Size([64, 1])
torch.Size([64, 1])
torch.Size([64, 1])
torch.Size([64, 1])
torch.Size([64, 1])
torch.Size([64, 1])
torch.Size([64, 1])
torch.Size([64, 1])
torch.Size([64, 1])
torch.Size([64, 1])
torch.Size([64, 1])
torch.Size([64, 1])
torch.Size([64, 1])
torch.Size([64, 1])
torch.Size([64, 1])
torch.Size([64, 1])
torch.Size([64, 1])
torch.Size([64, 1])
torch.Size([64, 1])
torch.Size([64, 1])
torch.Size([64, 1])
torch.Size([64, 1])
torch.Size([64, 1])
torch.Size([64, 1])
torch.Size([64, 1])
torch.Size([64, 1])
torch.Size([64, 1])
torch.Size([64, 1])
torch.Size([64, 1])
torch.Size([64, 1])
torch.Size([64, 1])
torch.Size([64, 1])
torch.Size([64, 1])
torch.Size([64, 1])
torch.Size([64, 1])
torch.Size([64, 1])
torch.Size([64, 1])
torch.Size([64, 1])
torch.Size([64, 1])
torch.Size([64, 1])
torch.Size([64, 1])
torch.Size([64, 1])
torch.Size([64, 1])
torch.Size([64, 1])
torch.Size([64, 1])
torch.Size([64, 1])
torch.Size([64, 1])
torch.Size([64, 1])
torch.Size([64, 1])
torch.Size([64, 1])
torch.Size([64, 1])
torch.Size([64, 1])
torch.Size([64, 1])
torch.Size([64, 1])
torch.Size([64, 1])
torch.Size([64, 1])
torch.Size([64, 1])
torch.Size([64, 1])
Epoch [45/45] | Train Loss: 0.7529 | Train Acc: 0.5000 | Val Loss: 0.5199 | Val Acc: 0.8281
[EVAL With Shadows] AUC=0.6180  F1=0.0000  Acc=0.8958  CSI=0.0000
Traceback (most recent call last):
  File "/home/amaci003/research/TornadoQ/TornadoQ/HPC/full_pipeline_NOAA_dataset.py", line 152, in <module>
    eval_and_plot(model,
  File "/home/amaci003/research/TornadoQ/TornadoQ/src/tornadoq/loadSaveEval.py", line 190, in eval_and_plot
    plot_confusion(cm,
  File "/home/amaci003/research/TornadoQ/TornadoQ/src/tornadoq/loadSaveEval.py", line 98, in plot_confusion
    plt.savefig(filename)
  File "/opt/conda/lib/python3.10/site-packages/matplotlib/pyplot.py", line 1228, in savefig
    res = fig.savefig(*args, **kwargs)  # type: ignore[func-returns-value]
  File "/opt/conda/lib/python3.10/site-packages/matplotlib/figure.py", line 3395, in savefig
    self.canvas.print_figure(fname, **kwargs)
  File "/opt/conda/lib/python3.10/site-packages/matplotlib/backend_bases.py", line 2204, in print_figure
    result = print_method(
  File "/opt/conda/lib/python3.10/site-packages/matplotlib/backend_bases.py", line 2054, in <lambda>
    print_method = functools.wraps(meth)(lambda *args, **kwargs: meth(
  File "/opt/conda/lib/python3.10/site-packages/matplotlib/backends/backend_agg.py", line 496, in print_png
    self._print_pil(filename_or_obj, "png", pil_kwargs, metadata)
  File "/opt/conda/lib/python3.10/site-packages/matplotlib/backends/backend_agg.py", line 445, in _print_pil
    mpl.image.imsave(
  File "/opt/conda/lib/python3.10/site-packages/matplotlib/image.py", line 1676, in imsave
    image.save(fname, **pil_kwargs)
  File "/opt/conda/lib/python3.10/site-packages/PIL/Image.py", line 2456, in save
    fp = builtins.open(filename, "w+b")
FileNotFoundError: [Errno 2] No such file or directory: '/home/amaci003/research/TornadoQ/TornadoQ/HPC/images/EVAL_With_Shadowsconfusion_matrix_percent_data0.1.png'
