IMPORTS FINISHED!
Duration of Shadow Generation: 36275.95.
Duration of Shadow Generation per circuit: 25.49.
✓ Combined data saved: 1423 rows, 90 columns
df_train_ws:      XIIIIIII  YIIIIIII  ZIIIIIII  ...  shear_0_3km  ef_binary  ef_class
0    0.998553  0.998259  1.000000  ...    24.270638          1         2
1    0.998553  0.998257  1.000000  ...    26.131762          0         1
2    0.998553  0.998257  1.000000  ...    25.557505          0         1
3    0.998535  0.998255  1.000000  ...    26.414716          1         3
4    0.996382  0.998982  0.734731  ...    30.269056          1         3
..        ...       ...       ...  ...          ...        ...       ...
992  0.996479  0.996885  0.910485  ...    24.497076          1         3
993  0.998510  0.998349  0.999982  ...    20.862677          0         1
994  0.998553  0.998257  1.000000  ...    29.927019          0         0
995  0.998553  0.998257  1.000000  ...    20.433127          0         1
996  0.998931  0.999403  0.543869  ...    20.799990          0         0

[997 rows x 90 columns]
X_train_ws      XIIIIIII  YIIIIIII  ZIIIIIII  ...  surface_pressure  shear_0_1km  shear_0_3km
0    0.998553  0.998259  1.000000  ...          0.931182     0.809243     0.609860
1    0.998553  0.998257  1.000000  ...          0.888271     0.534813     0.657667
2    0.998553  0.998257  1.000000  ...          0.801068     0.584669     0.642916
3    0.998535  0.998255  1.000000  ...          0.905573     0.594459     0.664935
4    0.996382  0.998982  0.734731  ...          0.900683     0.753501     0.763941
..        ...       ...       ...  ...               ...          ...          ...
992  0.996479  0.996885  0.910485  ...          0.913515     0.887397     0.615677
993  0.998510  0.998349  0.999982  ...          0.845278     0.135521     0.522320
994  0.998553  0.998257  1.000000  ...          0.951616     0.597022     0.755155
995  0.998553  0.998257  1.000000  ...          0.974373     0.647377     0.511287
996  0.998931  0.999403  0.543869  ...          0.938312     0.381594     0.520710

[997 rows x 88 columns]
train_data_ws <tornadoq.preprocessing.ClassificationDataset object at 0x14ec12861f30>
15
3
3
15
3
3

Number of training samples: 997
Number of validation samples: 213
Number of test samples: 213

Number of training samples: 997
Number of validation samples: 213
Number of test samples: 213
<class 'tornadoq.models.BinaryDNN'>
torch.Size([64, 1])
torch.Size([64, 1])
torch.Size([64, 1])
torch.Size([64, 1])
torch.Size([64, 1])
torch.Size([64, 1])
torch.Size([64, 1])
torch.Size([64, 1])
torch.Size([64, 1])
torch.Size([64, 1])
torch.Size([64, 1])
torch.Size([64, 1])
torch.Size([64, 1])
torch.Size([64, 1])
torch.Size([64, 1])
Epoch [1] had best val_metric
Epoch [1] had best val_Loss
torch.Size([64, 1])
torch.Size([64, 1])
torch.Size([64, 1])
torch.Size([64, 1])
torch.Size([64, 1])
torch.Size([64, 1])
torch.Size([64, 1])
torch.Size([64, 1])
torch.Size([64, 1])
torch.Size([64, 1])
torch.Size([64, 1])
torch.Size([64, 1])
torch.Size([64, 1])
torch.Size([64, 1])
torch.Size([64, 1])
torch.Size([64, 1])
torch.Size([64, 1])
torch.Size([64, 1])
torch.Size([64, 1])
torch.Size([64, 1])
torch.Size([64, 1])
torch.Size([64, 1])
torch.Size([64, 1])
torch.Size([64, 1])
torch.Size([64, 1])
torch.Size([64, 1])
torch.Size([64, 1])
torch.Size([64, 1])
torch.Size([64, 1])
torch.Size([64, 1])
Epoch [3] had best val_Loss
torch.Size([64, 1])
torch.Size([64, 1])
torch.Size([64, 1])
torch.Size([64, 1])
torch.Size([64, 1])
torch.Size([64, 1])
torch.Size([64, 1])
torch.Size([64, 1])
torch.Size([64, 1])
torch.Size([64, 1])
torch.Size([64, 1])
torch.Size([64, 1])
torch.Size([64, 1])
torch.Size([64, 1])
torch.Size([64, 1])
Epoch [4] had best val_Loss
torch.Size([64, 1])
torch.Size([64, 1])
torch.Size([64, 1])
torch.Size([64, 1])
torch.Size([64, 1])
torch.Size([64, 1])
torch.Size([64, 1])
torch.Size([64, 1])
torch.Size([64, 1])
torch.Size([64, 1])
torch.Size([64, 1])
torch.Size([64, 1])
torch.Size([64, 1])
torch.Size([64, 1])
torch.Size([64, 1])
Epoch [5/45] | Train Loss: 0.4352 | Train Acc: 0.8448 | Val Loss: 0.4502 | Val Acc: 0.8281
Epoch [5] had best val_Loss
torch.Size([64, 1])
torch.Size([64, 1])
torch.Size([64, 1])
torch.Size([64, 1])
torch.Size([64, 1])
torch.Size([64, 1])
torch.Size([64, 1])
torch.Size([64, 1])
torch.Size([64, 1])
torch.Size([64, 1])
torch.Size([64, 1])
torch.Size([64, 1])
torch.Size([64, 1])
torch.Size([64, 1])
torch.Size([64, 1])
torch.Size([64, 1])
torch.Size([64, 1])
torch.Size([64, 1])
torch.Size([64, 1])
torch.Size([64, 1])
torch.Size([64, 1])
torch.Size([64, 1])
torch.Size([64, 1])
torch.Size([64, 1])
torch.Size([64, 1])
torch.Size([64, 1])
torch.Size([64, 1])
torch.Size([64, 1])
torch.Size([64, 1])
torch.Size([64, 1])
torch.Size([64, 1])
torch.Size([64, 1])
torch.Size([64, 1])
torch.Size([64, 1])
torch.Size([64, 1])
torch.Size([64, 1])
torch.Size([64, 1])
torch.Size([64, 1])
torch.Size([64, 1])
torch.Size([64, 1])
torch.Size([64, 1])
torch.Size([64, 1])
torch.Size([64, 1])
torch.Size([64, 1])
torch.Size([64, 1])
torch.Size([64, 1])
torch.Size([64, 1])
torch.Size([64, 1])
torch.Size([64, 1])
torch.Size([64, 1])
torch.Size([64, 1])
torch.Size([64, 1])
torch.Size([64, 1])
torch.Size([64, 1])
torch.Size([64, 1])
torch.Size([64, 1])
torch.Size([64, 1])
torch.Size([64, 1])
torch.Size([64, 1])
torch.Size([64, 1])
torch.Size([64, 1])
torch.Size([64, 1])
torch.Size([64, 1])
torch.Size([64, 1])
torch.Size([64, 1])
torch.Size([64, 1])
torch.Size([64, 1])
torch.Size([64, 1])
torch.Size([64, 1])
torch.Size([64, 1])
torch.Size([64, 1])
torch.Size([64, 1])
torch.Size([64, 1])
torch.Size([64, 1])
torch.Size([64, 1])
Epoch [10/45] | Train Loss: 0.4552 | Train Acc: 0.8365 | Val Loss: 0.4483 | Val Acc: 0.8281
Epoch [10] had best val_Loss
torch.Size([64, 1])
torch.Size([64, 1])
torch.Size([64, 1])
torch.Size([64, 1])
torch.Size([64, 1])
torch.Size([64, 1])
torch.Size([64, 1])
torch.Size([64, 1])
torch.Size([64, 1])
torch.Size([64, 1])
torch.Size([64, 1])
torch.Size([64, 1])
torch.Size([64, 1])
torch.Size([64, 1])
torch.Size([64, 1])
Epoch [11] had best val_Loss
torch.Size([64, 1])
torch.Size([64, 1])
torch.Size([64, 1])
torch.Size([64, 1])
torch.Size([64, 1])
torch.Size([64, 1])
torch.Size([64, 1])
torch.Size([64, 1])
torch.Size([64, 1])
torch.Size([64, 1])
torch.Size([64, 1])
torch.Size([64, 1])
torch.Size([64, 1])
torch.Size([64, 1])
torch.Size([64, 1])
torch.Size([64, 1])
torch.Size([64, 1])
torch.Size([64, 1])
torch.Size([64, 1])
torch.Size([64, 1])
torch.Size([64, 1])
torch.Size([64, 1])
torch.Size([64, 1])
torch.Size([64, 1])
torch.Size([64, 1])
torch.Size([64, 1])
torch.Size([64, 1])
torch.Size([64, 1])
torch.Size([64, 1])
torch.Size([64, 1])
Epoch [13] had best val_Loss
torch.Size([64, 1])
torch.Size([64, 1])
torch.Size([64, 1])
torch.Size([64, 1])
torch.Size([64, 1])
torch.Size([64, 1])
torch.Size([64, 1])
torch.Size([64, 1])
torch.Size([64, 1])
torch.Size([64, 1])
torch.Size([64, 1])
torch.Size([64, 1])
torch.Size([64, 1])
torch.Size([64, 1])
torch.Size([64, 1])
torch.Size([64, 1])
torch.Size([64, 1])
torch.Size([64, 1])
torch.Size([64, 1])
torch.Size([64, 1])
torch.Size([64, 1])
torch.Size([64, 1])
torch.Size([64, 1])
torch.Size([64, 1])
torch.Size([64, 1])
torch.Size([64, 1])
torch.Size([64, 1])
torch.Size([64, 1])
torch.Size([64, 1])
torch.Size([64, 1])
Epoch [15/45] | Train Loss: 0.4326 | Train Acc: 0.8406 | Val Loss: 0.4325 | Val Acc: 0.8281
torch.Size([64, 1])
torch.Size([64, 1])
torch.Size([64, 1])
torch.Size([64, 1])
torch.Size([64, 1])
torch.Size([64, 1])
torch.Size([64, 1])
torch.Size([64, 1])
torch.Size([64, 1])
torch.Size([64, 1])
torch.Size([64, 1])
torch.Size([64, 1])
torch.Size([64, 1])
torch.Size([64, 1])
torch.Size([64, 1])
torch.Size([64, 1])
torch.Size([64, 1])
torch.Size([64, 1])
torch.Size([64, 1])
torch.Size([64, 1])
torch.Size([64, 1])
torch.Size([64, 1])
torch.Size([64, 1])
torch.Size([64, 1])
torch.Size([64, 1])
torch.Size([64, 1])
torch.Size([64, 1])
torch.Size([64, 1])
torch.Size([64, 1])
torch.Size([64, 1])
torch.Size([64, 1])
torch.Size([64, 1])
torch.Size([64, 1])
torch.Size([64, 1])
torch.Size([64, 1])
torch.Size([64, 1])
torch.Size([64, 1])
torch.Size([64, 1])
torch.Size([64, 1])
torch.Size([64, 1])
torch.Size([64, 1])
torch.Size([64, 1])
torch.Size([64, 1])
torch.Size([64, 1])
torch.Size([64, 1])
torch.Size([64, 1])
torch.Size([64, 1])
torch.Size([64, 1])
torch.Size([64, 1])
torch.Size([64, 1])
torch.Size([64, 1])
torch.Size([64, 1])
torch.Size([64, 1])
torch.Size([64, 1])
torch.Size([64, 1])
torch.Size([64, 1])
torch.Size([64, 1])
torch.Size([64, 1])
torch.Size([64, 1])
torch.Size([64, 1])
Epoch [19] had best val_Loss
torch.Size([64, 1])
torch.Size([64, 1])
torch.Size([64, 1])
torch.Size([64, 1])
torch.Size([64, 1])
torch.Size([64, 1])
torch.Size([64, 1])
torch.Size([64, 1])
torch.Size([64, 1])
torch.Size([64, 1])
torch.Size([64, 1])
torch.Size([64, 1])
torch.Size([64, 1])
torch.Size([64, 1])
torch.Size([64, 1])
Epoch [20/45] | Train Loss: 0.4250 | Train Acc: 0.8396 | Val Loss: 0.4469 | Val Acc: 0.8281
torch.Size([64, 1])
torch.Size([64, 1])
torch.Size([64, 1])
torch.Size([64, 1])
torch.Size([64, 1])
torch.Size([64, 1])
torch.Size([64, 1])
torch.Size([64, 1])
torch.Size([64, 1])
torch.Size([64, 1])
torch.Size([64, 1])
torch.Size([64, 1])
torch.Size([64, 1])
torch.Size([64, 1])
torch.Size([64, 1])
torch.Size([64, 1])
torch.Size([64, 1])
torch.Size([64, 1])
torch.Size([64, 1])
torch.Size([64, 1])
torch.Size([64, 1])
torch.Size([64, 1])
torch.Size([64, 1])
torch.Size([64, 1])
torch.Size([64, 1])
torch.Size([64, 1])
torch.Size([64, 1])
torch.Size([64, 1])
torch.Size([64, 1])
torch.Size([64, 1])
torch.Size([64, 1])
torch.Size([64, 1])
torch.Size([64, 1])
torch.Size([64, 1])
torch.Size([64, 1])
torch.Size([64, 1])
torch.Size([64, 1])
torch.Size([64, 1])
torch.Size([64, 1])
torch.Size([64, 1])
torch.Size([64, 1])
torch.Size([64, 1])
torch.Size([64, 1])
torch.Size([64, 1])
torch.Size([64, 1])
torch.Size([64, 1])
torch.Size([64, 1])
torch.Size([64, 1])
torch.Size([64, 1])
torch.Size([64, 1])
torch.Size([64, 1])
torch.Size([64, 1])
torch.Size([64, 1])
torch.Size([64, 1])
torch.Size([64, 1])
torch.Size([64, 1])
torch.Size([64, 1])
torch.Size([64, 1])
torch.Size([64, 1])
torch.Size([64, 1])
torch.Size([64, 1])
torch.Size([64, 1])
torch.Size([64, 1])
torch.Size([64, 1])
torch.Size([64, 1])
torch.Size([64, 1])
torch.Size([64, 1])
torch.Size([64, 1])
torch.Size([64, 1])
torch.Size([64, 1])
torch.Size([64, 1])
torch.Size([64, 1])
torch.Size([64, 1])
torch.Size([64, 1])
torch.Size([64, 1])
Epoch [25/45] | Train Loss: 0.4219 | Train Acc: 0.8406 | Val Loss: 0.4292 | Val Acc: 0.8281
torch.Size([64, 1])
torch.Size([64, 1])
torch.Size([64, 1])
torch.Size([64, 1])
torch.Size([64, 1])
torch.Size([64, 1])
torch.Size([64, 1])
torch.Size([64, 1])
torch.Size([64, 1])
torch.Size([64, 1])
torch.Size([64, 1])
torch.Size([64, 1])
torch.Size([64, 1])
torch.Size([64, 1])
torch.Size([64, 1])
torch.Size([64, 1])
torch.Size([64, 1])
torch.Size([64, 1])
torch.Size([64, 1])
torch.Size([64, 1])
torch.Size([64, 1])
torch.Size([64, 1])
torch.Size([64, 1])
torch.Size([64, 1])
torch.Size([64, 1])
torch.Size([64, 1])
torch.Size([64, 1])
torch.Size([64, 1])
torch.Size([64, 1])
torch.Size([64, 1])
Epoch [27] had best val_Loss
torch.Size([64, 1])
torch.Size([64, 1])
torch.Size([64, 1])
torch.Size([64, 1])
torch.Size([64, 1])
torch.Size([64, 1])
torch.Size([64, 1])
torch.Size([64, 1])
torch.Size([64, 1])
torch.Size([64, 1])
torch.Size([64, 1])
torch.Size([64, 1])
torch.Size([64, 1])
torch.Size([64, 1])
torch.Size([64, 1])
torch.Size([64, 1])
torch.Size([64, 1])
torch.Size([64, 1])
torch.Size([64, 1])
torch.Size([64, 1])
torch.Size([64, 1])
torch.Size([64, 1])
torch.Size([64, 1])
torch.Size([64, 1])
torch.Size([64, 1])
torch.Size([64, 1])
torch.Size([64, 1])
torch.Size([64, 1])
torch.Size([64, 1])
torch.Size([64, 1])
torch.Size([64, 1])
torch.Size([64, 1])
torch.Size([64, 1])
torch.Size([64, 1])
torch.Size([64, 1])
torch.Size([64, 1])
torch.Size([64, 1])
torch.Size([64, 1])
torch.Size([64, 1])
torch.Size([64, 1])
torch.Size([64, 1])
torch.Size([64, 1])
torch.Size([64, 1])
torch.Size([64, 1])
torch.Size([64, 1])
Epoch [30/45] | Train Loss: 0.4463 | Train Acc: 0.8375 | Val Loss: 0.4471 | Val Acc: 0.8281
torch.Size([64, 1])
torch.Size([64, 1])
torch.Size([64, 1])
torch.Size([64, 1])
torch.Size([64, 1])
torch.Size([64, 1])
torch.Size([64, 1])
torch.Size([64, 1])
torch.Size([64, 1])
torch.Size([64, 1])
torch.Size([64, 1])
torch.Size([64, 1])
torch.Size([64, 1])
torch.Size([64, 1])
torch.Size([64, 1])
torch.Size([64, 1])
torch.Size([64, 1])
torch.Size([64, 1])
torch.Size([64, 1])
torch.Size([64, 1])
torch.Size([64, 1])
torch.Size([64, 1])
torch.Size([64, 1])
torch.Size([64, 1])
torch.Size([64, 1])
torch.Size([64, 1])
torch.Size([64, 1])
torch.Size([64, 1])
torch.Size([64, 1])
torch.Size([64, 1])
torch.Size([64, 1])
torch.Size([64, 1])
torch.Size([64, 1])
torch.Size([64, 1])
torch.Size([64, 1])
torch.Size([64, 1])
torch.Size([64, 1])
torch.Size([64, 1])
torch.Size([64, 1])
torch.Size([64, 1])
torch.Size([64, 1])
torch.Size([64, 1])
torch.Size([64, 1])
torch.Size([64, 1])
torch.Size([64, 1])
Epoch [33] had best val_metric
Epoch [33] had best val_Loss
torch.Size([64, 1])
torch.Size([64, 1])
torch.Size([64, 1])
torch.Size([64, 1])
torch.Size([64, 1])
torch.Size([64, 1])
torch.Size([64, 1])
torch.Size([64, 1])
torch.Size([64, 1])
torch.Size([64, 1])
torch.Size([64, 1])
torch.Size([64, 1])
torch.Size([64, 1])
torch.Size([64, 1])
torch.Size([64, 1])
torch.Size([64, 1])
torch.Size([64, 1])
torch.Size([64, 1])
torch.Size([64, 1])
torch.Size([64, 1])
torch.Size([64, 1])
torch.Size([64, 1])
torch.Size([64, 1])
torch.Size([64, 1])
torch.Size([64, 1])
torch.Size([64, 1])
torch.Size([64, 1])
torch.Size([64, 1])
torch.Size([64, 1])
torch.Size([64, 1])
Epoch [35/45] | Train Loss: 0.4301 | Train Acc: 0.8385 | Val Loss: 0.4124 | Val Acc: 0.8281
torch.Size([64, 1])
torch.Size([64, 1])
torch.Size([64, 1])
torch.Size([64, 1])
torch.Size([64, 1])
torch.Size([64, 1])
torch.Size([64, 1])
torch.Size([64, 1])
torch.Size([64, 1])
torch.Size([64, 1])
torch.Size([64, 1])
torch.Size([64, 1])
torch.Size([64, 1])
torch.Size([64, 1])
torch.Size([64, 1])
torch.Size([64, 1])
torch.Size([64, 1])
torch.Size([64, 1])
torch.Size([64, 1])
torch.Size([64, 1])
torch.Size([64, 1])
torch.Size([64, 1])
torch.Size([64, 1])
torch.Size([64, 1])
torch.Size([64, 1])
torch.Size([64, 1])
torch.Size([64, 1])
torch.Size([64, 1])
torch.Size([64, 1])
torch.Size([64, 1])
torch.Size([64, 1])
torch.Size([64, 1])
torch.Size([64, 1])
torch.Size([64, 1])
torch.Size([64, 1])
torch.Size([64, 1])
torch.Size([64, 1])
torch.Size([64, 1])
torch.Size([64, 1])
torch.Size([64, 1])
torch.Size([64, 1])
torch.Size([64, 1])
torch.Size([64, 1])
torch.Size([64, 1])
torch.Size([64, 1])
torch.Size([64, 1])
torch.Size([64, 1])
torch.Size([64, 1])
torch.Size([64, 1])
torch.Size([64, 1])
torch.Size([64, 1])
torch.Size([64, 1])
torch.Size([64, 1])
torch.Size([64, 1])
torch.Size([64, 1])
torch.Size([64, 1])
torch.Size([64, 1])
torch.Size([64, 1])
torch.Size([64, 1])
torch.Size([64, 1])
torch.Size([64, 1])
torch.Size([64, 1])
torch.Size([64, 1])
torch.Size([64, 1])
torch.Size([64, 1])
torch.Size([64, 1])
torch.Size([64, 1])
torch.Size([64, 1])
torch.Size([64, 1])
torch.Size([64, 1])
torch.Size([64, 1])
torch.Size([64, 1])
torch.Size([64, 1])
torch.Size([64, 1])
torch.Size([64, 1])
Epoch [40/45] | Train Loss: 0.4279 | Train Acc: 0.8396 | Val Loss: 0.4169 | Val Acc: 0.8281
torch.Size([64, 1])
torch.Size([64, 1])
torch.Size([64, 1])
torch.Size([64, 1])
torch.Size([64, 1])
torch.Size([64, 1])
torch.Size([64, 1])
torch.Size([64, 1])
torch.Size([64, 1])
torch.Size([64, 1])
torch.Size([64, 1])
torch.Size([64, 1])
torch.Size([64, 1])
torch.Size([64, 1])
torch.Size([64, 1])
torch.Size([64, 1])
torch.Size([64, 1])
torch.Size([64, 1])
torch.Size([64, 1])
torch.Size([64, 1])
torch.Size([64, 1])
torch.Size([64, 1])
torch.Size([64, 1])
torch.Size([64, 1])
torch.Size([64, 1])
torch.Size([64, 1])
torch.Size([64, 1])
torch.Size([64, 1])
torch.Size([64, 1])
torch.Size([64, 1])
torch.Size([64, 1])
torch.Size([64, 1])
torch.Size([64, 1])
torch.Size([64, 1])
torch.Size([64, 1])
torch.Size([64, 1])
torch.Size([64, 1])
torch.Size([64, 1])
torch.Size([64, 1])
torch.Size([64, 1])
torch.Size([64, 1])
torch.Size([64, 1])
torch.Size([64, 1])
torch.Size([64, 1])
torch.Size([64, 1])
torch.Size([64, 1])
torch.Size([64, 1])
torch.Size([64, 1])
torch.Size([64, 1])
torch.Size([64, 1])
torch.Size([64, 1])
torch.Size([64, 1])
torch.Size([64, 1])
torch.Size([64, 1])
torch.Size([64, 1])
torch.Size([64, 1])
torch.Size([64, 1])
torch.Size([64, 1])
torch.Size([64, 1])
torch.Size([64, 1])
torch.Size([64, 1])
torch.Size([64, 1])
torch.Size([64, 1])
torch.Size([64, 1])
torch.Size([64, 1])
torch.Size([64, 1])
torch.Size([64, 1])
torch.Size([64, 1])
torch.Size([64, 1])
torch.Size([64, 1])
torch.Size([64, 1])
torch.Size([64, 1])
torch.Size([64, 1])
torch.Size([64, 1])
torch.Size([64, 1])
Epoch [45/45] | Train Loss: 0.4227 | Train Acc: 0.8333 | Val Loss: 0.4406 | Val Acc: 0.8281
[EVAL With Shadows] AUC=0.6299  F1=0.0000  Acc=0.8958  CSI=0.0000
<class 'tornadoq.models.BinaryDNN'>
torch.Size([64, 1])
torch.Size([64, 1])
torch.Size([64, 1])
torch.Size([64, 1])
torch.Size([64, 1])
torch.Size([64, 1])
torch.Size([64, 1])
torch.Size([64, 1])
torch.Size([64, 1])
torch.Size([64, 1])
torch.Size([64, 1])
torch.Size([64, 1])
torch.Size([64, 1])
torch.Size([64, 1])
torch.Size([64, 1])
Epoch [1] had best val_metric
Epoch [1] had best val_Loss
torch.Size([64, 1])
torch.Size([64, 1])
torch.Size([64, 1])
torch.Size([64, 1])
torch.Size([64, 1])
torch.Size([64, 1])
torch.Size([64, 1])
torch.Size([64, 1])
torch.Size([64, 1])
torch.Size([64, 1])
torch.Size([64, 1])
torch.Size([64, 1])
torch.Size([64, 1])
torch.Size([64, 1])
torch.Size([64, 1])
Epoch [2] had best val_metric
Epoch [2] had best val_Loss
torch.Size([64, 1])
torch.Size([64, 1])
torch.Size([64, 1])
torch.Size([64, 1])
torch.Size([64, 1])
torch.Size([64, 1])
torch.Size([64, 1])
torch.Size([64, 1])
torch.Size([64, 1])
torch.Size([64, 1])
torch.Size([64, 1])
torch.Size([64, 1])
torch.Size([64, 1])
torch.Size([64, 1])
torch.Size([64, 1])
torch.Size([64, 1])
torch.Size([64, 1])
torch.Size([64, 1])
torch.Size([64, 1])
torch.Size([64, 1])
torch.Size([64, 1])
torch.Size([64, 1])
torch.Size([64, 1])
torch.Size([64, 1])
torch.Size([64, 1])
torch.Size([64, 1])
torch.Size([64, 1])
torch.Size([64, 1])
torch.Size([64, 1])
torch.Size([64, 1])
torch.Size([64, 1])
torch.Size([64, 1])
torch.Size([64, 1])
torch.Size([64, 1])
torch.Size([64, 1])
torch.Size([64, 1])
torch.Size([64, 1])
torch.Size([64, 1])
torch.Size([64, 1])
torch.Size([64, 1])
torch.Size([64, 1])
torch.Size([64, 1])
torch.Size([64, 1])
torch.Size([64, 1])
torch.Size([64, 1])
Epoch [5/45] | Train Loss: 0.3984 | Train Acc: 0.8396 | Val Loss: 0.3954 | Val Acc: 0.8281
Epoch [5] had best val_Loss
torch.Size([64, 1])
torch.Size([64, 1])
torch.Size([64, 1])
torch.Size([64, 1])
torch.Size([64, 1])
torch.Size([64, 1])
torch.Size([64, 1])
torch.Size([64, 1])
torch.Size([64, 1])
torch.Size([64, 1])
torch.Size([64, 1])
torch.Size([64, 1])
torch.Size([64, 1])
torch.Size([64, 1])
torch.Size([64, 1])
torch.Size([64, 1])
torch.Size([64, 1])
torch.Size([64, 1])
torch.Size([64, 1])
torch.Size([64, 1])
torch.Size([64, 1])
torch.Size([64, 1])
torch.Size([64, 1])
torch.Size([64, 1])
torch.Size([64, 1])
torch.Size([64, 1])
torch.Size([64, 1])
torch.Size([64, 1])
torch.Size([64, 1])
torch.Size([64, 1])
torch.Size([64, 1])
torch.Size([64, 1])
torch.Size([64, 1])
torch.Size([64, 1])
torch.Size([64, 1])
torch.Size([64, 1])
torch.Size([64, 1])
torch.Size([64, 1])
torch.Size([64, 1])
torch.Size([64, 1])
torch.Size([64, 1])
torch.Size([64, 1])
torch.Size([64, 1])
torch.Size([64, 1])
torch.Size([64, 1])
torch.Size([64, 1])
torch.Size([64, 1])
torch.Size([64, 1])
torch.Size([64, 1])
torch.Size([64, 1])
torch.Size([64, 1])
torch.Size([64, 1])
torch.Size([64, 1])
torch.Size([64, 1])
torch.Size([64, 1])
torch.Size([64, 1])
torch.Size([64, 1])
torch.Size([64, 1])
torch.Size([64, 1])
torch.Size([64, 1])
torch.Size([64, 1])
torch.Size([64, 1])
torch.Size([64, 1])
torch.Size([64, 1])
torch.Size([64, 1])
torch.Size([64, 1])
torch.Size([64, 1])
torch.Size([64, 1])
torch.Size([64, 1])
torch.Size([64, 1])
torch.Size([64, 1])
torch.Size([64, 1])
torch.Size([64, 1])
torch.Size([64, 1])
torch.Size([64, 1])
Epoch [10/45] | Train Loss: 0.3975 | Train Acc: 0.8385 | Val Loss: 0.3960 | Val Acc: 0.8281
torch.Size([64, 1])
torch.Size([64, 1])
torch.Size([64, 1])
torch.Size([64, 1])
torch.Size([64, 1])
torch.Size([64, 1])
torch.Size([64, 1])
torch.Size([64, 1])
torch.Size([64, 1])
torch.Size([64, 1])
torch.Size([64, 1])
torch.Size([64, 1])
torch.Size([64, 1])
torch.Size([64, 1])
torch.Size([64, 1])
torch.Size([64, 1])
torch.Size([64, 1])
torch.Size([64, 1])
torch.Size([64, 1])
torch.Size([64, 1])
torch.Size([64, 1])
torch.Size([64, 1])
torch.Size([64, 1])
torch.Size([64, 1])
torch.Size([64, 1])
torch.Size([64, 1])
torch.Size([64, 1])
torch.Size([64, 1])
torch.Size([64, 1])
torch.Size([64, 1])
torch.Size([64, 1])
torch.Size([64, 1])
torch.Size([64, 1])
torch.Size([64, 1])
torch.Size([64, 1])
torch.Size([64, 1])
torch.Size([64, 1])
torch.Size([64, 1])
torch.Size([64, 1])
torch.Size([64, 1])
torch.Size([64, 1])
torch.Size([64, 1])
torch.Size([64, 1])
torch.Size([64, 1])
torch.Size([64, 1])
Epoch [13] had best val_Loss
torch.Size([64, 1])
torch.Size([64, 1])
torch.Size([64, 1])
torch.Size([64, 1])
torch.Size([64, 1])
torch.Size([64, 1])
torch.Size([64, 1])
torch.Size([64, 1])
torch.Size([64, 1])
torch.Size([64, 1])
torch.Size([64, 1])
torch.Size([64, 1])
torch.Size([64, 1])
torch.Size([64, 1])
torch.Size([64, 1])
Epoch [14] had best val_Loss
torch.Size([64, 1])
torch.Size([64, 1])
torch.Size([64, 1])
torch.Size([64, 1])
torch.Size([64, 1])
torch.Size([64, 1])
torch.Size([64, 1])
torch.Size([64, 1])
torch.Size([64, 1])
torch.Size([64, 1])
torch.Size([64, 1])
torch.Size([64, 1])
torch.Size([64, 1])
torch.Size([64, 1])
torch.Size([64, 1])
Epoch [15/45] | Train Loss: 0.4019 | Train Acc: 0.8365 | Val Loss: 0.3954 | Val Acc: 0.8333
torch.Size([64, 1])
torch.Size([64, 1])
torch.Size([64, 1])
torch.Size([64, 1])
torch.Size([64, 1])
torch.Size([64, 1])
torch.Size([64, 1])
torch.Size([64, 1])
torch.Size([64, 1])
torch.Size([64, 1])
torch.Size([64, 1])
torch.Size([64, 1])
torch.Size([64, 1])
torch.Size([64, 1])
torch.Size([64, 1])
torch.Size([64, 1])
torch.Size([64, 1])
torch.Size([64, 1])
torch.Size([64, 1])
torch.Size([64, 1])
torch.Size([64, 1])
torch.Size([64, 1])
torch.Size([64, 1])
torch.Size([64, 1])
torch.Size([64, 1])
torch.Size([64, 1])
torch.Size([64, 1])
torch.Size([64, 1])
torch.Size([64, 1])
torch.Size([64, 1])
torch.Size([64, 1])
torch.Size([64, 1])
torch.Size([64, 1])
torch.Size([64, 1])
torch.Size([64, 1])
torch.Size([64, 1])
torch.Size([64, 1])
torch.Size([64, 1])
torch.Size([64, 1])
torch.Size([64, 1])
torch.Size([64, 1])
torch.Size([64, 1])
torch.Size([64, 1])
torch.Size([64, 1])
torch.Size([64, 1])
torch.Size([64, 1])
torch.Size([64, 1])
torch.Size([64, 1])
torch.Size([64, 1])
torch.Size([64, 1])
torch.Size([64, 1])
torch.Size([64, 1])
torch.Size([64, 1])
torch.Size([64, 1])
torch.Size([64, 1])
torch.Size([64, 1])
torch.Size([64, 1])
torch.Size([64, 1])
torch.Size([64, 1])
torch.Size([64, 1])
torch.Size([64, 1])
torch.Size([64, 1])
torch.Size([64, 1])
torch.Size([64, 1])
torch.Size([64, 1])
torch.Size([64, 1])
torch.Size([64, 1])
torch.Size([64, 1])
torch.Size([64, 1])
torch.Size([64, 1])
torch.Size([64, 1])
torch.Size([64, 1])
torch.Size([64, 1])
torch.Size([64, 1])
torch.Size([64, 1])
Epoch [20/45] | Train Loss: 0.3897 | Train Acc: 0.8448 | Val Loss: 0.3901 | Val Acc: 0.8281
Epoch [20] had best val_Loss
torch.Size([64, 1])
torch.Size([64, 1])
torch.Size([64, 1])
torch.Size([64, 1])
torch.Size([64, 1])
torch.Size([64, 1])
torch.Size([64, 1])
torch.Size([64, 1])
torch.Size([64, 1])
torch.Size([64, 1])
torch.Size([64, 1])
torch.Size([64, 1])
torch.Size([64, 1])
torch.Size([64, 1])
torch.Size([64, 1])
torch.Size([64, 1])
torch.Size([64, 1])
torch.Size([64, 1])
torch.Size([64, 1])
torch.Size([64, 1])
torch.Size([64, 1])
torch.Size([64, 1])
torch.Size([64, 1])
torch.Size([64, 1])
torch.Size([64, 1])
torch.Size([64, 1])
torch.Size([64, 1])
torch.Size([64, 1])
torch.Size([64, 1])
torch.Size([64, 1])
torch.Size([64, 1])
torch.Size([64, 1])
torch.Size([64, 1])
torch.Size([64, 1])
torch.Size([64, 1])
torch.Size([64, 1])
torch.Size([64, 1])
torch.Size([64, 1])
torch.Size([64, 1])
torch.Size([64, 1])
torch.Size([64, 1])
torch.Size([64, 1])
torch.Size([64, 1])
torch.Size([64, 1])
torch.Size([64, 1])
torch.Size([64, 1])
torch.Size([64, 1])
torch.Size([64, 1])
torch.Size([64, 1])
torch.Size([64, 1])
torch.Size([64, 1])
torch.Size([64, 1])
torch.Size([64, 1])
torch.Size([64, 1])
torch.Size([64, 1])
torch.Size([64, 1])
torch.Size([64, 1])
torch.Size([64, 1])
torch.Size([64, 1])
torch.Size([64, 1])
torch.Size([64, 1])
torch.Size([64, 1])
torch.Size([64, 1])
torch.Size([64, 1])
torch.Size([64, 1])
torch.Size([64, 1])
torch.Size([64, 1])
torch.Size([64, 1])
torch.Size([64, 1])
torch.Size([64, 1])
torch.Size([64, 1])
torch.Size([64, 1])
torch.Size([64, 1])
torch.Size([64, 1])
torch.Size([64, 1])
Epoch [25/45] | Train Loss: 0.3871 | Train Acc: 0.8365 | Val Loss: 0.4069 | Val Acc: 0.8281
torch.Size([64, 1])
torch.Size([64, 1])
torch.Size([64, 1])
torch.Size([64, 1])
torch.Size([64, 1])
torch.Size([64, 1])
torch.Size([64, 1])
torch.Size([64, 1])
torch.Size([64, 1])
torch.Size([64, 1])
torch.Size([64, 1])
torch.Size([64, 1])
torch.Size([64, 1])
torch.Size([64, 1])
torch.Size([64, 1])
torch.Size([64, 1])
torch.Size([64, 1])
torch.Size([64, 1])
torch.Size([64, 1])
torch.Size([64, 1])
torch.Size([64, 1])
torch.Size([64, 1])
torch.Size([64, 1])
torch.Size([64, 1])
torch.Size([64, 1])
torch.Size([64, 1])
torch.Size([64, 1])
torch.Size([64, 1])
torch.Size([64, 1])
torch.Size([64, 1])
torch.Size([64, 1])
torch.Size([64, 1])
torch.Size([64, 1])
torch.Size([64, 1])
torch.Size([64, 1])
torch.Size([64, 1])
torch.Size([64, 1])
torch.Size([64, 1])
torch.Size([64, 1])
torch.Size([64, 1])
torch.Size([64, 1])
torch.Size([64, 1])
torch.Size([64, 1])
torch.Size([64, 1])
torch.Size([64, 1])
torch.Size([64, 1])
torch.Size([64, 1])
torch.Size([64, 1])
torch.Size([64, 1])
torch.Size([64, 1])
torch.Size([64, 1])
torch.Size([64, 1])
torch.Size([64, 1])
torch.Size([64, 1])
torch.Size([64, 1])
torch.Size([64, 1])
torch.Size([64, 1])
torch.Size([64, 1])
torch.Size([64, 1])
torch.Size([64, 1])
torch.Size([64, 1])
torch.Size([64, 1])
torch.Size([64, 1])
torch.Size([64, 1])
torch.Size([64, 1])
torch.Size([64, 1])
torch.Size([64, 1])
torch.Size([64, 1])
torch.Size([64, 1])
torch.Size([64, 1])
torch.Size([64, 1])
torch.Size([64, 1])
torch.Size([64, 1])
torch.Size([64, 1])
torch.Size([64, 1])
Epoch [30/45] | Train Loss: 0.3853 | Train Acc: 0.8406 | Val Loss: 0.3981 | Val Acc: 0.8281
torch.Size([64, 1])
torch.Size([64, 1])
torch.Size([64, 1])
torch.Size([64, 1])
torch.Size([64, 1])
torch.Size([64, 1])
torch.Size([64, 1])
torch.Size([64, 1])
torch.Size([64, 1])
torch.Size([64, 1])
torch.Size([64, 1])
torch.Size([64, 1])
torch.Size([64, 1])
torch.Size([64, 1])
torch.Size([64, 1])
torch.Size([64, 1])
torch.Size([64, 1])
torch.Size([64, 1])
torch.Size([64, 1])
torch.Size([64, 1])
torch.Size([64, 1])
torch.Size([64, 1])
torch.Size([64, 1])
torch.Size([64, 1])
torch.Size([64, 1])
torch.Size([64, 1])
torch.Size([64, 1])
torch.Size([64, 1])
torch.Size([64, 1])
torch.Size([64, 1])
torch.Size([64, 1])
torch.Size([64, 1])
torch.Size([64, 1])
torch.Size([64, 1])
torch.Size([64, 1])
torch.Size([64, 1])
torch.Size([64, 1])
torch.Size([64, 1])
torch.Size([64, 1])
torch.Size([64, 1])
torch.Size([64, 1])
torch.Size([64, 1])
torch.Size([64, 1])
torch.Size([64, 1])
torch.Size([64, 1])
torch.Size([64, 1])
torch.Size([64, 1])
torch.Size([64, 1])
torch.Size([64, 1])
torch.Size([64, 1])
torch.Size([64, 1])
torch.Size([64, 1])
torch.Size([64, 1])
torch.Size([64, 1])
torch.Size([64, 1])
torch.Size([64, 1])
torch.Size([64, 1])
torch.Size([64, 1])
torch.Size([64, 1])
torch.Size([64, 1])
torch.Size([64, 1])
torch.Size([64, 1])
torch.Size([64, 1])
torch.Size([64, 1])
torch.Size([64, 1])
torch.Size([64, 1])
torch.Size([64, 1])
torch.Size([64, 1])
torch.Size([64, 1])
torch.Size([64, 1])
torch.Size([64, 1])
torch.Size([64, 1])
torch.Size([64, 1])
torch.Size([64, 1])
torch.Size([64, 1])
Epoch [35/45] | Train Loss: 0.3915 | Train Acc: 0.8469 | Val Loss: 0.3974 | Val Acc: 0.8333
torch.Size([64, 1])
torch.Size([64, 1])
torch.Size([64, 1])
torch.Size([64, 1])
torch.Size([64, 1])
torch.Size([64, 1])
torch.Size([64, 1])
torch.Size([64, 1])
torch.Size([64, 1])
torch.Size([64, 1])
torch.Size([64, 1])
torch.Size([64, 1])
torch.Size([64, 1])
torch.Size([64, 1])
torch.Size([64, 1])
torch.Size([64, 1])
torch.Size([64, 1])
torch.Size([64, 1])
torch.Size([64, 1])
torch.Size([64, 1])
torch.Size([64, 1])
torch.Size([64, 1])
torch.Size([64, 1])
torch.Size([64, 1])
torch.Size([64, 1])
torch.Size([64, 1])
torch.Size([64, 1])
torch.Size([64, 1])
torch.Size([64, 1])
torch.Size([64, 1])
torch.Size([64, 1])
torch.Size([64, 1])
torch.Size([64, 1])
torch.Size([64, 1])
torch.Size([64, 1])
torch.Size([64, 1])
torch.Size([64, 1])
torch.Size([64, 1])
torch.Size([64, 1])
torch.Size([64, 1])
torch.Size([64, 1])
torch.Size([64, 1])
torch.Size([64, 1])
torch.Size([64, 1])
torch.Size([64, 1])
torch.Size([64, 1])
torch.Size([64, 1])
torch.Size([64, 1])
torch.Size([64, 1])
torch.Size([64, 1])
torch.Size([64, 1])
torch.Size([64, 1])
torch.Size([64, 1])
torch.Size([64, 1])
torch.Size([64, 1])
torch.Size([64, 1])
torch.Size([64, 1])
torch.Size([64, 1])
torch.Size([64, 1])
torch.Size([64, 1])
torch.Size([64, 1])
torch.Size([64, 1])
torch.Size([64, 1])
torch.Size([64, 1])
torch.Size([64, 1])
torch.Size([64, 1])
torch.Size([64, 1])
torch.Size([64, 1])
torch.Size([64, 1])
torch.Size([64, 1])
torch.Size([64, 1])
torch.Size([64, 1])
torch.Size([64, 1])
torch.Size([64, 1])
torch.Size([64, 1])
Epoch [40/45] | Train Loss: 0.3890 | Train Acc: 0.8396 | Val Loss: 0.3994 | Val Acc: 0.8333
torch.Size([64, 1])
torch.Size([64, 1])
torch.Size([64, 1])
torch.Size([64, 1])
torch.Size([64, 1])
torch.Size([64, 1])
torch.Size([64, 1])
torch.Size([64, 1])
torch.Size([64, 1])
torch.Size([64, 1])
torch.Size([64, 1])
torch.Size([64, 1])
torch.Size([64, 1])
torch.Size([64, 1])
torch.Size([64, 1])
torch.Size([64, 1])
torch.Size([64, 1])
torch.Size([64, 1])
torch.Size([64, 1])
torch.Size([64, 1])
torch.Size([64, 1])
torch.Size([64, 1])
torch.Size([64, 1])
torch.Size([64, 1])
torch.Size([64, 1])
torch.Size([64, 1])
torch.Size([64, 1])
torch.Size([64, 1])
torch.Size([64, 1])
torch.Size([64, 1])
torch.Size([64, 1])
torch.Size([64, 1])
torch.Size([64, 1])
torch.Size([64, 1])
torch.Size([64, 1])
torch.Size([64, 1])
torch.Size([64, 1])
torch.Size([64, 1])
torch.Size([64, 1])
torch.Size([64, 1])
torch.Size([64, 1])
torch.Size([64, 1])
torch.Size([64, 1])
torch.Size([64, 1])
torch.Size([64, 1])
torch.Size([64, 1])
torch.Size([64, 1])
torch.Size([64, 1])
torch.Size([64, 1])
torch.Size([64, 1])
torch.Size([64, 1])
torch.Size([64, 1])
torch.Size([64, 1])
torch.Size([64, 1])
torch.Size([64, 1])
torch.Size([64, 1])
torch.Size([64, 1])
torch.Size([64, 1])
torch.Size([64, 1])
torch.Size([64, 1])
torch.Size([64, 1])
torch.Size([64, 1])
torch.Size([64, 1])
torch.Size([64, 1])
torch.Size([64, 1])
torch.Size([64, 1])
torch.Size([64, 1])
torch.Size([64, 1])
torch.Size([64, 1])
torch.Size([64, 1])
torch.Size([64, 1])
torch.Size([64, 1])
torch.Size([64, 1])
torch.Size([64, 1])
torch.Size([64, 1])
Epoch [45/45] | Train Loss: 0.3925 | Train Acc: 0.8396 | Val Loss: 0.4268 | Val Acc: 0.8281
[EVAL No Shadows] AUC=0.6640  F1=0.0000  Acc=0.8958  CSI=0.0000
8
<class 'tornadoq.models.BinaryPQC'>
torch.Size([64, 1])
torch.Size([64, 1])
torch.Size([64, 1])
torch.Size([64, 1])
torch.Size([64, 1])
torch.Size([64, 1])
torch.Size([64, 1])
torch.Size([64, 1])
torch.Size([64, 1])
torch.Size([64, 1])
torch.Size([64, 1])
torch.Size([64, 1])
torch.Size([64, 1])
torch.Size([64, 1])
torch.Size([64, 1])
Epoch [1] had best val_metric
Epoch [1] had best val_Loss
torch.Size([64, 1])
torch.Size([64, 1])
torch.Size([64, 1])
torch.Size([64, 1])
torch.Size([64, 1])
torch.Size([64, 1])
torch.Size([64, 1])
torch.Size([64, 1])
torch.Size([64, 1])
torch.Size([64, 1])
torch.Size([64, 1])
torch.Size([64, 1])
torch.Size([64, 1])
torch.Size([64, 1])
torch.Size([64, 1])
Epoch [2] had best val_Loss
torch.Size([64, 1])
torch.Size([64, 1])
torch.Size([64, 1])
torch.Size([64, 1])
torch.Size([64, 1])
torch.Size([64, 1])
torch.Size([64, 1])
torch.Size([64, 1])
torch.Size([64, 1])
torch.Size([64, 1])
torch.Size([64, 1])
torch.Size([64, 1])
torch.Size([64, 1])
torch.Size([64, 1])
torch.Size([64, 1])
Epoch [3] had best val_Loss
torch.Size([64, 1])
torch.Size([64, 1])
torch.Size([64, 1])
torch.Size([64, 1])
torch.Size([64, 1])
torch.Size([64, 1])
torch.Size([64, 1])
torch.Size([64, 1])
torch.Size([64, 1])
torch.Size([64, 1])
torch.Size([64, 1])
torch.Size([64, 1])
torch.Size([64, 1])
torch.Size([64, 1])
torch.Size([64, 1])
torch.Size([64, 1])
torch.Size([64, 1])
torch.Size([64, 1])
torch.Size([64, 1])
torch.Size([64, 1])
torch.Size([64, 1])
torch.Size([64, 1])
torch.Size([64, 1])
torch.Size([64, 1])
torch.Size([64, 1])
torch.Size([64, 1])
torch.Size([64, 1])
torch.Size([64, 1])
torch.Size([64, 1])
torch.Size([64, 1])
Epoch [5/45] | Train Loss: 0.4190 | Train Acc: 0.8417 | Val Loss: 0.4125 | Val Acc: 0.8281
torch.Size([64, 1])
torch.Size([64, 1])
torch.Size([64, 1])
torch.Size([64, 1])
torch.Size([64, 1])
torch.Size([64, 1])
torch.Size([64, 1])
torch.Size([64, 1])
torch.Size([64, 1])
torch.Size([64, 1])
torch.Size([64, 1])
torch.Size([64, 1])
torch.Size([64, 1])
torch.Size([64, 1])
torch.Size([64, 1])
Epoch [6] had best val_Loss
torch.Size([64, 1])
torch.Size([64, 1])
torch.Size([64, 1])
torch.Size([64, 1])
torch.Size([64, 1])
torch.Size([64, 1])
torch.Size([64, 1])
torch.Size([64, 1])
torch.Size([64, 1])
torch.Size([64, 1])
torch.Size([64, 1])
torch.Size([64, 1])
torch.Size([64, 1])
torch.Size([64, 1])
torch.Size([64, 1])
Epoch [7] had best val_metric
torch.Size([64, 1])
torch.Size([64, 1])
torch.Size([64, 1])
torch.Size([64, 1])
torch.Size([64, 1])
torch.Size([64, 1])
torch.Size([64, 1])
torch.Size([64, 1])
torch.Size([64, 1])
torch.Size([64, 1])
torch.Size([64, 1])
torch.Size([64, 1])
torch.Size([64, 1])
torch.Size([64, 1])
torch.Size([64, 1])
torch.Size([64, 1])
torch.Size([64, 1])
torch.Size([64, 1])
torch.Size([64, 1])
torch.Size([64, 1])
torch.Size([64, 1])
torch.Size([64, 1])
torch.Size([64, 1])
torch.Size([64, 1])
torch.Size([64, 1])
torch.Size([64, 1])
torch.Size([64, 1])
torch.Size([64, 1])
torch.Size([64, 1])
torch.Size([64, 1])
torch.Size([64, 1])
torch.Size([64, 1])
torch.Size([64, 1])
torch.Size([64, 1])
torch.Size([64, 1])
torch.Size([64, 1])
torch.Size([64, 1])
torch.Size([64, 1])
torch.Size([64, 1])
torch.Size([64, 1])
torch.Size([64, 1])
torch.Size([64, 1])
torch.Size([64, 1])
torch.Size([64, 1])
torch.Size([64, 1])
Epoch [10/45] | Train Loss: 0.3987 | Train Acc: 0.8469 | Val Loss: 0.3993 | Val Acc: 0.8333
torch.Size([64, 1])
torch.Size([64, 1])
torch.Size([64, 1])
torch.Size([64, 1])
torch.Size([64, 1])
torch.Size([64, 1])
torch.Size([64, 1])
torch.Size([64, 1])
torch.Size([64, 1])
torch.Size([64, 1])
torch.Size([64, 1])
torch.Size([64, 1])
torch.Size([64, 1])
torch.Size([64, 1])
torch.Size([64, 1])
Epoch [11] had best val_Loss
torch.Size([64, 1])
torch.Size([64, 1])
torch.Size([64, 1])
torch.Size([64, 1])
torch.Size([64, 1])
torch.Size([64, 1])
torch.Size([64, 1])
torch.Size([64, 1])
torch.Size([64, 1])
torch.Size([64, 1])
torch.Size([64, 1])
torch.Size([64, 1])
torch.Size([64, 1])
torch.Size([64, 1])
torch.Size([64, 1])
torch.Size([64, 1])
torch.Size([64, 1])
torch.Size([64, 1])
torch.Size([64, 1])
torch.Size([64, 1])
torch.Size([64, 1])
torch.Size([64, 1])
torch.Size([64, 1])
torch.Size([64, 1])
torch.Size([64, 1])
torch.Size([64, 1])
torch.Size([64, 1])
torch.Size([64, 1])
torch.Size([64, 1])
torch.Size([64, 1])
torch.Size([64, 1])
torch.Size([64, 1])
torch.Size([64, 1])
torch.Size([64, 1])
torch.Size([64, 1])
torch.Size([64, 1])
torch.Size([64, 1])
torch.Size([64, 1])
torch.Size([64, 1])
torch.Size([64, 1])
torch.Size([64, 1])
torch.Size([64, 1])
torch.Size([64, 1])
torch.Size([64, 1])
torch.Size([64, 1])
torch.Size([64, 1])
torch.Size([64, 1])
torch.Size([64, 1])
torch.Size([64, 1])
torch.Size([64, 1])
torch.Size([64, 1])
torch.Size([64, 1])
torch.Size([64, 1])
torch.Size([64, 1])
torch.Size([64, 1])
torch.Size([64, 1])
torch.Size([64, 1])
torch.Size([64, 1])
torch.Size([64, 1])
torch.Size([64, 1])
Epoch [15/45] | Train Loss: 0.4011 | Train Acc: 0.8396 | Val Loss: 0.3986 | Val Acc: 0.8281
torch.Size([64, 1])
torch.Size([64, 1])
torch.Size([64, 1])
torch.Size([64, 1])
torch.Size([64, 1])
torch.Size([64, 1])
torch.Size([64, 1])
torch.Size([64, 1])
torch.Size([64, 1])
torch.Size([64, 1])
torch.Size([64, 1])
torch.Size([64, 1])
torch.Size([64, 1])
torch.Size([64, 1])
torch.Size([64, 1])
torch.Size([64, 1])
torch.Size([64, 1])
torch.Size([64, 1])
torch.Size([64, 1])
torch.Size([64, 1])
torch.Size([64, 1])
torch.Size([64, 1])
torch.Size([64, 1])
torch.Size([64, 1])
torch.Size([64, 1])
torch.Size([64, 1])
torch.Size([64, 1])
torch.Size([64, 1])
torch.Size([64, 1])
torch.Size([64, 1])
torch.Size([64, 1])
torch.Size([64, 1])
torch.Size([64, 1])
torch.Size([64, 1])
torch.Size([64, 1])
torch.Size([64, 1])
torch.Size([64, 1])
torch.Size([64, 1])
torch.Size([64, 1])
torch.Size([64, 1])
torch.Size([64, 1])
torch.Size([64, 1])
torch.Size([64, 1])
torch.Size([64, 1])
torch.Size([64, 1])
torch.Size([64, 1])
torch.Size([64, 1])
torch.Size([64, 1])
torch.Size([64, 1])
torch.Size([64, 1])
torch.Size([64, 1])
torch.Size([64, 1])
torch.Size([64, 1])
torch.Size([64, 1])
torch.Size([64, 1])
torch.Size([64, 1])
torch.Size([64, 1])
torch.Size([64, 1])
torch.Size([64, 1])
torch.Size([64, 1])
torch.Size([64, 1])
torch.Size([64, 1])
torch.Size([64, 1])
torch.Size([64, 1])
torch.Size([64, 1])
torch.Size([64, 1])
torch.Size([64, 1])
torch.Size([64, 1])
torch.Size([64, 1])
torch.Size([64, 1])
torch.Size([64, 1])
torch.Size([64, 1])
torch.Size([64, 1])
torch.Size([64, 1])
torch.Size([64, 1])
Epoch [20/45] | Train Loss: 0.3877 | Train Acc: 0.8448 | Val Loss: 0.3895 | Val Acc: 0.8333
Epoch [20] had best val_Loss
torch.Size([64, 1])
torch.Size([64, 1])
torch.Size([64, 1])
torch.Size([64, 1])
torch.Size([64, 1])
torch.Size([64, 1])
torch.Size([64, 1])
torch.Size([64, 1])
torch.Size([64, 1])
torch.Size([64, 1])
torch.Size([64, 1])
torch.Size([64, 1])
torch.Size([64, 1])
torch.Size([64, 1])
torch.Size([64, 1])
torch.Size([64, 1])
torch.Size([64, 1])
torch.Size([64, 1])
torch.Size([64, 1])
torch.Size([64, 1])
torch.Size([64, 1])
torch.Size([64, 1])
torch.Size([64, 1])
torch.Size([64, 1])
torch.Size([64, 1])
torch.Size([64, 1])
torch.Size([64, 1])
torch.Size([64, 1])
torch.Size([64, 1])
torch.Size([64, 1])
Epoch [22] had best val_metric
torch.Size([64, 1])
torch.Size([64, 1])
torch.Size([64, 1])
torch.Size([64, 1])
torch.Size([64, 1])
torch.Size([64, 1])
torch.Size([64, 1])
torch.Size([64, 1])
torch.Size([64, 1])
torch.Size([64, 1])
torch.Size([64, 1])
torch.Size([64, 1])
torch.Size([64, 1])
torch.Size([64, 1])
torch.Size([64, 1])
torch.Size([64, 1])
torch.Size([64, 1])
torch.Size([64, 1])
torch.Size([64, 1])
torch.Size([64, 1])
torch.Size([64, 1])
torch.Size([64, 1])
torch.Size([64, 1])
torch.Size([64, 1])
torch.Size([64, 1])
torch.Size([64, 1])
torch.Size([64, 1])
torch.Size([64, 1])
torch.Size([64, 1])
torch.Size([64, 1])
torch.Size([64, 1])
torch.Size([64, 1])
torch.Size([64, 1])
torch.Size([64, 1])
torch.Size([64, 1])
torch.Size([64, 1])
torch.Size([64, 1])
torch.Size([64, 1])
torch.Size([64, 1])
torch.Size([64, 1])
torch.Size([64, 1])
torch.Size([64, 1])
torch.Size([64, 1])
torch.Size([64, 1])
torch.Size([64, 1])
Epoch [25/45] | Train Loss: 0.4011 | Train Acc: 0.8427 | Val Loss: 0.4258 | Val Acc: 0.8281
torch.Size([64, 1])
torch.Size([64, 1])
torch.Size([64, 1])
torch.Size([64, 1])
torch.Size([64, 1])
torch.Size([64, 1])
torch.Size([64, 1])
torch.Size([64, 1])
torch.Size([64, 1])
torch.Size([64, 1])
torch.Size([64, 1])
torch.Size([64, 1])
torch.Size([64, 1])
torch.Size([64, 1])
torch.Size([64, 1])
torch.Size([64, 1])
torch.Size([64, 1])
torch.Size([64, 1])
torch.Size([64, 1])
torch.Size([64, 1])
torch.Size([64, 1])
torch.Size([64, 1])
torch.Size([64, 1])
torch.Size([64, 1])
torch.Size([64, 1])
torch.Size([64, 1])
torch.Size([64, 1])
torch.Size([64, 1])
torch.Size([64, 1])
torch.Size([64, 1])
torch.Size([64, 1])
torch.Size([64, 1])
torch.Size([64, 1])
torch.Size([64, 1])
torch.Size([64, 1])
torch.Size([64, 1])
torch.Size([64, 1])
torch.Size([64, 1])
torch.Size([64, 1])
torch.Size([64, 1])
torch.Size([64, 1])
torch.Size([64, 1])
torch.Size([64, 1])
torch.Size([64, 1])
torch.Size([64, 1])
Epoch [28] had best val_Loss
torch.Size([64, 1])
torch.Size([64, 1])
torch.Size([64, 1])
torch.Size([64, 1])
torch.Size([64, 1])
torch.Size([64, 1])
torch.Size([64, 1])
torch.Size([64, 1])
torch.Size([64, 1])
torch.Size([64, 1])
torch.Size([64, 1])
torch.Size([64, 1])
torch.Size([64, 1])
torch.Size([64, 1])
torch.Size([64, 1])
torch.Size([64, 1])
torch.Size([64, 1])
torch.Size([64, 1])
torch.Size([64, 1])
torch.Size([64, 1])
torch.Size([64, 1])
torch.Size([64, 1])
torch.Size([64, 1])
torch.Size([64, 1])
torch.Size([64, 1])
torch.Size([64, 1])
torch.Size([64, 1])
torch.Size([64, 1])
torch.Size([64, 1])
torch.Size([64, 1])
Epoch [30/45] | Train Loss: 0.3902 | Train Acc: 0.8438 | Val Loss: 0.3930 | Val Acc: 0.8333
torch.Size([64, 1])
torch.Size([64, 1])
torch.Size([64, 1])
torch.Size([64, 1])
torch.Size([64, 1])
torch.Size([64, 1])
torch.Size([64, 1])
torch.Size([64, 1])
torch.Size([64, 1])
torch.Size([64, 1])
torch.Size([64, 1])
torch.Size([64, 1])
torch.Size([64, 1])
torch.Size([64, 1])
torch.Size([64, 1])
torch.Size([64, 1])
torch.Size([64, 1])
torch.Size([64, 1])
torch.Size([64, 1])
torch.Size([64, 1])
torch.Size([64, 1])
torch.Size([64, 1])
torch.Size([64, 1])
torch.Size([64, 1])
torch.Size([64, 1])
torch.Size([64, 1])
torch.Size([64, 1])
torch.Size([64, 1])
torch.Size([64, 1])
torch.Size([64, 1])
torch.Size([64, 1])
torch.Size([64, 1])
torch.Size([64, 1])
torch.Size([64, 1])
torch.Size([64, 1])
torch.Size([64, 1])
torch.Size([64, 1])
torch.Size([64, 1])
torch.Size([64, 1])
torch.Size([64, 1])
torch.Size([64, 1])
torch.Size([64, 1])
torch.Size([64, 1])
torch.Size([64, 1])
torch.Size([64, 1])
torch.Size([64, 1])
torch.Size([64, 1])
torch.Size([64, 1])
torch.Size([64, 1])
torch.Size([64, 1])
torch.Size([64, 1])
torch.Size([64, 1])
torch.Size([64, 1])
torch.Size([64, 1])
torch.Size([64, 1])
torch.Size([64, 1])
torch.Size([64, 1])
torch.Size([64, 1])
torch.Size([64, 1])
torch.Size([64, 1])
torch.Size([64, 1])
torch.Size([64, 1])
torch.Size([64, 1])
torch.Size([64, 1])
torch.Size([64, 1])
torch.Size([64, 1])
torch.Size([64, 1])
torch.Size([64, 1])
torch.Size([64, 1])
torch.Size([64, 1])
torch.Size([64, 1])
torch.Size([64, 1])
torch.Size([64, 1])
torch.Size([64, 1])
torch.Size([64, 1])
Epoch [35/45] | Train Loss: 0.3987 | Train Acc: 0.8438 | Val Loss: 0.3947 | Val Acc: 0.8333
torch.Size([64, 1])
torch.Size([64, 1])
torch.Size([64, 1])
torch.Size([64, 1])
torch.Size([64, 1])
torch.Size([64, 1])
torch.Size([64, 1])
torch.Size([64, 1])
torch.Size([64, 1])
torch.Size([64, 1])
torch.Size([64, 1])
torch.Size([64, 1])
torch.Size([64, 1])
torch.Size([64, 1])
torch.Size([64, 1])
torch.Size([64, 1])
torch.Size([64, 1])
torch.Size([64, 1])
torch.Size([64, 1])
torch.Size([64, 1])
torch.Size([64, 1])
torch.Size([64, 1])
torch.Size([64, 1])
torch.Size([64, 1])
torch.Size([64, 1])
torch.Size([64, 1])
torch.Size([64, 1])
torch.Size([64, 1])
torch.Size([64, 1])
torch.Size([64, 1])
torch.Size([64, 1])
torch.Size([64, 1])
torch.Size([64, 1])
torch.Size([64, 1])
torch.Size([64, 1])
torch.Size([64, 1])
torch.Size([64, 1])
torch.Size([64, 1])
torch.Size([64, 1])
torch.Size([64, 1])
torch.Size([64, 1])
torch.Size([64, 1])
torch.Size([64, 1])
torch.Size([64, 1])
torch.Size([64, 1])
Epoch [38] had best val_Loss
torch.Size([64, 1])
torch.Size([64, 1])
torch.Size([64, 1])
torch.Size([64, 1])
torch.Size([64, 1])
torch.Size([64, 1])
torch.Size([64, 1])
torch.Size([64, 1])
torch.Size([64, 1])
torch.Size([64, 1])
torch.Size([64, 1])
torch.Size([64, 1])
torch.Size([64, 1])
torch.Size([64, 1])
torch.Size([64, 1])
torch.Size([64, 1])
torch.Size([64, 1])
torch.Size([64, 1])
torch.Size([64, 1])
torch.Size([64, 1])
torch.Size([64, 1])
torch.Size([64, 1])
torch.Size([64, 1])
torch.Size([64, 1])
torch.Size([64, 1])
torch.Size([64, 1])
torch.Size([64, 1])
torch.Size([64, 1])
torch.Size([64, 1])
torch.Size([64, 1])
Epoch [40/45] | Train Loss: 0.3831 | Train Acc: 0.8427 | Val Loss: 0.3902 | Val Acc: 0.8333
torch.Size([64, 1])
torch.Size([64, 1])
torch.Size([64, 1])
torch.Size([64, 1])
torch.Size([64, 1])
torch.Size([64, 1])
torch.Size([64, 1])
torch.Size([64, 1])
torch.Size([64, 1])
torch.Size([64, 1])
torch.Size([64, 1])
torch.Size([64, 1])
torch.Size([64, 1])
torch.Size([64, 1])
torch.Size([64, 1])
torch.Size([64, 1])
torch.Size([64, 1])
torch.Size([64, 1])
torch.Size([64, 1])
torch.Size([64, 1])
torch.Size([64, 1])
torch.Size([64, 1])
torch.Size([64, 1])
torch.Size([64, 1])
torch.Size([64, 1])
torch.Size([64, 1])
torch.Size([64, 1])
torch.Size([64, 1])
torch.Size([64, 1])
torch.Size([64, 1])
torch.Size([64, 1])
torch.Size([64, 1])
torch.Size([64, 1])
torch.Size([64, 1])
torch.Size([64, 1])
torch.Size([64, 1])
torch.Size([64, 1])
torch.Size([64, 1])
torch.Size([64, 1])
torch.Size([64, 1])
torch.Size([64, 1])
torch.Size([64, 1])
torch.Size([64, 1])
torch.Size([64, 1])
torch.Size([64, 1])
torch.Size([64, 1])
torch.Size([64, 1])
torch.Size([64, 1])
torch.Size([64, 1])
torch.Size([64, 1])
torch.Size([64, 1])
torch.Size([64, 1])
torch.Size([64, 1])
torch.Size([64, 1])
torch.Size([64, 1])
torch.Size([64, 1])
torch.Size([64, 1])
torch.Size([64, 1])
torch.Size([64, 1])
torch.Size([64, 1])
torch.Size([64, 1])
torch.Size([64, 1])
torch.Size([64, 1])
torch.Size([64, 1])
torch.Size([64, 1])
torch.Size([64, 1])
torch.Size([64, 1])
torch.Size([64, 1])
torch.Size([64, 1])
torch.Size([64, 1])
torch.Size([64, 1])
torch.Size([64, 1])
torch.Size([64, 1])
torch.Size([64, 1])
torch.Size([64, 1])
Epoch [45/45] | Train Loss: 0.3921 | Train Acc: 0.8417 | Val Loss: 0.3863 | Val Acc: 0.8333
Epoch [45] had best val_Loss
[EVAL] AUC=0.6698  F1=0.0952  Acc=0.9010  CSI=0.0500
<class 'tornadoq.models.BinaryPQC'>
torch.Size([64, 1])
torch.Size([64, 1])
torch.Size([64, 1])
torch.Size([64, 1])
torch.Size([64, 1])
torch.Size([64, 1])
torch.Size([64, 1])
torch.Size([64, 1])
torch.Size([64, 1])
torch.Size([64, 1])
torch.Size([64, 1])
torch.Size([64, 1])
torch.Size([64, 1])
torch.Size([64, 1])
torch.Size([64, 1])
Epoch [1] had best val_metric
Epoch [1] had best val_Loss
torch.Size([64, 1])
torch.Size([64, 1])
torch.Size([64, 1])
torch.Size([64, 1])
torch.Size([64, 1])
torch.Size([64, 1])
torch.Size([64, 1])
torch.Size([64, 1])
torch.Size([64, 1])
torch.Size([64, 1])
torch.Size([64, 1])
torch.Size([64, 1])
torch.Size([64, 1])
torch.Size([64, 1])
torch.Size([64, 1])
Epoch [2] had best val_Loss
torch.Size([64, 1])
torch.Size([64, 1])
torch.Size([64, 1])
torch.Size([64, 1])
torch.Size([64, 1])
torch.Size([64, 1])
torch.Size([64, 1])
torch.Size([64, 1])
torch.Size([64, 1])
torch.Size([64, 1])
torch.Size([64, 1])
torch.Size([64, 1])
torch.Size([64, 1])
torch.Size([64, 1])
torch.Size([64, 1])
Epoch [3] had best val_Loss
torch.Size([64, 1])
torch.Size([64, 1])
torch.Size([64, 1])
torch.Size([64, 1])
torch.Size([64, 1])
torch.Size([64, 1])
torch.Size([64, 1])
torch.Size([64, 1])
torch.Size([64, 1])
torch.Size([64, 1])
torch.Size([64, 1])
torch.Size([64, 1])
torch.Size([64, 1])
torch.Size([64, 1])
torch.Size([64, 1])
torch.Size([64, 1])
torch.Size([64, 1])
torch.Size([64, 1])
torch.Size([64, 1])
torch.Size([64, 1])
torch.Size([64, 1])
torch.Size([64, 1])
torch.Size([64, 1])
torch.Size([64, 1])
torch.Size([64, 1])
torch.Size([64, 1])
torch.Size([64, 1])
torch.Size([64, 1])
torch.Size([64, 1])
torch.Size([64, 1])
Epoch [5/45] | Train Loss: 0.4087 | Train Acc: 0.8375 | Val Loss: 0.4210 | Val Acc: 0.8281
torch.Size([64, 1])
torch.Size([64, 1])
torch.Size([64, 1])
torch.Size([64, 1])
torch.Size([64, 1])
torch.Size([64, 1])
torch.Size([64, 1])
torch.Size([64, 1])
torch.Size([64, 1])
torch.Size([64, 1])
torch.Size([64, 1])
torch.Size([64, 1])
torch.Size([64, 1])
torch.Size([64, 1])
torch.Size([64, 1])
torch.Size([64, 1])
torch.Size([64, 1])
torch.Size([64, 1])
torch.Size([64, 1])
torch.Size([64, 1])
torch.Size([64, 1])
torch.Size([64, 1])
torch.Size([64, 1])
torch.Size([64, 1])
torch.Size([64, 1])
torch.Size([64, 1])
torch.Size([64, 1])
torch.Size([64, 1])
torch.Size([64, 1])
torch.Size([64, 1])
Epoch [7] had best val_metric
Epoch [7] had best val_Loss
torch.Size([64, 1])
torch.Size([64, 1])
torch.Size([64, 1])
torch.Size([64, 1])
torch.Size([64, 1])
torch.Size([64, 1])
torch.Size([64, 1])
torch.Size([64, 1])
torch.Size([64, 1])
torch.Size([64, 1])
torch.Size([64, 1])
torch.Size([64, 1])
torch.Size([64, 1])
torch.Size([64, 1])
torch.Size([64, 1])
torch.Size([64, 1])
torch.Size([64, 1])
torch.Size([64, 1])
torch.Size([64, 1])
torch.Size([64, 1])
torch.Size([64, 1])
torch.Size([64, 1])
torch.Size([64, 1])
torch.Size([64, 1])
torch.Size([64, 1])
torch.Size([64, 1])
torch.Size([64, 1])
torch.Size([64, 1])
torch.Size([64, 1])
torch.Size([64, 1])
Epoch [9] had best val_Loss
torch.Size([64, 1])
torch.Size([64, 1])
torch.Size([64, 1])
torch.Size([64, 1])
torch.Size([64, 1])
torch.Size([64, 1])
torch.Size([64, 1])
torch.Size([64, 1])
torch.Size([64, 1])
torch.Size([64, 1])
torch.Size([64, 1])
torch.Size([64, 1])
torch.Size([64, 1])
torch.Size([64, 1])
torch.Size([64, 1])
Epoch [10/45] | Train Loss: 0.3893 | Train Acc: 0.8406 | Val Loss: 0.4166 | Val Acc: 0.8281
torch.Size([64, 1])
torch.Size([64, 1])
torch.Size([64, 1])
torch.Size([64, 1])
torch.Size([64, 1])
torch.Size([64, 1])
torch.Size([64, 1])
torch.Size([64, 1])
torch.Size([64, 1])
torch.Size([64, 1])
torch.Size([64, 1])
torch.Size([64, 1])
torch.Size([64, 1])
torch.Size([64, 1])
torch.Size([64, 1])
Epoch [11] had best val_Loss
torch.Size([64, 1])
torch.Size([64, 1])
torch.Size([64, 1])
torch.Size([64, 1])
torch.Size([64, 1])
torch.Size([64, 1])
torch.Size([64, 1])
torch.Size([64, 1])
torch.Size([64, 1])
torch.Size([64, 1])
torch.Size([64, 1])
torch.Size([64, 1])
torch.Size([64, 1])
torch.Size([64, 1])
torch.Size([64, 1])
torch.Size([64, 1])
torch.Size([64, 1])
torch.Size([64, 1])
torch.Size([64, 1])
torch.Size([64, 1])
torch.Size([64, 1])
torch.Size([64, 1])
torch.Size([64, 1])
torch.Size([64, 1])
torch.Size([64, 1])
torch.Size([64, 1])
torch.Size([64, 1])
torch.Size([64, 1])
torch.Size([64, 1])
torch.Size([64, 1])
torch.Size([64, 1])
torch.Size([64, 1])
torch.Size([64, 1])
torch.Size([64, 1])
torch.Size([64, 1])
torch.Size([64, 1])
torch.Size([64, 1])
torch.Size([64, 1])
torch.Size([64, 1])
torch.Size([64, 1])
torch.Size([64, 1])
torch.Size([64, 1])
torch.Size([64, 1])
torch.Size([64, 1])
torch.Size([64, 1])
torch.Size([64, 1])
torch.Size([64, 1])
torch.Size([64, 1])
torch.Size([64, 1])
torch.Size([64, 1])
torch.Size([64, 1])
torch.Size([64, 1])
torch.Size([64, 1])
torch.Size([64, 1])
torch.Size([64, 1])
torch.Size([64, 1])
torch.Size([64, 1])
torch.Size([64, 1])
torch.Size([64, 1])
torch.Size([64, 1])
Epoch [15/45] | Train Loss: 0.3950 | Train Acc: 0.8417 | Val Loss: 0.3903 | Val Acc: 0.8333
Epoch [15] had best val_Loss
torch.Size([64, 1])
torch.Size([64, 1])
torch.Size([64, 1])
torch.Size([64, 1])
torch.Size([64, 1])
torch.Size([64, 1])
torch.Size([64, 1])
torch.Size([64, 1])
torch.Size([64, 1])
torch.Size([64, 1])
torch.Size([64, 1])
torch.Size([64, 1])
torch.Size([64, 1])
torch.Size([64, 1])
torch.Size([64, 1])
torch.Size([64, 1])
torch.Size([64, 1])
torch.Size([64, 1])
torch.Size([64, 1])
torch.Size([64, 1])
torch.Size([64, 1])
torch.Size([64, 1])
torch.Size([64, 1])
torch.Size([64, 1])
torch.Size([64, 1])
torch.Size([64, 1])
torch.Size([64, 1])
torch.Size([64, 1])
torch.Size([64, 1])
torch.Size([64, 1])
torch.Size([64, 1])
torch.Size([64, 1])
torch.Size([64, 1])
torch.Size([64, 1])
torch.Size([64, 1])
torch.Size([64, 1])
torch.Size([64, 1])
torch.Size([64, 1])
torch.Size([64, 1])
torch.Size([64, 1])
torch.Size([64, 1])
torch.Size([64, 1])
torch.Size([64, 1])
torch.Size([64, 1])
torch.Size([64, 1])
torch.Size([64, 1])
torch.Size([64, 1])
torch.Size([64, 1])
torch.Size([64, 1])
torch.Size([64, 1])
torch.Size([64, 1])
torch.Size([64, 1])
torch.Size([64, 1])
torch.Size([64, 1])
torch.Size([64, 1])
torch.Size([64, 1])
torch.Size([64, 1])
torch.Size([64, 1])
torch.Size([64, 1])
torch.Size([64, 1])
torch.Size([64, 1])
torch.Size([64, 1])
torch.Size([64, 1])
torch.Size([64, 1])
torch.Size([64, 1])
torch.Size([64, 1])
torch.Size([64, 1])
torch.Size([64, 1])
torch.Size([64, 1])
torch.Size([64, 1])
torch.Size([64, 1])
torch.Size([64, 1])
torch.Size([64, 1])
torch.Size([64, 1])
torch.Size([64, 1])
Epoch [20/45] | Train Loss: 0.3907 | Train Acc: 0.8448 | Val Loss: 0.3910 | Val Acc: 0.8333
torch.Size([64, 1])
torch.Size([64, 1])
torch.Size([64, 1])
torch.Size([64, 1])
torch.Size([64, 1])
torch.Size([64, 1])
torch.Size([64, 1])
torch.Size([64, 1])
torch.Size([64, 1])
torch.Size([64, 1])
torch.Size([64, 1])
torch.Size([64, 1])
torch.Size([64, 1])
torch.Size([64, 1])
torch.Size([64, 1])
Epoch [21] had best val_Loss
torch.Size([64, 1])
torch.Size([64, 1])
torch.Size([64, 1])
torch.Size([64, 1])
torch.Size([64, 1])
torch.Size([64, 1])
torch.Size([64, 1])
torch.Size([64, 1])
torch.Size([64, 1])
torch.Size([64, 1])
torch.Size([64, 1])
torch.Size([64, 1])
torch.Size([64, 1])
torch.Size([64, 1])
torch.Size([64, 1])
torch.Size([64, 1])
torch.Size([64, 1])
torch.Size([64, 1])
torch.Size([64, 1])
torch.Size([64, 1])
torch.Size([64, 1])
torch.Size([64, 1])
torch.Size([64, 1])
torch.Size([64, 1])
torch.Size([64, 1])
torch.Size([64, 1])
torch.Size([64, 1])
torch.Size([64, 1])
torch.Size([64, 1])
torch.Size([64, 1])
torch.Size([64, 1])
torch.Size([64, 1])
torch.Size([64, 1])
torch.Size([64, 1])
torch.Size([64, 1])
torch.Size([64, 1])
torch.Size([64, 1])
torch.Size([64, 1])
torch.Size([64, 1])
torch.Size([64, 1])
torch.Size([64, 1])
torch.Size([64, 1])
torch.Size([64, 1])
torch.Size([64, 1])
torch.Size([64, 1])
torch.Size([64, 1])
torch.Size([64, 1])
torch.Size([64, 1])
torch.Size([64, 1])
torch.Size([64, 1])
torch.Size([64, 1])
torch.Size([64, 1])
torch.Size([64, 1])
torch.Size([64, 1])
torch.Size([64, 1])
torch.Size([64, 1])
torch.Size([64, 1])
torch.Size([64, 1])
torch.Size([64, 1])
torch.Size([64, 1])
Epoch [25/45] | Train Loss: 0.4105 | Train Acc: 0.8427 | Val Loss: 0.3952 | Val Acc: 0.8333
torch.Size([64, 1])
torch.Size([64, 1])
torch.Size([64, 1])
torch.Size([64, 1])
torch.Size([64, 1])
torch.Size([64, 1])
torch.Size([64, 1])
torch.Size([64, 1])
torch.Size([64, 1])
torch.Size([64, 1])
torch.Size([64, 1])
torch.Size([64, 1])
torch.Size([64, 1])
torch.Size([64, 1])
torch.Size([64, 1])
torch.Size([64, 1])
torch.Size([64, 1])
torch.Size([64, 1])
torch.Size([64, 1])
torch.Size([64, 1])
torch.Size([64, 1])
torch.Size([64, 1])
torch.Size([64, 1])
torch.Size([64, 1])
torch.Size([64, 1])
torch.Size([64, 1])
torch.Size([64, 1])
torch.Size([64, 1])
torch.Size([64, 1])
torch.Size([64, 1])
Epoch [27] had best val_metric
torch.Size([64, 1])
torch.Size([64, 1])
torch.Size([64, 1])
torch.Size([64, 1])
torch.Size([64, 1])
torch.Size([64, 1])
torch.Size([64, 1])
torch.Size([64, 1])
torch.Size([64, 1])
torch.Size([64, 1])
torch.Size([64, 1])
torch.Size([64, 1])
torch.Size([64, 1])
torch.Size([64, 1])
torch.Size([64, 1])
torch.Size([64, 1])
torch.Size([64, 1])
torch.Size([64, 1])
torch.Size([64, 1])
torch.Size([64, 1])
torch.Size([64, 1])
torch.Size([64, 1])
torch.Size([64, 1])
torch.Size([64, 1])
torch.Size([64, 1])
torch.Size([64, 1])
torch.Size([64, 1])
torch.Size([64, 1])
torch.Size([64, 1])
torch.Size([64, 1])
torch.Size([64, 1])
torch.Size([64, 1])
torch.Size([64, 1])
torch.Size([64, 1])
torch.Size([64, 1])
torch.Size([64, 1])
torch.Size([64, 1])
torch.Size([64, 1])
torch.Size([64, 1])
torch.Size([64, 1])
torch.Size([64, 1])
torch.Size([64, 1])
torch.Size([64, 1])
torch.Size([64, 1])
torch.Size([64, 1])
Epoch [30/45] | Train Loss: 0.3957 | Train Acc: 0.8385 | Val Loss: 0.3874 | Val Acc: 0.8333
Epoch [30] had best val_Loss
torch.Size([64, 1])
torch.Size([64, 1])
torch.Size([64, 1])
torch.Size([64, 1])
torch.Size([64, 1])
torch.Size([64, 1])
torch.Size([64, 1])
torch.Size([64, 1])
torch.Size([64, 1])
torch.Size([64, 1])
torch.Size([64, 1])
torch.Size([64, 1])
torch.Size([64, 1])
torch.Size([64, 1])
torch.Size([64, 1])
torch.Size([64, 1])
torch.Size([64, 1])
torch.Size([64, 1])
torch.Size([64, 1])
torch.Size([64, 1])
torch.Size([64, 1])
torch.Size([64, 1])
torch.Size([64, 1])
torch.Size([64, 1])
torch.Size([64, 1])
torch.Size([64, 1])
torch.Size([64, 1])
torch.Size([64, 1])
torch.Size([64, 1])
torch.Size([64, 1])
torch.Size([64, 1])
torch.Size([64, 1])
torch.Size([64, 1])
torch.Size([64, 1])
torch.Size([64, 1])
torch.Size([64, 1])
torch.Size([64, 1])
torch.Size([64, 1])
torch.Size([64, 1])
torch.Size([64, 1])
torch.Size([64, 1])
torch.Size([64, 1])
torch.Size([64, 1])
torch.Size([64, 1])
torch.Size([64, 1])
torch.Size([64, 1])
torch.Size([64, 1])
torch.Size([64, 1])
torch.Size([64, 1])
torch.Size([64, 1])
torch.Size([64, 1])
torch.Size([64, 1])
torch.Size([64, 1])
torch.Size([64, 1])
torch.Size([64, 1])
torch.Size([64, 1])
torch.Size([64, 1])
torch.Size([64, 1])
torch.Size([64, 1])
torch.Size([64, 1])
torch.Size([64, 1])
torch.Size([64, 1])
torch.Size([64, 1])
torch.Size([64, 1])
torch.Size([64, 1])
torch.Size([64, 1])
torch.Size([64, 1])
torch.Size([64, 1])
torch.Size([64, 1])
torch.Size([64, 1])
torch.Size([64, 1])
torch.Size([64, 1])
torch.Size([64, 1])
torch.Size([64, 1])
torch.Size([64, 1])
Epoch [35/45] | Train Loss: 0.3850 | Train Acc: 0.8427 | Val Loss: 0.3969 | Val Acc: 0.8333
torch.Size([64, 1])
torch.Size([64, 1])
torch.Size([64, 1])
torch.Size([64, 1])
torch.Size([64, 1])
torch.Size([64, 1])
torch.Size([64, 1])
torch.Size([64, 1])
torch.Size([64, 1])
torch.Size([64, 1])
torch.Size([64, 1])
torch.Size([64, 1])
torch.Size([64, 1])
torch.Size([64, 1])
torch.Size([64, 1])
Epoch [36] had best val_Loss
torch.Size([64, 1])
torch.Size([64, 1])
torch.Size([64, 1])
torch.Size([64, 1])
torch.Size([64, 1])
torch.Size([64, 1])
torch.Size([64, 1])
torch.Size([64, 1])
torch.Size([64, 1])
torch.Size([64, 1])
torch.Size([64, 1])
torch.Size([64, 1])
torch.Size([64, 1])
torch.Size([64, 1])
torch.Size([64, 1])
torch.Size([64, 1])
torch.Size([64, 1])
torch.Size([64, 1])
torch.Size([64, 1])
torch.Size([64, 1])
torch.Size([64, 1])
torch.Size([64, 1])
torch.Size([64, 1])
torch.Size([64, 1])
torch.Size([64, 1])
torch.Size([64, 1])
torch.Size([64, 1])
torch.Size([64, 1])
torch.Size([64, 1])
torch.Size([64, 1])
torch.Size([64, 1])
torch.Size([64, 1])
torch.Size([64, 1])
torch.Size([64, 1])
torch.Size([64, 1])
torch.Size([64, 1])
torch.Size([64, 1])
torch.Size([64, 1])
torch.Size([64, 1])
torch.Size([64, 1])
torch.Size([64, 1])
torch.Size([64, 1])
torch.Size([64, 1])
torch.Size([64, 1])
torch.Size([64, 1])
torch.Size([64, 1])
torch.Size([64, 1])
torch.Size([64, 1])
torch.Size([64, 1])
torch.Size([64, 1])
torch.Size([64, 1])
torch.Size([64, 1])
torch.Size([64, 1])
torch.Size([64, 1])
torch.Size([64, 1])
torch.Size([64, 1])
torch.Size([64, 1])
torch.Size([64, 1])
torch.Size([64, 1])
torch.Size([64, 1])
Epoch [40/45] | Train Loss: 0.3879 | Train Acc: 0.8427 | Val Loss: 0.3890 | Val Acc: 0.8333
torch.Size([64, 1])
torch.Size([64, 1])
torch.Size([64, 1])
torch.Size([64, 1])
torch.Size([64, 1])
torch.Size([64, 1])
torch.Size([64, 1])
torch.Size([64, 1])
torch.Size([64, 1])
torch.Size([64, 1])
torch.Size([64, 1])
torch.Size([64, 1])
torch.Size([64, 1])
torch.Size([64, 1])
torch.Size([64, 1])
torch.Size([64, 1])
torch.Size([64, 1])
torch.Size([64, 1])
torch.Size([64, 1])
torch.Size([64, 1])
torch.Size([64, 1])
torch.Size([64, 1])
torch.Size([64, 1])
torch.Size([64, 1])
torch.Size([64, 1])
torch.Size([64, 1])
torch.Size([64, 1])
torch.Size([64, 1])
torch.Size([64, 1])
torch.Size([64, 1])
torch.Size([64, 1])
torch.Size([64, 1])
torch.Size([64, 1])
torch.Size([64, 1])
torch.Size([64, 1])
torch.Size([64, 1])
torch.Size([64, 1])
torch.Size([64, 1])
torch.Size([64, 1])
torch.Size([64, 1])
torch.Size([64, 1])
torch.Size([64, 1])
torch.Size([64, 1])
torch.Size([64, 1])
torch.Size([64, 1])
torch.Size([64, 1])
torch.Size([64, 1])
torch.Size([64, 1])
torch.Size([64, 1])
torch.Size([64, 1])
torch.Size([64, 1])
torch.Size([64, 1])
torch.Size([64, 1])
torch.Size([64, 1])
torch.Size([64, 1])
torch.Size([64, 1])
torch.Size([64, 1])
torch.Size([64, 1])
torch.Size([64, 1])
torch.Size([64, 1])
torch.Size([64, 1])
torch.Size([64, 1])
torch.Size([64, 1])
torch.Size([64, 1])
torch.Size([64, 1])
torch.Size([64, 1])
torch.Size([64, 1])
torch.Size([64, 1])
torch.Size([64, 1])
torch.Size([64, 1])
torch.Size([64, 1])
torch.Size([64, 1])
torch.Size([64, 1])
torch.Size([64, 1])
torch.Size([64, 1])
Epoch [45/45] | Train Loss: 0.3912 | Train Acc: 0.8396 | Val Loss: 0.3956 | Val Acc: 0.8333
[EVAL] AUC=0.6535  F1=0.0000  Acc=0.8958  CSI=0.0000
