IMPORTS FINISHED!
Duration of Shadow Generation: 77514.77.
Duration of Shadow Generation per circuit: 27.22.
✓ Combined data saved: 2848 rows, 286 columns
df_train_ws: /opt/conda/lib/python3.10/site-packages/pandas/io/formats/format.py:1458: RuntimeWarning: invalid value encountered in greater
  has_large_values = (abs_vals > 1e6).any()
/opt/conda/lib/python3.10/site-packages/pandas/io/formats/format.py:1459: RuntimeWarning: invalid value encountered in less
  has_small_values = ((abs_vals < 10 ** (-self.digits)) & (abs_vals > 0)).any()
/opt/conda/lib/python3.10/site-packages/pandas/io/formats/format.py:1459: RuntimeWarning: invalid value encountered in greater
  has_small_values = ((abs_vals < 10 ** (-self.digits)) & (abs_vals > 0)).any()
      XIIIIIII  YIIIIIII  ZIIIIIII  ...  shear_0_3km  ef_binary  ef_class
0     0.998553  0.997568  1.000000  ...    24.270638          1         2
1     0.998553  0.997566  1.000000  ...    26.131762          0         1
2     0.998553  0.997566  1.000000  ...    25.557505          0         1
3     0.998535  0.997564  1.000000  ...    26.414716          1         3
4     0.996382  0.998290  0.734731  ...    30.269056          1         3
...        ...       ...       ...  ...          ...        ...       ...
1989  0.998553  0.997566  1.000000  ...    18.447653          0         0
1990  0.997687  0.997221  0.517483  ...    25.568405          0         0
1991  0.996593  0.996838  0.938861  ...     6.789890          0         0
1992  0.998553  0.997566  1.000000  ...    15.238949          0         1
1993  0.000000  0.000000  0.000000  ...     2.967712          1         2

[1994 rows x 286 columns]
X_train_ws       XIIIIIII  YIIIIIII  ZIIIIIII  ...  surface_pressure  shear_0_1km  shear_0_3km
0     0.998553  0.997568  1.000000  ...          0.931182     0.688964     0.541945
1     0.998553  0.997566  1.000000  ...          0.888271     0.455322     0.584427
2     0.998553  0.997566  1.000000  ...          0.801068     0.497768     0.571319
3     0.998535  0.997564  1.000000  ...          0.905573     0.506104     0.590886
4     0.996382  0.998290  0.734731  ...          0.900683     0.641506     0.678866
...        ...       ...       ...  ...               ...          ...          ...
3391  0.998553  0.997566  1.000000  ...          0.829238     0.491564     0.612343
3392  0.996848  0.997357  0.508954  ...          0.926983     0.607396     0.504965
3393  0.998553  0.997566  1.000000  ...          0.816257     0.375585     0.389361
3394  0.998553  0.997566  1.000000  ...          0.924666     0.511609     0.360487
3395  0.997388  0.997664  0.975603  ...          0.956827     0.568286     0.421139

[3396 rows x 284 columns]
train_data_ws <tornadoq.preprocessing.ClassificationDataset object at 0x151bedf7fb80>
53
6
6
53
6
6

Number of training samples: 3396
Number of validation samples: 427
Number of test samples: 427

Number of training samples: 3396
Number of validation samples: 427
Number of test samples: 427
<class 'tornadoq.models.BinaryDNN'>
torch.Size([64, 1])
torch.Size([64, 1])
torch.Size([64, 1])
torch.Size([64, 1])
torch.Size([64, 1])
torch.Size([64, 1])
torch.Size([64, 1])
torch.Size([64, 1])
torch.Size([64, 1])
torch.Size([64, 1])
torch.Size([64, 1])
torch.Size([64, 1])
torch.Size([64, 1])
torch.Size([64, 1])
torch.Size([64, 1])
torch.Size([64, 1])
torch.Size([64, 1])
torch.Size([64, 1])
torch.Size([64, 1])
torch.Size([64, 1])
torch.Size([64, 1])
torch.Size([64, 1])
torch.Size([64, 1])
torch.Size([64, 1])
torch.Size([64, 1])
torch.Size([64, 1])
torch.Size([64, 1])
torch.Size([64, 1])
torch.Size([64, 1])
torch.Size([64, 1])
torch.Size([64, 1])
torch.Size([64, 1])
torch.Size([64, 1])
torch.Size([64, 1])
torch.Size([64, 1])
torch.Size([64, 1])
torch.Size([64, 1])
torch.Size([64, 1])
torch.Size([64, 1])
torch.Size([64, 1])
torch.Size([64, 1])
torch.Size([64, 1])
torch.Size([64, 1])
torch.Size([64, 1])
torch.Size([64, 1])
torch.Size([64, 1])
torch.Size([64, 1])
torch.Size([64, 1])
torch.Size([64, 1])
torch.Size([64, 1])
torch.Size([64, 1])
torch.Size([64, 1])
torch.Size([64, 1])
Epoch [1] had best val_metric
Epoch [1] had best val_Loss
torch.Size([64, 1])
torch.Size([64, 1])
torch.Size([64, 1])
torch.Size([64, 1])
torch.Size([64, 1])
torch.Size([64, 1])
torch.Size([64, 1])
torch.Size([64, 1])
torch.Size([64, 1])
torch.Size([64, 1])
torch.Size([64, 1])
torch.Size([64, 1])
torch.Size([64, 1])
torch.Size([64, 1])
torch.Size([64, 1])
torch.Size([64, 1])
torch.Size([64, 1])
torch.Size([64, 1])
torch.Size([64, 1])
torch.Size([64, 1])
torch.Size([64, 1])
torch.Size([64, 1])
torch.Size([64, 1])
torch.Size([64, 1])
torch.Size([64, 1])
torch.Size([64, 1])
torch.Size([64, 1])
torch.Size([64, 1])
torch.Size([64, 1])
torch.Size([64, 1])
torch.Size([64, 1])
torch.Size([64, 1])
torch.Size([64, 1])
torch.Size([64, 1])
torch.Size([64, 1])
torch.Size([64, 1])
torch.Size([64, 1])
torch.Size([64, 1])
torch.Size([64, 1])
torch.Size([64, 1])
torch.Size([64, 1])
torch.Size([64, 1])
torch.Size([64, 1])
torch.Size([64, 1])
torch.Size([64, 1])
torch.Size([64, 1])
torch.Size([64, 1])
torch.Size([64, 1])
torch.Size([64, 1])
torch.Size([64, 1])
torch.Size([64, 1])
torch.Size([64, 1])
torch.Size([64, 1])
torch.Size([64, 1])
torch.Size([64, 1])
torch.Size([64, 1])
torch.Size([64, 1])
torch.Size([64, 1])
torch.Size([64, 1])
torch.Size([64, 1])
torch.Size([64, 1])
torch.Size([64, 1])
torch.Size([64, 1])
torch.Size([64, 1])
torch.Size([64, 1])
torch.Size([64, 1])
torch.Size([64, 1])
torch.Size([64, 1])
torch.Size([64, 1])
torch.Size([64, 1])
torch.Size([64, 1])
torch.Size([64, 1])
torch.Size([64, 1])
torch.Size([64, 1])
torch.Size([64, 1])
torch.Size([64, 1])
torch.Size([64, 1])
torch.Size([64, 1])
torch.Size([64, 1])
torch.Size([64, 1])
torch.Size([64, 1])
torch.Size([64, 1])
torch.Size([64, 1])
torch.Size([64, 1])
torch.Size([64, 1])
torch.Size([64, 1])
torch.Size([64, 1])
torch.Size([64, 1])
torch.Size([64, 1])
torch.Size([64, 1])
torch.Size([64, 1])
torch.Size([64, 1])
torch.Size([64, 1])
torch.Size([64, 1])
torch.Size([64, 1])
torch.Size([64, 1])
torch.Size([64, 1])
torch.Size([64, 1])
torch.Size([64, 1])
torch.Size([64, 1])
torch.Size([64, 1])
torch.Size([64, 1])
torch.Size([64, 1])
torch.Size([64, 1])
torch.Size([64, 1])
torch.Size([64, 1])
torch.Size([64, 1])
torch.Size([64, 1])
torch.Size([64, 1])
torch.Size([64, 1])
torch.Size([64, 1])
torch.Size([64, 1])
torch.Size([64, 1])
torch.Size([64, 1])
torch.Size([64, 1])
torch.Size([64, 1])
torch.Size([64, 1])
torch.Size([64, 1])
torch.Size([64, 1])
torch.Size([64, 1])
torch.Size([64, 1])
torch.Size([64, 1])
torch.Size([64, 1])
torch.Size([64, 1])
torch.Size([64, 1])
torch.Size([64, 1])
torch.Size([64, 1])
torch.Size([64, 1])
torch.Size([64, 1])
torch.Size([64, 1])
torch.Size([64, 1])
torch.Size([64, 1])
torch.Size([64, 1])
torch.Size([64, 1])
torch.Size([64, 1])
torch.Size([64, 1])
torch.Size([64, 1])
torch.Size([64, 1])
torch.Size([64, 1])
torch.Size([64, 1])
torch.Size([64, 1])
torch.Size([64, 1])
torch.Size([64, 1])
torch.Size([64, 1])
torch.Size([64, 1])
torch.Size([64, 1])
torch.Size([64, 1])
torch.Size([64, 1])
torch.Size([64, 1])
torch.Size([64, 1])
torch.Size([64, 1])
torch.Size([64, 1])
torch.Size([64, 1])
torch.Size([64, 1])
torch.Size([64, 1])
torch.Size([64, 1])
torch.Size([64, 1])
torch.Size([64, 1])
torch.Size([64, 1])
Epoch [4] had best val_metric
Epoch [4] had best val_Loss
torch.Size([64, 1])
torch.Size([64, 1])
torch.Size([64, 1])
torch.Size([64, 1])
torch.Size([64, 1])
torch.Size([64, 1])
torch.Size([64, 1])
torch.Size([64, 1])
torch.Size([64, 1])
torch.Size([64, 1])
torch.Size([64, 1])
torch.Size([64, 1])
torch.Size([64, 1])
torch.Size([64, 1])
torch.Size([64, 1])
torch.Size([64, 1])
torch.Size([64, 1])
torch.Size([64, 1])
torch.Size([64, 1])
torch.Size([64, 1])
torch.Size([64, 1])
torch.Size([64, 1])
torch.Size([64, 1])
torch.Size([64, 1])
torch.Size([64, 1])
torch.Size([64, 1])
torch.Size([64, 1])
torch.Size([64, 1])
torch.Size([64, 1])
torch.Size([64, 1])
torch.Size([64, 1])
torch.Size([64, 1])
torch.Size([64, 1])
torch.Size([64, 1])
torch.Size([64, 1])
torch.Size([64, 1])
torch.Size([64, 1])
torch.Size([64, 1])
torch.Size([64, 1])
torch.Size([64, 1])
torch.Size([64, 1])
torch.Size([64, 1])
torch.Size([64, 1])
torch.Size([64, 1])
torch.Size([64, 1])
torch.Size([64, 1])
torch.Size([64, 1])
torch.Size([64, 1])
torch.Size([64, 1])
torch.Size([64, 1])
torch.Size([64, 1])
torch.Size([64, 1])
torch.Size([64, 1])
Epoch [5/45] | Train Loss: 0.6936 | Train Acc: 0.5233 | Val Loss: 0.6753 | Val Acc: 0.2396
torch.Size([64, 1])
torch.Size([64, 1])
torch.Size([64, 1])
torch.Size([64, 1])
torch.Size([64, 1])
torch.Size([64, 1])
torch.Size([64, 1])
torch.Size([64, 1])
torch.Size([64, 1])
torch.Size([64, 1])
torch.Size([64, 1])
torch.Size([64, 1])
torch.Size([64, 1])
torch.Size([64, 1])
torch.Size([64, 1])
torch.Size([64, 1])
torch.Size([64, 1])
torch.Size([64, 1])
torch.Size([64, 1])
torch.Size([64, 1])
torch.Size([64, 1])
torch.Size([64, 1])
torch.Size([64, 1])
torch.Size([64, 1])
torch.Size([64, 1])
torch.Size([64, 1])
torch.Size([64, 1])
torch.Size([64, 1])
torch.Size([64, 1])
torch.Size([64, 1])
torch.Size([64, 1])
torch.Size([64, 1])
torch.Size([64, 1])
torch.Size([64, 1])
torch.Size([64, 1])
torch.Size([64, 1])
torch.Size([64, 1])
torch.Size([64, 1])
torch.Size([64, 1])
torch.Size([64, 1])
torch.Size([64, 1])
torch.Size([64, 1])
torch.Size([64, 1])
torch.Size([64, 1])
torch.Size([64, 1])
torch.Size([64, 1])
torch.Size([64, 1])
torch.Size([64, 1])
torch.Size([64, 1])
torch.Size([64, 1])
torch.Size([64, 1])
torch.Size([64, 1])
torch.Size([64, 1])
torch.Size([64, 1])
torch.Size([64, 1])
torch.Size([64, 1])
torch.Size([64, 1])
torch.Size([64, 1])
torch.Size([64, 1])
torch.Size([64, 1])
torch.Size([64, 1])
torch.Size([64, 1])
torch.Size([64, 1])
torch.Size([64, 1])
torch.Size([64, 1])
torch.Size([64, 1])
torch.Size([64, 1])
torch.Size([64, 1])
torch.Size([64, 1])
torch.Size([64, 1])
torch.Size([64, 1])
torch.Size([64, 1])
torch.Size([64, 1])
torch.Size([64, 1])
torch.Size([64, 1])
torch.Size([64, 1])
torch.Size([64, 1])
torch.Size([64, 1])
torch.Size([64, 1])
torch.Size([64, 1])
torch.Size([64, 1])
torch.Size([64, 1])
torch.Size([64, 1])
torch.Size([64, 1])
torch.Size([64, 1])
torch.Size([64, 1])
torch.Size([64, 1])
torch.Size([64, 1])
torch.Size([64, 1])
torch.Size([64, 1])
torch.Size([64, 1])
torch.Size([64, 1])
torch.Size([64, 1])
torch.Size([64, 1])
torch.Size([64, 1])
torch.Size([64, 1])
torch.Size([64, 1])
torch.Size([64, 1])
torch.Size([64, 1])
torch.Size([64, 1])
torch.Size([64, 1])
torch.Size([64, 1])
torch.Size([64, 1])
torch.Size([64, 1])
torch.Size([64, 1])
torch.Size([64, 1])
Epoch [7] had best val_Loss
torch.Size([64, 1])
torch.Size([64, 1])
torch.Size([64, 1])
torch.Size([64, 1])
torch.Size([64, 1])
torch.Size([64, 1])
torch.Size([64, 1])
torch.Size([64, 1])
torch.Size([64, 1])
torch.Size([64, 1])
torch.Size([64, 1])
torch.Size([64, 1])
torch.Size([64, 1])
torch.Size([64, 1])
torch.Size([64, 1])
torch.Size([64, 1])
torch.Size([64, 1])
torch.Size([64, 1])
torch.Size([64, 1])
torch.Size([64, 1])
torch.Size([64, 1])
torch.Size([64, 1])
torch.Size([64, 1])
torch.Size([64, 1])
torch.Size([64, 1])
torch.Size([64, 1])
torch.Size([64, 1])
torch.Size([64, 1])
torch.Size([64, 1])
torch.Size([64, 1])
torch.Size([64, 1])
torch.Size([64, 1])
torch.Size([64, 1])
torch.Size([64, 1])
torch.Size([64, 1])
torch.Size([64, 1])
torch.Size([64, 1])
torch.Size([64, 1])
torch.Size([64, 1])
torch.Size([64, 1])
torch.Size([64, 1])
torch.Size([64, 1])
torch.Size([64, 1])
torch.Size([64, 1])
torch.Size([64, 1])
torch.Size([64, 1])
torch.Size([64, 1])
torch.Size([64, 1])
torch.Size([64, 1])
torch.Size([64, 1])
torch.Size([64, 1])
torch.Size([64, 1])
torch.Size([64, 1])
torch.Size([64, 1])
torch.Size([64, 1])
torch.Size([64, 1])
torch.Size([64, 1])
torch.Size([64, 1])
torch.Size([64, 1])
torch.Size([64, 1])
torch.Size([64, 1])
torch.Size([64, 1])
torch.Size([64, 1])
torch.Size([64, 1])
torch.Size([64, 1])
torch.Size([64, 1])
torch.Size([64, 1])
torch.Size([64, 1])
torch.Size([64, 1])
torch.Size([64, 1])
torch.Size([64, 1])
torch.Size([64, 1])
torch.Size([64, 1])
torch.Size([64, 1])
torch.Size([64, 1])
torch.Size([64, 1])
torch.Size([64, 1])
torch.Size([64, 1])
torch.Size([64, 1])
torch.Size([64, 1])
torch.Size([64, 1])
torch.Size([64, 1])
torch.Size([64, 1])
torch.Size([64, 1])
torch.Size([64, 1])
torch.Size([64, 1])
torch.Size([64, 1])
torch.Size([64, 1])
torch.Size([64, 1])
torch.Size([64, 1])
torch.Size([64, 1])
torch.Size([64, 1])
torch.Size([64, 1])
torch.Size([64, 1])
torch.Size([64, 1])
torch.Size([64, 1])
torch.Size([64, 1])
torch.Size([64, 1])
torch.Size([64, 1])
torch.Size([64, 1])
torch.Size([64, 1])
torch.Size([64, 1])
torch.Size([64, 1])
torch.Size([64, 1])
torch.Size([64, 1])
torch.Size([64, 1])
torch.Size([64, 1])
torch.Size([64, 1])
torch.Size([64, 1])
torch.Size([64, 1])
torch.Size([64, 1])
torch.Size([64, 1])
torch.Size([64, 1])
torch.Size([64, 1])
torch.Size([64, 1])
torch.Size([64, 1])
torch.Size([64, 1])
torch.Size([64, 1])
torch.Size([64, 1])
torch.Size([64, 1])
torch.Size([64, 1])
torch.Size([64, 1])
torch.Size([64, 1])
torch.Size([64, 1])
torch.Size([64, 1])
torch.Size([64, 1])
torch.Size([64, 1])
torch.Size([64, 1])
torch.Size([64, 1])
torch.Size([64, 1])
torch.Size([64, 1])
torch.Size([64, 1])
torch.Size([64, 1])
torch.Size([64, 1])
torch.Size([64, 1])
torch.Size([64, 1])
torch.Size([64, 1])
torch.Size([64, 1])
torch.Size([64, 1])
torch.Size([64, 1])
torch.Size([64, 1])
torch.Size([64, 1])
torch.Size([64, 1])
torch.Size([64, 1])
torch.Size([64, 1])
torch.Size([64, 1])
torch.Size([64, 1])
torch.Size([64, 1])
torch.Size([64, 1])
torch.Size([64, 1])
torch.Size([64, 1])
torch.Size([64, 1])
torch.Size([64, 1])
torch.Size([64, 1])
torch.Size([64, 1])
torch.Size([64, 1])
torch.Size([64, 1])
torch.Size([64, 1])
torch.Size([64, 1])
Epoch [10/45] | Train Loss: 0.6882 | Train Acc: 0.5271 | Val Loss: 0.6747 | Val Acc: 0.2474
torch.Size([64, 1])
torch.Size([64, 1])
torch.Size([64, 1])
torch.Size([64, 1])
torch.Size([64, 1])
torch.Size([64, 1])
torch.Size([64, 1])
torch.Size([64, 1])
torch.Size([64, 1])
torch.Size([64, 1])
torch.Size([64, 1])
torch.Size([64, 1])
torch.Size([64, 1])
torch.Size([64, 1])
torch.Size([64, 1])
torch.Size([64, 1])
torch.Size([64, 1])
torch.Size([64, 1])
torch.Size([64, 1])
torch.Size([64, 1])
torch.Size([64, 1])
torch.Size([64, 1])
torch.Size([64, 1])
torch.Size([64, 1])
torch.Size([64, 1])
torch.Size([64, 1])
torch.Size([64, 1])
torch.Size([64, 1])
torch.Size([64, 1])
torch.Size([64, 1])
torch.Size([64, 1])
torch.Size([64, 1])
torch.Size([64, 1])
torch.Size([64, 1])
torch.Size([64, 1])
torch.Size([64, 1])
torch.Size([64, 1])
torch.Size([64, 1])
torch.Size([64, 1])
torch.Size([64, 1])
torch.Size([64, 1])
torch.Size([64, 1])
torch.Size([64, 1])
torch.Size([64, 1])
torch.Size([64, 1])
torch.Size([64, 1])
torch.Size([64, 1])
torch.Size([64, 1])
torch.Size([64, 1])
torch.Size([64, 1])
torch.Size([64, 1])
torch.Size([64, 1])
torch.Size([64, 1])
torch.Size([64, 1])
torch.Size([64, 1])
torch.Size([64, 1])
torch.Size([64, 1])
torch.Size([64, 1])
torch.Size([64, 1])
torch.Size([64, 1])
torch.Size([64, 1])
torch.Size([64, 1])
torch.Size([64, 1])
torch.Size([64, 1])
torch.Size([64, 1])
torch.Size([64, 1])
torch.Size([64, 1])
torch.Size([64, 1])
torch.Size([64, 1])
torch.Size([64, 1])
torch.Size([64, 1])
torch.Size([64, 1])
torch.Size([64, 1])
torch.Size([64, 1])
torch.Size([64, 1])
torch.Size([64, 1])
torch.Size([64, 1])
torch.Size([64, 1])
torch.Size([64, 1])
torch.Size([64, 1])
torch.Size([64, 1])
torch.Size([64, 1])
torch.Size([64, 1])
torch.Size([64, 1])
torch.Size([64, 1])
torch.Size([64, 1])
torch.Size([64, 1])
torch.Size([64, 1])
torch.Size([64, 1])
torch.Size([64, 1])
torch.Size([64, 1])
torch.Size([64, 1])
torch.Size([64, 1])
torch.Size([64, 1])
torch.Size([64, 1])
torch.Size([64, 1])
torch.Size([64, 1])
torch.Size([64, 1])
torch.Size([64, 1])
torch.Size([64, 1])
torch.Size([64, 1])
torch.Size([64, 1])
torch.Size([64, 1])
torch.Size([64, 1])
torch.Size([64, 1])
torch.Size([64, 1])
torch.Size([64, 1])
torch.Size([64, 1])
torch.Size([64, 1])
torch.Size([64, 1])
torch.Size([64, 1])
torch.Size([64, 1])
torch.Size([64, 1])
torch.Size([64, 1])
torch.Size([64, 1])
torch.Size([64, 1])
torch.Size([64, 1])
torch.Size([64, 1])
torch.Size([64, 1])
torch.Size([64, 1])
torch.Size([64, 1])
torch.Size([64, 1])
torch.Size([64, 1])
torch.Size([64, 1])
torch.Size([64, 1])
torch.Size([64, 1])
torch.Size([64, 1])
torch.Size([64, 1])
torch.Size([64, 1])
torch.Size([64, 1])
torch.Size([64, 1])
torch.Size([64, 1])
torch.Size([64, 1])
torch.Size([64, 1])
torch.Size([64, 1])
torch.Size([64, 1])
torch.Size([64, 1])
torch.Size([64, 1])
torch.Size([64, 1])
torch.Size([64, 1])
torch.Size([64, 1])
torch.Size([64, 1])
torch.Size([64, 1])
torch.Size([64, 1])
torch.Size([64, 1])
torch.Size([64, 1])
torch.Size([64, 1])
torch.Size([64, 1])
torch.Size([64, 1])
torch.Size([64, 1])
torch.Size([64, 1])
torch.Size([64, 1])
torch.Size([64, 1])
torch.Size([64, 1])
torch.Size([64, 1])
torch.Size([64, 1])
torch.Size([64, 1])
torch.Size([64, 1])
torch.Size([64, 1])
torch.Size([64, 1])
torch.Size([64, 1])
torch.Size([64, 1])
torch.Size([64, 1])
torch.Size([64, 1])
torch.Size([64, 1])
torch.Size([64, 1])
torch.Size([64, 1])
torch.Size([64, 1])
torch.Size([64, 1])
torch.Size([64, 1])
torch.Size([64, 1])
torch.Size([64, 1])
torch.Size([64, 1])
torch.Size([64, 1])
torch.Size([64, 1])
torch.Size([64, 1])
torch.Size([64, 1])
torch.Size([64, 1])
torch.Size([64, 1])
torch.Size([64, 1])
torch.Size([64, 1])
torch.Size([64, 1])
torch.Size([64, 1])
torch.Size([64, 1])
torch.Size([64, 1])
torch.Size([64, 1])
torch.Size([64, 1])
torch.Size([64, 1])
torch.Size([64, 1])
torch.Size([64, 1])
torch.Size([64, 1])
torch.Size([64, 1])
torch.Size([64, 1])
torch.Size([64, 1])
torch.Size([64, 1])
torch.Size([64, 1])
torch.Size([64, 1])
torch.Size([64, 1])
torch.Size([64, 1])
torch.Size([64, 1])
torch.Size([64, 1])
torch.Size([64, 1])
torch.Size([64, 1])
torch.Size([64, 1])
torch.Size([64, 1])
torch.Size([64, 1])
torch.Size([64, 1])
torch.Size([64, 1])
torch.Size([64, 1])
torch.Size([64, 1])
torch.Size([64, 1])
torch.Size([64, 1])
torch.Size([64, 1])
torch.Size([64, 1])
torch.Size([64, 1])
torch.Size([64, 1])
torch.Size([64, 1])
torch.Size([64, 1])
torch.Size([64, 1])
torch.Size([64, 1])
torch.Size([64, 1])
torch.Size([64, 1])
torch.Size([64, 1])
torch.Size([64, 1])
torch.Size([64, 1])
torch.Size([64, 1])
torch.Size([64, 1])
torch.Size([64, 1])
torch.Size([64, 1])
torch.Size([64, 1])
torch.Size([64, 1])
torch.Size([64, 1])
torch.Size([64, 1])
torch.Size([64, 1])
torch.Size([64, 1])
torch.Size([64, 1])
torch.Size([64, 1])
torch.Size([64, 1])
torch.Size([64, 1])
torch.Size([64, 1])
torch.Size([64, 1])
torch.Size([64, 1])
torch.Size([64, 1])
torch.Size([64, 1])
torch.Size([64, 1])
torch.Size([64, 1])
torch.Size([64, 1])
torch.Size([64, 1])
torch.Size([64, 1])
torch.Size([64, 1])
torch.Size([64, 1])
torch.Size([64, 1])
torch.Size([64, 1])
torch.Size([64, 1])
torch.Size([64, 1])
torch.Size([64, 1])
torch.Size([64, 1])
torch.Size([64, 1])
torch.Size([64, 1])
torch.Size([64, 1])
torch.Size([64, 1])
torch.Size([64, 1])
torch.Size([64, 1])
torch.Size([64, 1])
torch.Size([64, 1])
Epoch [15/45] | Train Loss: 0.6988 | Train Acc: 0.5215 | Val Loss: 0.6263 | Val Acc: 0.8411
torch.Size([64, 1])
torch.Size([64, 1])
torch.Size([64, 1])
torch.Size([64, 1])
torch.Size([64, 1])
torch.Size([64, 1])
torch.Size([64, 1])
torch.Size([64, 1])
torch.Size([64, 1])
torch.Size([64, 1])
torch.Size([64, 1])
torch.Size([64, 1])
torch.Size([64, 1])
torch.Size([64, 1])
torch.Size([64, 1])
torch.Size([64, 1])
torch.Size([64, 1])
torch.Size([64, 1])
torch.Size([64, 1])
torch.Size([64, 1])
torch.Size([64, 1])
torch.Size([64, 1])
torch.Size([64, 1])
torch.Size([64, 1])
torch.Size([64, 1])
torch.Size([64, 1])
torch.Size([64, 1])
torch.Size([64, 1])
torch.Size([64, 1])
torch.Size([64, 1])
torch.Size([64, 1])
torch.Size([64, 1])
torch.Size([64, 1])
torch.Size([64, 1])
torch.Size([64, 1])
torch.Size([64, 1])
torch.Size([64, 1])
torch.Size([64, 1])
torch.Size([64, 1])
torch.Size([64, 1])
torch.Size([64, 1])
torch.Size([64, 1])
torch.Size([64, 1])
torch.Size([64, 1])
torch.Size([64, 1])
torch.Size([64, 1])
torch.Size([64, 1])
torch.Size([64, 1])
torch.Size([64, 1])
torch.Size([64, 1])
torch.Size([64, 1])
torch.Size([64, 1])
torch.Size([64, 1])
torch.Size([64, 1])
torch.Size([64, 1])
torch.Size([64, 1])
torch.Size([64, 1])
torch.Size([64, 1])
torch.Size([64, 1])
torch.Size([64, 1])
torch.Size([64, 1])
torch.Size([64, 1])
torch.Size([64, 1])
torch.Size([64, 1])
torch.Size([64, 1])
torch.Size([64, 1])
torch.Size([64, 1])
torch.Size([64, 1])
torch.Size([64, 1])
torch.Size([64, 1])
torch.Size([64, 1])
torch.Size([64, 1])
torch.Size([64, 1])
torch.Size([64, 1])
torch.Size([64, 1])
torch.Size([64, 1])
torch.Size([64, 1])
torch.Size([64, 1])
torch.Size([64, 1])
torch.Size([64, 1])
torch.Size([64, 1])
torch.Size([64, 1])
torch.Size([64, 1])
torch.Size([64, 1])
torch.Size([64, 1])
torch.Size([64, 1])
torch.Size([64, 1])
torch.Size([64, 1])
torch.Size([64, 1])
torch.Size([64, 1])
torch.Size([64, 1])
torch.Size([64, 1])
torch.Size([64, 1])
torch.Size([64, 1])
torch.Size([64, 1])
torch.Size([64, 1])
torch.Size([64, 1])
torch.Size([64, 1])
torch.Size([64, 1])
torch.Size([64, 1])
torch.Size([64, 1])
torch.Size([64, 1])
torch.Size([64, 1])
torch.Size([64, 1])
torch.Size([64, 1])
torch.Size([64, 1])
torch.Size([64, 1])
torch.Size([64, 1])
torch.Size([64, 1])
torch.Size([64, 1])
torch.Size([64, 1])
torch.Size([64, 1])
torch.Size([64, 1])
torch.Size([64, 1])
torch.Size([64, 1])
torch.Size([64, 1])
torch.Size([64, 1])
torch.Size([64, 1])
torch.Size([64, 1])
torch.Size([64, 1])
torch.Size([64, 1])
torch.Size([64, 1])
torch.Size([64, 1])
torch.Size([64, 1])
torch.Size([64, 1])
torch.Size([64, 1])
torch.Size([64, 1])
torch.Size([64, 1])
torch.Size([64, 1])
torch.Size([64, 1])
torch.Size([64, 1])
torch.Size([64, 1])
torch.Size([64, 1])
torch.Size([64, 1])
torch.Size([64, 1])
torch.Size([64, 1])
torch.Size([64, 1])
torch.Size([64, 1])
torch.Size([64, 1])
torch.Size([64, 1])
torch.Size([64, 1])
torch.Size([64, 1])
torch.Size([64, 1])
torch.Size([64, 1])
torch.Size([64, 1])
torch.Size([64, 1])
torch.Size([64, 1])
torch.Size([64, 1])
torch.Size([64, 1])
torch.Size([64, 1])
torch.Size([64, 1])
torch.Size([64, 1])
torch.Size([64, 1])
torch.Size([64, 1])
torch.Size([64, 1])
torch.Size([64, 1])
torch.Size([64, 1])
torch.Size([64, 1])
torch.Size([64, 1])
torch.Size([64, 1])
torch.Size([64, 1])
torch.Size([64, 1])
torch.Size([64, 1])
torch.Size([64, 1])
torch.Size([64, 1])
torch.Size([64, 1])
torch.Size([64, 1])
torch.Size([64, 1])
torch.Size([64, 1])
torch.Size([64, 1])
torch.Size([64, 1])
torch.Size([64, 1])
torch.Size([64, 1])
torch.Size([64, 1])
torch.Size([64, 1])
torch.Size([64, 1])
torch.Size([64, 1])
torch.Size([64, 1])
torch.Size([64, 1])
torch.Size([64, 1])
torch.Size([64, 1])
torch.Size([64, 1])
torch.Size([64, 1])
torch.Size([64, 1])
torch.Size([64, 1])
torch.Size([64, 1])
torch.Size([64, 1])
torch.Size([64, 1])
torch.Size([64, 1])
torch.Size([64, 1])
torch.Size([64, 1])
torch.Size([64, 1])
torch.Size([64, 1])
torch.Size([64, 1])
torch.Size([64, 1])
torch.Size([64, 1])
torch.Size([64, 1])
torch.Size([64, 1])
torch.Size([64, 1])
torch.Size([64, 1])
torch.Size([64, 1])
torch.Size([64, 1])
torch.Size([64, 1])
torch.Size([64, 1])
torch.Size([64, 1])
torch.Size([64, 1])
torch.Size([64, 1])
torch.Size([64, 1])
torch.Size([64, 1])
torch.Size([64, 1])
torch.Size([64, 1])
torch.Size([64, 1])
torch.Size([64, 1])
torch.Size([64, 1])
torch.Size([64, 1])
torch.Size([64, 1])
torch.Size([64, 1])
torch.Size([64, 1])
torch.Size([64, 1])
torch.Size([64, 1])
torch.Size([64, 1])
torch.Size([64, 1])
torch.Size([64, 1])
torch.Size([64, 1])
torch.Size([64, 1])
torch.Size([64, 1])
torch.Size([64, 1])
torch.Size([64, 1])
torch.Size([64, 1])
torch.Size([64, 1])
torch.Size([64, 1])
torch.Size([64, 1])
torch.Size([64, 1])
torch.Size([64, 1])
torch.Size([64, 1])
torch.Size([64, 1])
torch.Size([64, 1])
torch.Size([64, 1])
torch.Size([64, 1])
torch.Size([64, 1])
torch.Size([64, 1])
torch.Size([64, 1])
torch.Size([64, 1])
torch.Size([64, 1])
torch.Size([64, 1])
torch.Size([64, 1])
torch.Size([64, 1])
torch.Size([64, 1])
torch.Size([64, 1])
torch.Size([64, 1])
torch.Size([64, 1])
torch.Size([64, 1])
torch.Size([64, 1])
torch.Size([64, 1])
torch.Size([64, 1])
torch.Size([64, 1])
torch.Size([64, 1])
torch.Size([64, 1])
torch.Size([64, 1])
torch.Size([64, 1])
torch.Size([64, 1])
torch.Size([64, 1])
torch.Size([64, 1])
torch.Size([64, 1])
torch.Size([64, 1])
Epoch [20/45] | Train Loss: 0.7054 | Train Acc: 0.5159 | Val Loss: 0.6384 | Val Acc: 0.8438
Epoch [20] had best val_metric
torch.Size([64, 1])
torch.Size([64, 1])
torch.Size([64, 1])
torch.Size([64, 1])
torch.Size([64, 1])
torch.Size([64, 1])
torch.Size([64, 1])
torch.Size([64, 1])
torch.Size([64, 1])
torch.Size([64, 1])
torch.Size([64, 1])
torch.Size([64, 1])
torch.Size([64, 1])
torch.Size([64, 1])
torch.Size([64, 1])
torch.Size([64, 1])
torch.Size([64, 1])
torch.Size([64, 1])
torch.Size([64, 1])
torch.Size([64, 1])
torch.Size([64, 1])
torch.Size([64, 1])
torch.Size([64, 1])
torch.Size([64, 1])
torch.Size([64, 1])
torch.Size([64, 1])
torch.Size([64, 1])
torch.Size([64, 1])
torch.Size([64, 1])
torch.Size([64, 1])
torch.Size([64, 1])
torch.Size([64, 1])
torch.Size([64, 1])
torch.Size([64, 1])
torch.Size([64, 1])
torch.Size([64, 1])
torch.Size([64, 1])
torch.Size([64, 1])
torch.Size([64, 1])
torch.Size([64, 1])
torch.Size([64, 1])
torch.Size([64, 1])
torch.Size([64, 1])
torch.Size([64, 1])
torch.Size([64, 1])
torch.Size([64, 1])
torch.Size([64, 1])
torch.Size([64, 1])
torch.Size([64, 1])
torch.Size([64, 1])
torch.Size([64, 1])
torch.Size([64, 1])
torch.Size([64, 1])
torch.Size([64, 1])
torch.Size([64, 1])
torch.Size([64, 1])
torch.Size([64, 1])
torch.Size([64, 1])
torch.Size([64, 1])
torch.Size([64, 1])
torch.Size([64, 1])
torch.Size([64, 1])
torch.Size([64, 1])
torch.Size([64, 1])
torch.Size([64, 1])
torch.Size([64, 1])
torch.Size([64, 1])
torch.Size([64, 1])
torch.Size([64, 1])
torch.Size([64, 1])
torch.Size([64, 1])
torch.Size([64, 1])
torch.Size([64, 1])
torch.Size([64, 1])
torch.Size([64, 1])
torch.Size([64, 1])
torch.Size([64, 1])
torch.Size([64, 1])
torch.Size([64, 1])
torch.Size([64, 1])
torch.Size([64, 1])
torch.Size([64, 1])
torch.Size([64, 1])
torch.Size([64, 1])
torch.Size([64, 1])
torch.Size([64, 1])
torch.Size([64, 1])
torch.Size([64, 1])
torch.Size([64, 1])
torch.Size([64, 1])
torch.Size([64, 1])
torch.Size([64, 1])
torch.Size([64, 1])
torch.Size([64, 1])
torch.Size([64, 1])
torch.Size([64, 1])
torch.Size([64, 1])
torch.Size([64, 1])
torch.Size([64, 1])
torch.Size([64, 1])
torch.Size([64, 1])
torch.Size([64, 1])
torch.Size([64, 1])
torch.Size([64, 1])
torch.Size([64, 1])
torch.Size([64, 1])
torch.Size([64, 1])
torch.Size([64, 1])
torch.Size([64, 1])
torch.Size([64, 1])
torch.Size([64, 1])
torch.Size([64, 1])
torch.Size([64, 1])
torch.Size([64, 1])
torch.Size([64, 1])
torch.Size([64, 1])
torch.Size([64, 1])
torch.Size([64, 1])
torch.Size([64, 1])
torch.Size([64, 1])
torch.Size([64, 1])
torch.Size([64, 1])
torch.Size([64, 1])
torch.Size([64, 1])
torch.Size([64, 1])
torch.Size([64, 1])
torch.Size([64, 1])
torch.Size([64, 1])
torch.Size([64, 1])
torch.Size([64, 1])
torch.Size([64, 1])
torch.Size([64, 1])
torch.Size([64, 1])
torch.Size([64, 1])
torch.Size([64, 1])
torch.Size([64, 1])
torch.Size([64, 1])
torch.Size([64, 1])
torch.Size([64, 1])
torch.Size([64, 1])
torch.Size([64, 1])
torch.Size([64, 1])
torch.Size([64, 1])
torch.Size([64, 1])
torch.Size([64, 1])
torch.Size([64, 1])
torch.Size([64, 1])
torch.Size([64, 1])
torch.Size([64, 1])
torch.Size([64, 1])
torch.Size([64, 1])
torch.Size([64, 1])
torch.Size([64, 1])
torch.Size([64, 1])
torch.Size([64, 1])
torch.Size([64, 1])
torch.Size([64, 1])
torch.Size([64, 1])
torch.Size([64, 1])
torch.Size([64, 1])
torch.Size([64, 1])
torch.Size([64, 1])
torch.Size([64, 1])
torch.Size([64, 1])
torch.Size([64, 1])
torch.Size([64, 1])
torch.Size([64, 1])
torch.Size([64, 1])
torch.Size([64, 1])
torch.Size([64, 1])
torch.Size([64, 1])
torch.Size([64, 1])
torch.Size([64, 1])
torch.Size([64, 1])
torch.Size([64, 1])
torch.Size([64, 1])
torch.Size([64, 1])
torch.Size([64, 1])
torch.Size([64, 1])
torch.Size([64, 1])
torch.Size([64, 1])
torch.Size([64, 1])
torch.Size([64, 1])
torch.Size([64, 1])
torch.Size([64, 1])
torch.Size([64, 1])
torch.Size([64, 1])
torch.Size([64, 1])
torch.Size([64, 1])
torch.Size([64, 1])
torch.Size([64, 1])
torch.Size([64, 1])
torch.Size([64, 1])
torch.Size([64, 1])
torch.Size([64, 1])
torch.Size([64, 1])
torch.Size([64, 1])
torch.Size([64, 1])
torch.Size([64, 1])
torch.Size([64, 1])
torch.Size([64, 1])
torch.Size([64, 1])
torch.Size([64, 1])
torch.Size([64, 1])
torch.Size([64, 1])
torch.Size([64, 1])
torch.Size([64, 1])
torch.Size([64, 1])
torch.Size([64, 1])
torch.Size([64, 1])
torch.Size([64, 1])
torch.Size([64, 1])
torch.Size([64, 1])
torch.Size([64, 1])
torch.Size([64, 1])
torch.Size([64, 1])
torch.Size([64, 1])
torch.Size([64, 1])
torch.Size([64, 1])
torch.Size([64, 1])
torch.Size([64, 1])
torch.Size([64, 1])
torch.Size([64, 1])
torch.Size([64, 1])
torch.Size([64, 1])
torch.Size([64, 1])
torch.Size([64, 1])
torch.Size([64, 1])
torch.Size([64, 1])
torch.Size([64, 1])
torch.Size([64, 1])
torch.Size([64, 1])
torch.Size([64, 1])
torch.Size([64, 1])
torch.Size([64, 1])
torch.Size([64, 1])
torch.Size([64, 1])
torch.Size([64, 1])
torch.Size([64, 1])
torch.Size([64, 1])
torch.Size([64, 1])
torch.Size([64, 1])
torch.Size([64, 1])
torch.Size([64, 1])
torch.Size([64, 1])
torch.Size([64, 1])
torch.Size([64, 1])
torch.Size([64, 1])
torch.Size([64, 1])
torch.Size([64, 1])
torch.Size([64, 1])
torch.Size([64, 1])
torch.Size([64, 1])
torch.Size([64, 1])
torch.Size([64, 1])
torch.Size([64, 1])
torch.Size([64, 1])
torch.Size([64, 1])
torch.Size([64, 1])
torch.Size([64, 1])
torch.Size([64, 1])
torch.Size([64, 1])
torch.Size([64, 1])
torch.Size([64, 1])
torch.Size([64, 1])
Epoch [25/45] | Train Loss: 0.6897 | Train Acc: 0.5189 | Val Loss: 0.6228 | Val Acc: 0.8411
torch.Size([64, 1])
torch.Size([64, 1])
torch.Size([64, 1])
torch.Size([64, 1])
torch.Size([64, 1])
torch.Size([64, 1])
torch.Size([64, 1])
torch.Size([64, 1])
torch.Size([64, 1])
torch.Size([64, 1])
torch.Size([64, 1])
torch.Size([64, 1])
torch.Size([64, 1])
torch.Size([64, 1])
torch.Size([64, 1])
torch.Size([64, 1])
torch.Size([64, 1])
torch.Size([64, 1])
torch.Size([64, 1])
torch.Size([64, 1])
torch.Size([64, 1])
torch.Size([64, 1])
torch.Size([64, 1])
torch.Size([64, 1])
torch.Size([64, 1])
torch.Size([64, 1])
torch.Size([64, 1])
torch.Size([64, 1])
torch.Size([64, 1])
torch.Size([64, 1])
torch.Size([64, 1])
torch.Size([64, 1])
torch.Size([64, 1])
torch.Size([64, 1])
torch.Size([64, 1])
torch.Size([64, 1])
torch.Size([64, 1])
torch.Size([64, 1])
torch.Size([64, 1])
torch.Size([64, 1])
torch.Size([64, 1])
torch.Size([64, 1])
torch.Size([64, 1])
torch.Size([64, 1])
torch.Size([64, 1])
torch.Size([64, 1])
torch.Size([64, 1])
torch.Size([64, 1])
torch.Size([64, 1])
torch.Size([64, 1])
torch.Size([64, 1])
torch.Size([64, 1])
torch.Size([64, 1])
torch.Size([64, 1])
torch.Size([64, 1])
torch.Size([64, 1])
torch.Size([64, 1])
torch.Size([64, 1])
torch.Size([64, 1])
torch.Size([64, 1])
torch.Size([64, 1])
torch.Size([64, 1])
torch.Size([64, 1])
torch.Size([64, 1])
torch.Size([64, 1])
torch.Size([64, 1])
torch.Size([64, 1])
torch.Size([64, 1])
torch.Size([64, 1])
torch.Size([64, 1])
torch.Size([64, 1])
torch.Size([64, 1])
torch.Size([64, 1])
torch.Size([64, 1])
torch.Size([64, 1])
torch.Size([64, 1])
torch.Size([64, 1])
torch.Size([64, 1])
torch.Size([64, 1])
torch.Size([64, 1])
torch.Size([64, 1])
torch.Size([64, 1])
torch.Size([64, 1])
torch.Size([64, 1])
torch.Size([64, 1])
torch.Size([64, 1])
torch.Size([64, 1])
torch.Size([64, 1])
torch.Size([64, 1])
torch.Size([64, 1])
torch.Size([64, 1])
torch.Size([64, 1])
torch.Size([64, 1])
torch.Size([64, 1])
torch.Size([64, 1])
torch.Size([64, 1])
torch.Size([64, 1])
torch.Size([64, 1])
torch.Size([64, 1])
torch.Size([64, 1])
torch.Size([64, 1])
torch.Size([64, 1])
torch.Size([64, 1])
torch.Size([64, 1])
torch.Size([64, 1])
torch.Size([64, 1])
torch.Size([64, 1])
torch.Size([64, 1])
torch.Size([64, 1])
torch.Size([64, 1])
torch.Size([64, 1])
torch.Size([64, 1])
torch.Size([64, 1])
torch.Size([64, 1])
torch.Size([64, 1])
torch.Size([64, 1])
torch.Size([64, 1])
torch.Size([64, 1])
torch.Size([64, 1])
torch.Size([64, 1])
torch.Size([64, 1])
torch.Size([64, 1])
torch.Size([64, 1])
torch.Size([64, 1])
torch.Size([64, 1])
torch.Size([64, 1])
torch.Size([64, 1])
torch.Size([64, 1])
torch.Size([64, 1])
torch.Size([64, 1])
torch.Size([64, 1])
torch.Size([64, 1])
torch.Size([64, 1])
torch.Size([64, 1])
torch.Size([64, 1])
torch.Size([64, 1])
torch.Size([64, 1])
torch.Size([64, 1])
torch.Size([64, 1])
torch.Size([64, 1])
torch.Size([64, 1])
torch.Size([64, 1])
torch.Size([64, 1])
torch.Size([64, 1])
torch.Size([64, 1])
torch.Size([64, 1])
torch.Size([64, 1])
torch.Size([64, 1])
torch.Size([64, 1])
torch.Size([64, 1])
torch.Size([64, 1])
torch.Size([64, 1])
torch.Size([64, 1])
torch.Size([64, 1])
torch.Size([64, 1])
torch.Size([64, 1])
torch.Size([64, 1])
torch.Size([64, 1])
torch.Size([64, 1])
torch.Size([64, 1])
torch.Size([64, 1])
torch.Size([64, 1])
torch.Size([64, 1])
torch.Size([64, 1])
torch.Size([64, 1])
torch.Size([64, 1])
torch.Size([64, 1])
torch.Size([64, 1])
torch.Size([64, 1])
torch.Size([64, 1])
torch.Size([64, 1])
torch.Size([64, 1])
torch.Size([64, 1])
torch.Size([64, 1])
torch.Size([64, 1])
torch.Size([64, 1])
torch.Size([64, 1])
torch.Size([64, 1])
torch.Size([64, 1])
torch.Size([64, 1])
torch.Size([64, 1])
torch.Size([64, 1])
torch.Size([64, 1])
torch.Size([64, 1])
torch.Size([64, 1])
torch.Size([64, 1])
torch.Size([64, 1])
torch.Size([64, 1])
torch.Size([64, 1])
torch.Size([64, 1])
torch.Size([64, 1])
torch.Size([64, 1])
torch.Size([64, 1])
torch.Size([64, 1])
torch.Size([64, 1])
torch.Size([64, 1])
torch.Size([64, 1])
torch.Size([64, 1])
torch.Size([64, 1])
torch.Size([64, 1])
torch.Size([64, 1])
torch.Size([64, 1])
torch.Size([64, 1])
torch.Size([64, 1])
torch.Size([64, 1])
torch.Size([64, 1])
torch.Size([64, 1])
torch.Size([64, 1])
torch.Size([64, 1])
torch.Size([64, 1])
torch.Size([64, 1])
torch.Size([64, 1])
torch.Size([64, 1])
torch.Size([64, 1])
torch.Size([64, 1])
torch.Size([64, 1])
torch.Size([64, 1])
torch.Size([64, 1])
torch.Size([64, 1])
torch.Size([64, 1])
torch.Size([64, 1])
torch.Size([64, 1])
torch.Size([64, 1])
torch.Size([64, 1])
torch.Size([64, 1])
torch.Size([64, 1])
torch.Size([64, 1])
torch.Size([64, 1])
torch.Size([64, 1])
torch.Size([64, 1])
torch.Size([64, 1])
torch.Size([64, 1])
torch.Size([64, 1])
torch.Size([64, 1])
torch.Size([64, 1])
torch.Size([64, 1])
torch.Size([64, 1])
torch.Size([64, 1])
torch.Size([64, 1])
torch.Size([64, 1])
torch.Size([64, 1])
torch.Size([64, 1])
torch.Size([64, 1])
torch.Size([64, 1])
torch.Size([64, 1])
torch.Size([64, 1])
torch.Size([64, 1])
torch.Size([64, 1])
torch.Size([64, 1])
torch.Size([64, 1])
torch.Size([64, 1])
torch.Size([64, 1])
torch.Size([64, 1])
torch.Size([64, 1])
torch.Size([64, 1])
torch.Size([64, 1])
torch.Size([64, 1])
torch.Size([64, 1])
torch.Size([64, 1])
torch.Size([64, 1])
torch.Size([64, 1])
torch.Size([64, 1])
torch.Size([64, 1])
torch.Size([64, 1])
torch.Size([64, 1])
Epoch [30/45] | Train Loss: 0.6884 | Train Acc: 0.5333 | Val Loss: 0.5707 | Val Acc: 0.8255
Epoch [30] had best val_Loss
torch.Size([64, 1])
torch.Size([64, 1])
torch.Size([64, 1])
torch.Size([64, 1])
torch.Size([64, 1])
torch.Size([64, 1])
torch.Size([64, 1])
torch.Size([64, 1])
torch.Size([64, 1])
torch.Size([64, 1])
torch.Size([64, 1])
torch.Size([64, 1])
torch.Size([64, 1])
torch.Size([64, 1])
torch.Size([64, 1])
torch.Size([64, 1])
torch.Size([64, 1])
torch.Size([64, 1])
torch.Size([64, 1])
torch.Size([64, 1])
torch.Size([64, 1])
torch.Size([64, 1])
torch.Size([64, 1])
torch.Size([64, 1])
torch.Size([64, 1])
torch.Size([64, 1])
torch.Size([64, 1])
torch.Size([64, 1])
torch.Size([64, 1])
torch.Size([64, 1])
torch.Size([64, 1])
torch.Size([64, 1])
torch.Size([64, 1])
torch.Size([64, 1])
torch.Size([64, 1])
torch.Size([64, 1])
torch.Size([64, 1])
torch.Size([64, 1])
torch.Size([64, 1])
torch.Size([64, 1])
torch.Size([64, 1])
torch.Size([64, 1])
torch.Size([64, 1])
torch.Size([64, 1])
torch.Size([64, 1])
torch.Size([64, 1])
torch.Size([64, 1])
torch.Size([64, 1])
torch.Size([64, 1])
torch.Size([64, 1])
torch.Size([64, 1])
torch.Size([64, 1])
torch.Size([64, 1])
torch.Size([64, 1])
torch.Size([64, 1])
torch.Size([64, 1])
torch.Size([64, 1])
torch.Size([64, 1])
torch.Size([64, 1])
torch.Size([64, 1])
torch.Size([64, 1])
torch.Size([64, 1])
torch.Size([64, 1])
torch.Size([64, 1])
torch.Size([64, 1])
torch.Size([64, 1])
torch.Size([64, 1])
torch.Size([64, 1])
torch.Size([64, 1])
torch.Size([64, 1])
torch.Size([64, 1])
torch.Size([64, 1])
torch.Size([64, 1])
torch.Size([64, 1])
torch.Size([64, 1])
torch.Size([64, 1])
torch.Size([64, 1])
torch.Size([64, 1])
torch.Size([64, 1])
torch.Size([64, 1])
torch.Size([64, 1])
torch.Size([64, 1])
torch.Size([64, 1])
torch.Size([64, 1])
torch.Size([64, 1])
torch.Size([64, 1])
torch.Size([64, 1])
torch.Size([64, 1])
torch.Size([64, 1])
torch.Size([64, 1])
torch.Size([64, 1])
torch.Size([64, 1])
torch.Size([64, 1])
torch.Size([64, 1])
torch.Size([64, 1])
torch.Size([64, 1])
torch.Size([64, 1])
torch.Size([64, 1])
torch.Size([64, 1])
torch.Size([64, 1])
torch.Size([64, 1])
torch.Size([64, 1])
torch.Size([64, 1])
torch.Size([64, 1])
torch.Size([64, 1])
torch.Size([64, 1])
torch.Size([64, 1])
torch.Size([64, 1])
torch.Size([64, 1])
torch.Size([64, 1])
torch.Size([64, 1])
torch.Size([64, 1])
torch.Size([64, 1])
torch.Size([64, 1])
torch.Size([64, 1])
torch.Size([64, 1])
torch.Size([64, 1])
torch.Size([64, 1])
torch.Size([64, 1])
torch.Size([64, 1])
torch.Size([64, 1])
torch.Size([64, 1])
torch.Size([64, 1])
torch.Size([64, 1])
torch.Size([64, 1])
torch.Size([64, 1])
torch.Size([64, 1])
torch.Size([64, 1])
torch.Size([64, 1])
torch.Size([64, 1])
torch.Size([64, 1])
torch.Size([64, 1])
torch.Size([64, 1])
torch.Size([64, 1])
torch.Size([64, 1])
torch.Size([64, 1])
torch.Size([64, 1])
torch.Size([64, 1])
torch.Size([64, 1])
torch.Size([64, 1])
torch.Size([64, 1])
torch.Size([64, 1])
torch.Size([64, 1])
torch.Size([64, 1])
torch.Size([64, 1])
torch.Size([64, 1])
torch.Size([64, 1])
torch.Size([64, 1])
torch.Size([64, 1])
torch.Size([64, 1])
torch.Size([64, 1])
torch.Size([64, 1])
torch.Size([64, 1])
torch.Size([64, 1])
torch.Size([64, 1])
torch.Size([64, 1])
torch.Size([64, 1])
torch.Size([64, 1])
torch.Size([64, 1])
Epoch [33] had best val_Loss
torch.Size([64, 1])
torch.Size([64, 1])
torch.Size([64, 1])
torch.Size([64, 1])
torch.Size([64, 1])
torch.Size([64, 1])
torch.Size([64, 1])
torch.Size([64, 1])
torch.Size([64, 1])
torch.Size([64, 1])
torch.Size([64, 1])
torch.Size([64, 1])
torch.Size([64, 1])
torch.Size([64, 1])
torch.Size([64, 1])
torch.Size([64, 1])
torch.Size([64, 1])
torch.Size([64, 1])
torch.Size([64, 1])
torch.Size([64, 1])
torch.Size([64, 1])
torch.Size([64, 1])
torch.Size([64, 1])
torch.Size([64, 1])
torch.Size([64, 1])
torch.Size([64, 1])
torch.Size([64, 1])
torch.Size([64, 1])
torch.Size([64, 1])
torch.Size([64, 1])
torch.Size([64, 1])
torch.Size([64, 1])
torch.Size([64, 1])
torch.Size([64, 1])
torch.Size([64, 1])
torch.Size([64, 1])
torch.Size([64, 1])
torch.Size([64, 1])
torch.Size([64, 1])
torch.Size([64, 1])
torch.Size([64, 1])
torch.Size([64, 1])
torch.Size([64, 1])
torch.Size([64, 1])
torch.Size([64, 1])
torch.Size([64, 1])
torch.Size([64, 1])
torch.Size([64, 1])
torch.Size([64, 1])
torch.Size([64, 1])
torch.Size([64, 1])
torch.Size([64, 1])
torch.Size([64, 1])
torch.Size([64, 1])
torch.Size([64, 1])
torch.Size([64, 1])
torch.Size([64, 1])
torch.Size([64, 1])
torch.Size([64, 1])
torch.Size([64, 1])
torch.Size([64, 1])
torch.Size([64, 1])
torch.Size([64, 1])
torch.Size([64, 1])
torch.Size([64, 1])
torch.Size([64, 1])
torch.Size([64, 1])
torch.Size([64, 1])
torch.Size([64, 1])
torch.Size([64, 1])
torch.Size([64, 1])
torch.Size([64, 1])
torch.Size([64, 1])
torch.Size([64, 1])
torch.Size([64, 1])
torch.Size([64, 1])
torch.Size([64, 1])
torch.Size([64, 1])
torch.Size([64, 1])
torch.Size([64, 1])
torch.Size([64, 1])
torch.Size([64, 1])
torch.Size([64, 1])
torch.Size([64, 1])
torch.Size([64, 1])
torch.Size([64, 1])
torch.Size([64, 1])
torch.Size([64, 1])
torch.Size([64, 1])
torch.Size([64, 1])
torch.Size([64, 1])
torch.Size([64, 1])
torch.Size([64, 1])
torch.Size([64, 1])
torch.Size([64, 1])
torch.Size([64, 1])
torch.Size([64, 1])
torch.Size([64, 1])
torch.Size([64, 1])
torch.Size([64, 1])
torch.Size([64, 1])
torch.Size([64, 1])
torch.Size([64, 1])
torch.Size([64, 1])
torch.Size([64, 1])
torch.Size([64, 1])
Epoch [35/45] | Train Loss: 0.6843 | Train Acc: 0.5392 | Val Loss: 0.6334 | Val Acc: 0.7266
torch.Size([64, 1])
torch.Size([64, 1])
torch.Size([64, 1])
torch.Size([64, 1])
torch.Size([64, 1])
torch.Size([64, 1])
torch.Size([64, 1])
torch.Size([64, 1])
torch.Size([64, 1])
torch.Size([64, 1])
torch.Size([64, 1])
torch.Size([64, 1])
torch.Size([64, 1])
torch.Size([64, 1])
torch.Size([64, 1])
torch.Size([64, 1])
torch.Size([64, 1])
torch.Size([64, 1])
torch.Size([64, 1])
torch.Size([64, 1])
torch.Size([64, 1])
torch.Size([64, 1])
torch.Size([64, 1])
torch.Size([64, 1])
torch.Size([64, 1])
torch.Size([64, 1])
torch.Size([64, 1])
torch.Size([64, 1])
torch.Size([64, 1])
torch.Size([64, 1])
torch.Size([64, 1])
torch.Size([64, 1])
torch.Size([64, 1])
torch.Size([64, 1])
torch.Size([64, 1])
torch.Size([64, 1])
torch.Size([64, 1])
torch.Size([64, 1])
torch.Size([64, 1])
torch.Size([64, 1])
torch.Size([64, 1])
torch.Size([64, 1])
torch.Size([64, 1])
torch.Size([64, 1])
torch.Size([64, 1])
torch.Size([64, 1])
torch.Size([64, 1])
torch.Size([64, 1])
torch.Size([64, 1])
torch.Size([64, 1])
torch.Size([64, 1])
torch.Size([64, 1])
torch.Size([64, 1])
torch.Size([64, 1])
torch.Size([64, 1])
torch.Size([64, 1])
torch.Size([64, 1])
torch.Size([64, 1])
torch.Size([64, 1])
torch.Size([64, 1])
torch.Size([64, 1])
torch.Size([64, 1])
torch.Size([64, 1])
torch.Size([64, 1])
torch.Size([64, 1])
torch.Size([64, 1])
torch.Size([64, 1])
torch.Size([64, 1])
torch.Size([64, 1])
torch.Size([64, 1])
torch.Size([64, 1])
torch.Size([64, 1])
torch.Size([64, 1])
torch.Size([64, 1])
torch.Size([64, 1])
torch.Size([64, 1])
torch.Size([64, 1])
torch.Size([64, 1])
torch.Size([64, 1])
torch.Size([64, 1])
torch.Size([64, 1])
torch.Size([64, 1])
torch.Size([64, 1])
torch.Size([64, 1])
torch.Size([64, 1])
torch.Size([64, 1])
torch.Size([64, 1])
torch.Size([64, 1])
torch.Size([64, 1])
torch.Size([64, 1])
torch.Size([64, 1])
torch.Size([64, 1])
torch.Size([64, 1])
torch.Size([64, 1])
torch.Size([64, 1])
torch.Size([64, 1])
torch.Size([64, 1])
torch.Size([64, 1])
torch.Size([64, 1])
torch.Size([64, 1])
torch.Size([64, 1])
torch.Size([64, 1])
torch.Size([64, 1])
torch.Size([64, 1])
torch.Size([64, 1])
torch.Size([64, 1])
torch.Size([64, 1])
torch.Size([64, 1])
torch.Size([64, 1])
torch.Size([64, 1])
torch.Size([64, 1])
torch.Size([64, 1])
torch.Size([64, 1])
torch.Size([64, 1])
torch.Size([64, 1])
torch.Size([64, 1])
torch.Size([64, 1])
torch.Size([64, 1])
torch.Size([64, 1])
torch.Size([64, 1])
torch.Size([64, 1])
torch.Size([64, 1])
torch.Size([64, 1])
torch.Size([64, 1])
torch.Size([64, 1])
torch.Size([64, 1])
torch.Size([64, 1])
torch.Size([64, 1])
torch.Size([64, 1])
torch.Size([64, 1])
torch.Size([64, 1])
torch.Size([64, 1])
torch.Size([64, 1])
torch.Size([64, 1])
torch.Size([64, 1])
torch.Size([64, 1])
torch.Size([64, 1])
torch.Size([64, 1])
torch.Size([64, 1])
torch.Size([64, 1])
torch.Size([64, 1])
torch.Size([64, 1])
torch.Size([64, 1])
torch.Size([64, 1])
torch.Size([64, 1])
torch.Size([64, 1])
torch.Size([64, 1])
torch.Size([64, 1])
torch.Size([64, 1])
torch.Size([64, 1])
torch.Size([64, 1])
torch.Size([64, 1])
torch.Size([64, 1])
torch.Size([64, 1])
torch.Size([64, 1])
torch.Size([64, 1])
torch.Size([64, 1])
torch.Size([64, 1])
torch.Size([64, 1])
torch.Size([64, 1])
torch.Size([64, 1])
torch.Size([64, 1])
torch.Size([64, 1])
torch.Size([64, 1])
torch.Size([64, 1])
torch.Size([64, 1])
torch.Size([64, 1])
torch.Size([64, 1])
torch.Size([64, 1])
torch.Size([64, 1])
torch.Size([64, 1])
torch.Size([64, 1])
torch.Size([64, 1])
torch.Size([64, 1])
torch.Size([64, 1])
torch.Size([64, 1])
torch.Size([64, 1])
torch.Size([64, 1])
torch.Size([64, 1])
torch.Size([64, 1])
torch.Size([64, 1])
torch.Size([64, 1])
torch.Size([64, 1])
torch.Size([64, 1])
torch.Size([64, 1])
torch.Size([64, 1])
torch.Size([64, 1])
torch.Size([64, 1])
torch.Size([64, 1])
torch.Size([64, 1])
torch.Size([64, 1])
torch.Size([64, 1])
torch.Size([64, 1])
torch.Size([64, 1])
torch.Size([64, 1])
torch.Size([64, 1])
torch.Size([64, 1])
torch.Size([64, 1])
torch.Size([64, 1])
torch.Size([64, 1])
torch.Size([64, 1])
torch.Size([64, 1])
torch.Size([64, 1])
torch.Size([64, 1])
torch.Size([64, 1])
torch.Size([64, 1])
torch.Size([64, 1])
torch.Size([64, 1])
torch.Size([64, 1])
torch.Size([64, 1])
torch.Size([64, 1])
torch.Size([64, 1])
Epoch [39] had best val_Loss
torch.Size([64, 1])
torch.Size([64, 1])
torch.Size([64, 1])
torch.Size([64, 1])
torch.Size([64, 1])
torch.Size([64, 1])
torch.Size([64, 1])
torch.Size([64, 1])
torch.Size([64, 1])
torch.Size([64, 1])
torch.Size([64, 1])
torch.Size([64, 1])
torch.Size([64, 1])
torch.Size([64, 1])
torch.Size([64, 1])
torch.Size([64, 1])
torch.Size([64, 1])
torch.Size([64, 1])
torch.Size([64, 1])
torch.Size([64, 1])
torch.Size([64, 1])
torch.Size([64, 1])
torch.Size([64, 1])
torch.Size([64, 1])
torch.Size([64, 1])
torch.Size([64, 1])
torch.Size([64, 1])
torch.Size([64, 1])
torch.Size([64, 1])
torch.Size([64, 1])
torch.Size([64, 1])
torch.Size([64, 1])
torch.Size([64, 1])
torch.Size([64, 1])
torch.Size([64, 1])
torch.Size([64, 1])
torch.Size([64, 1])
torch.Size([64, 1])
torch.Size([64, 1])
torch.Size([64, 1])
torch.Size([64, 1])
torch.Size([64, 1])
torch.Size([64, 1])
torch.Size([64, 1])
torch.Size([64, 1])
torch.Size([64, 1])
torch.Size([64, 1])
torch.Size([64, 1])
torch.Size([64, 1])
torch.Size([64, 1])
torch.Size([64, 1])
torch.Size([64, 1])
torch.Size([64, 1])
Epoch [40/45] | Train Loss: 0.6729 | Train Acc: 0.5654 | Val Loss: 0.6862 | Val Acc: 0.3828
torch.Size([64, 1])
torch.Size([64, 1])
torch.Size([64, 1])
torch.Size([64, 1])
torch.Size([64, 1])
torch.Size([64, 1])
torch.Size([64, 1])
torch.Size([64, 1])
torch.Size([64, 1])
torch.Size([64, 1])
torch.Size([64, 1])
torch.Size([64, 1])
torch.Size([64, 1])
torch.Size([64, 1])
torch.Size([64, 1])
torch.Size([64, 1])
torch.Size([64, 1])
torch.Size([64, 1])
torch.Size([64, 1])
torch.Size([64, 1])
torch.Size([64, 1])
torch.Size([64, 1])
torch.Size([64, 1])
torch.Size([64, 1])
torch.Size([64, 1])
torch.Size([64, 1])
torch.Size([64, 1])
torch.Size([64, 1])
torch.Size([64, 1])
torch.Size([64, 1])
torch.Size([64, 1])
torch.Size([64, 1])
torch.Size([64, 1])
torch.Size([64, 1])
torch.Size([64, 1])
torch.Size([64, 1])
torch.Size([64, 1])
torch.Size([64, 1])
torch.Size([64, 1])
torch.Size([64, 1])
torch.Size([64, 1])
torch.Size([64, 1])
torch.Size([64, 1])
torch.Size([64, 1])
torch.Size([64, 1])
torch.Size([64, 1])
torch.Size([64, 1])
torch.Size([64, 1])
torch.Size([64, 1])
torch.Size([64, 1])
torch.Size([64, 1])
torch.Size([64, 1])
torch.Size([64, 1])
torch.Size([64, 1])
torch.Size([64, 1])
torch.Size([64, 1])
torch.Size([64, 1])
torch.Size([64, 1])
torch.Size([64, 1])
torch.Size([64, 1])
torch.Size([64, 1])
torch.Size([64, 1])
torch.Size([64, 1])
torch.Size([64, 1])
torch.Size([64, 1])
torch.Size([64, 1])
torch.Size([64, 1])
torch.Size([64, 1])
torch.Size([64, 1])
torch.Size([64, 1])
torch.Size([64, 1])
torch.Size([64, 1])
torch.Size([64, 1])
torch.Size([64, 1])
torch.Size([64, 1])
torch.Size([64, 1])
torch.Size([64, 1])
torch.Size([64, 1])
torch.Size([64, 1])
torch.Size([64, 1])
torch.Size([64, 1])
torch.Size([64, 1])
torch.Size([64, 1])
torch.Size([64, 1])
torch.Size([64, 1])
torch.Size([64, 1])
torch.Size([64, 1])
torch.Size([64, 1])
torch.Size([64, 1])
torch.Size([64, 1])
torch.Size([64, 1])
torch.Size([64, 1])
torch.Size([64, 1])
torch.Size([64, 1])
torch.Size([64, 1])
torch.Size([64, 1])
torch.Size([64, 1])
torch.Size([64, 1])
torch.Size([64, 1])
torch.Size([64, 1])
torch.Size([64, 1])
torch.Size([64, 1])
torch.Size([64, 1])
torch.Size([64, 1])
torch.Size([64, 1])
torch.Size([64, 1])
torch.Size([64, 1])
torch.Size([64, 1])
torch.Size([64, 1])
torch.Size([64, 1])
torch.Size([64, 1])
torch.Size([64, 1])
torch.Size([64, 1])
torch.Size([64, 1])
torch.Size([64, 1])
torch.Size([64, 1])
torch.Size([64, 1])
torch.Size([64, 1])
torch.Size([64, 1])
torch.Size([64, 1])
torch.Size([64, 1])
torch.Size([64, 1])
torch.Size([64, 1])
torch.Size([64, 1])
torch.Size([64, 1])
torch.Size([64, 1])
torch.Size([64, 1])
torch.Size([64, 1])
torch.Size([64, 1])
torch.Size([64, 1])
torch.Size([64, 1])
torch.Size([64, 1])
torch.Size([64, 1])
torch.Size([64, 1])
torch.Size([64, 1])
torch.Size([64, 1])
torch.Size([64, 1])
torch.Size([64, 1])
torch.Size([64, 1])
torch.Size([64, 1])
torch.Size([64, 1])
torch.Size([64, 1])
torch.Size([64, 1])
torch.Size([64, 1])
torch.Size([64, 1])
torch.Size([64, 1])
torch.Size([64, 1])
torch.Size([64, 1])
torch.Size([64, 1])
torch.Size([64, 1])
torch.Size([64, 1])
torch.Size([64, 1])
torch.Size([64, 1])
torch.Size([64, 1])
torch.Size([64, 1])
torch.Size([64, 1])
torch.Size([64, 1])
torch.Size([64, 1])
torch.Size([64, 1])
torch.Size([64, 1])
torch.Size([64, 1])
torch.Size([64, 1])
torch.Size([64, 1])
torch.Size([64, 1])
torch.Size([64, 1])
torch.Size([64, 1])
torch.Size([64, 1])
torch.Size([64, 1])
torch.Size([64, 1])
torch.Size([64, 1])
torch.Size([64, 1])
torch.Size([64, 1])
torch.Size([64, 1])
torch.Size([64, 1])
torch.Size([64, 1])
torch.Size([64, 1])
torch.Size([64, 1])
torch.Size([64, 1])
torch.Size([64, 1])
torch.Size([64, 1])
torch.Size([64, 1])
torch.Size([64, 1])
torch.Size([64, 1])
torch.Size([64, 1])
torch.Size([64, 1])
torch.Size([64, 1])
torch.Size([64, 1])
torch.Size([64, 1])
torch.Size([64, 1])
torch.Size([64, 1])
torch.Size([64, 1])
torch.Size([64, 1])
torch.Size([64, 1])
torch.Size([64, 1])
torch.Size([64, 1])
torch.Size([64, 1])
torch.Size([64, 1])
torch.Size([64, 1])
torch.Size([64, 1])
torch.Size([64, 1])
torch.Size([64, 1])
torch.Size([64, 1])
torch.Size([64, 1])
torch.Size([64, 1])
torch.Size([64, 1])
torch.Size([64, 1])
torch.Size([64, 1])
torch.Size([64, 1])
torch.Size([64, 1])
torch.Size([64, 1])
torch.Size([64, 1])
torch.Size([64, 1])
torch.Size([64, 1])
torch.Size([64, 1])
torch.Size([64, 1])
torch.Size([64, 1])
torch.Size([64, 1])
torch.Size([64, 1])
torch.Size([64, 1])
torch.Size([64, 1])
torch.Size([64, 1])
torch.Size([64, 1])
torch.Size([64, 1])
torch.Size([64, 1])
torch.Size([64, 1])
torch.Size([64, 1])
torch.Size([64, 1])
torch.Size([64, 1])
torch.Size([64, 1])
torch.Size([64, 1])
torch.Size([64, 1])
torch.Size([64, 1])
torch.Size([64, 1])
torch.Size([64, 1])
torch.Size([64, 1])
torch.Size([64, 1])
torch.Size([64, 1])
torch.Size([64, 1])
torch.Size([64, 1])
torch.Size([64, 1])
torch.Size([64, 1])
torch.Size([64, 1])
torch.Size([64, 1])
torch.Size([64, 1])
torch.Size([64, 1])
torch.Size([64, 1])
torch.Size([64, 1])
torch.Size([64, 1])
torch.Size([64, 1])
torch.Size([64, 1])
torch.Size([64, 1])
torch.Size([64, 1])
torch.Size([64, 1])
torch.Size([64, 1])
torch.Size([64, 1])
torch.Size([64, 1])
torch.Size([64, 1])
torch.Size([64, 1])
torch.Size([64, 1])
torch.Size([64, 1])
torch.Size([64, 1])
torch.Size([64, 1])
torch.Size([64, 1])
torch.Size([64, 1])
torch.Size([64, 1])
Epoch [45/45] | Train Loss: 0.6835 | Train Acc: 0.5825 | Val Loss: 0.6719 | Val Acc: 0.4844
[EVAL With Shadows] AUC=0.4217  F1=0.1379  Acc=0.4792  CSI=0.0741
Traceback (most recent call last):
  File "/home/amaci003/research/TornadoQ/TornadoQ/HPC/full_pipeline_NOAA_dataset.py", line 152, in <module>
    eval_and_plot(model,
  File "/home/amaci003/research/TornadoQ/TornadoQ/src/tornadoq/loadSaveEval.py", line 190, in eval_and_plot
    plot_confusion(cm,
  File "/home/amaci003/research/TornadoQ/TornadoQ/src/tornadoq/loadSaveEval.py", line 98, in plot_confusion
    plt.savefig(filename)
  File "/opt/conda/lib/python3.10/site-packages/matplotlib/pyplot.py", line 1228, in savefig
    res = fig.savefig(*args, **kwargs)  # type: ignore[func-returns-value]
  File "/opt/conda/lib/python3.10/site-packages/matplotlib/figure.py", line 3395, in savefig
    self.canvas.print_figure(fname, **kwargs)
  File "/opt/conda/lib/python3.10/site-packages/matplotlib/backend_bases.py", line 2204, in print_figure
    result = print_method(
  File "/opt/conda/lib/python3.10/site-packages/matplotlib/backend_bases.py", line 2054, in <lambda>
    print_method = functools.wraps(meth)(lambda *args, **kwargs: meth(
  File "/opt/conda/lib/python3.10/site-packages/matplotlib/backends/backend_agg.py", line 496, in print_png
    self._print_pil(filename_or_obj, "png", pil_kwargs, metadata)
  File "/opt/conda/lib/python3.10/site-packages/matplotlib/backends/backend_agg.py", line 445, in _print_pil
    mpl.image.imsave(
  File "/opt/conda/lib/python3.10/site-packages/matplotlib/image.py", line 1676, in imsave
    image.save(fname, **pil_kwargs)
  File "/opt/conda/lib/python3.10/site-packages/PIL/Image.py", line 2456, in save
    fp = builtins.open(filename, "w+b")
FileNotFoundError: [Errno 2] No such file or directory: '/home/amaci003/research/TornadoQ/TornadoQ/HPC/images/EVAL_With_Shadowsconfusion_matrix_percent_data0.2.png'
